02-23 14:21:49.837  1469  1469 E audit   : type=1400 audit(1740338509.831:48176): avc:  granted  { execute } for  pid=29916 comm="SDLThread" path="/data/data/org.jinlover.youtubepipsubtitle/files/app/_python_bundle/modules/binascii.cpython-311.so" dev="dm-58" ino=816472 scontext=u:r:untrusted_app_32:s0:c52,c258,c512,c768 tcontext=u:object_r:app_data_file:s0:c52,c258,c512,c768 tclass=file SEPF_SM-S911N_13_0001 audit_filtered
02-23 14:21:49.841  1469  1469 E audit   : type=1400 audit(1740338509.835:48177): avc:  granted  { execute } for  pid=29916 comm="SDLThread" path="/data/data/org.jinlover.youtubepipsubtitle/files/app/_python_bundle/modules/_contextvars.cpython-311.so" dev="dm-58" ino=816082 scontext=u:r:untrusted_app_32:s0:c52,c258,c512,c768 tcontext=u:object_r:app_data_file:s0:c52,c258,c512,c768 tclass=file SEPF_SM-S911N_13_0001 audit_filtered
02-23 14:21:49.842  1469  1469 E audit   : type=1400 audit(1740338509.835:48178): avc:  granted  { execute } for  pid=29916 comm="SDLThread" path="/data/data/org.jinlover.youtubepipsubtitle/files/app/_python_bundle/modules/_asyncio.cpython-311.so" dev="dm-58" ino=816052 scontext=u:r:untrusted_app_32:s0:c52,c258,c512,c768 tcontext=u:object_r:app_data_file:s0:c52,c258,c512,c768 tclass=file SEPF_SM-S911N_13_0001 audit_filtered
02-23 14:21:49.853  1469  1469 E audit   : type=1400 audit(1740338509.847:48179): avc:  granted  { execute } for  pid=29916 comm="SDLThread" path="/data/data/org.jinlover.youtubepipsubtitle/files/app/_python_bundle/site-packages/kivy/_event.so" dev="dm-58" ino=817199 scontext=u:r:untrusted_app_32:s0:c52,c258,c512,c768 tcontext=u:object_r:app_data_file:s0:c52,c258,c512,c768 tclass=file SEPF_SM-S911N_13_0001 audit_filtered
02-23 14:21:49.854  1469  1469 E audit   : type=1400 audit(1740338509.847:48180): avc:  granted  { execute } for  pid=29916 comm="SDLThread" path="/data/data/org.jinlover.youtubepipsubtitle/files/app/_python_bundle/site-packages/kivy/properties.so" dev="dm-58" ino=817753 scontext=u:r:untrusted_app_32:s0:c52,c258,c512,c768 tcontext=u:object_r:app_data_file:s0:c52,c258,c512,c768 tclass=file SEPF_SM-S911N_13_0001 audit_filtered
02-23 14:21:49.855  1469  1469 E audit   : type=1400 audit(1740338509.847:48181): avc:  granted  { execute } for  pid=29916 comm="SDLThread" path="/data/data/org.jinlover.youtubepipsubtitle/files/app/_python_bundle/site-packages/kivy/_metrics.so" dev="dm-58" ino=817200 scontext=u:r:untrusted_app_32:s0:c52,c258,c512,c768 tcontext=u:object_r:app_data_file:s0:c52,c258,c512,c768 tclass=file SEPF_SM-S911N_13_0001 audit_filtered
02-23 14:21:49.856  1469  1469 E audit   : type=1400 audit(1740338509.851:48182): avc:  granted  { execute } for  pid=29916 comm="SDLThread" path="/data/data/org.jinlover.youtubepipsubtitle/files/app/_python_bundle/site-packages/kivy/weakproxy.so" dev="dm-58" ino=818387 scontext=u:r:untrusted_app_32:s0:c52,c258,c512,c768 tcontext=u:object_r:app_data_file:s0:c52,c258,c512,c768 tclass=file SEPF_SM-S911N_13_0001 audit_filtered
02-23 14:21:49.859 29916 29952 I python  : [INFO   ] [Factory     ] 195 symbols loaded
02-23 14:21:49.871  2553  3132 D SGM:GameManager: identifyForegroundApp. org.jinlover.youtubepipsubtitle, mCurrentUserId: 0, callerUserId: 0
02-23 14:21:49.872  2553  3132 D SGM:PkgDataHelper: getGamePkgData(). org.jinlover.youtubepipsubtitle
02-23 14:21:49.919  1469  1469 E audit   : type=1400 audit(1740338509.915:48183): avc:  granted  { execute } for  pid=29916 comm="SDLThread" path="/data/data/org.jinlover.youtubepipsubtitle/files/app/_python_bundle/site-packages/kivy/graphics/instructions.so" dev="dm-58" ino=817572 scontext=u:r:untrusted_app_32:s0:c52,c258,c512,c768 tcontext=u:object_r:app_data_file:s0:c52,c258,c512,c768 tclass=file SEPF_SM-S911N_13_0001 audit_filtered
02-23 14:21:49.920  1469  1469 E audit   : type=1400 audit(1740338509.915:48184): avc:  granted  { execute } for  pid=29916 comm="SDLThread" path="/data/data/org.jinlover.youtubepipsubtitle/files/app/_python_bundle/site-packages/kivy/graphics/buffer.so" dev="dm-58" ino=817527 scontext=u:r:untrusted_app_32:s0:c52,c258,c512,c768 tcontext=u:object_r:app_data_file:s0:c52,c258,c512,c768 tclass=file SEPF_SM-S911N_13_0001 audit_filtered
02-23 14:21:49.920  1469  1469 E audit   : type=1400 audit(1740338509.915:48185): avc:  granted  { execute } for  pid=29916 comm="SDLThread" path="/data/data/org.jinlover.youtubepipsubtitle/files/app/_python_bundle/site-packages/kivy/graphics/vertex.so" dev="dm-58" ino=817589 scontext=u:r:untrusted_app_32:s0:c52,c258,c512,c768 tcontext=u:object_r:app_data_file:s0:c52,c258,c512,c768 tclass=file SEPF_SM-S911N_13_0001 audit_filtered
02-23 14:21:49.921  1469  1469 E audit   : type=1400 audit(1740338509.915:48186): avc:  granted  { execute } for  pid=29916 comm="SDLThread" path="/data/data/org.jinlover.youtubepipsubtitle/files/app/_python_bundle/site-packages/kivy/graphics/cgl.so" dev="dm-58" ino=817530 scontext=u:r:untrusted_app_32:s0:c52,c258,c512,c768 tcontext=u:object_r:app_data_file:s0:c52,c258,c512,c768 tclass=file SEPF_SM-S911N_13_0001 audit_filtered
02-23 14:21:49.922  1469  1469 E audit   : type=1400 audit(1740338509.915:48187): avc:  granted  { execute } for  pid=29916 comm="SDLThread" path="/data/data/org.jinlover.youtubepipsubtitle/files/app/_python_bundle/site-packages/kivy/graphics/vbo.so" dev="dm-58" ino=817588 scontext=u:r:untrusted_app_32:s0:c52,c258,c512,c768 tcontext=u:object_r:app_data_file:s0:c52,c258,c512,c768 tclass=file SEPF_SM-S911N_13_0001 audit_filtered
02-23 14:21:49.923  1469  1469 E audit   : type=1400 audit(1740338509.915:48188): avc:  granted  { execute } for  pid=29916 comm="SDLThread" path="/data/data/org.jinlover.youtubepipsubtitle/files/app/_python_bundle/site-packages/kivy/graphics/compiler.so" dev="dm-58" ino=817561 scontext=u:r:untrusted_app_32:s0:c52,c258,c512,c768 tcontext=u:object_r:app_data_file:s0:c52,c258,c512,c768 tclass=file SEPF_SM-S911N_13_0001 audit_filtered
02-23 14:21:49.923  1469  1469 E audit   : type=1400 audit(1740338509.919:48189): avc:  granted  { execute } for  pid=29916 comm="SDLThread" path="/data/data/org.jinlover.youtubepipsubtitle/files/app/_python_bundle/site-packages/kivy/graphics/transformation.so" dev="dm-58" ino=817587 scontext=u:r:untrusted_app_32:s0:c52,c258,c512,c768 tcontext=u:object_r:app_data_file:s0:c52,c258,c512,c768 tclass=file SEPF_SM-S911N_13_0001 audit_filtered
02-23 14:21:49.924  1469  1469 E audit   : type=1400 audit(1740338509.919:48190): avc:  granted  { execute } for  pid=29916 comm="SDLThread" path="/data/data/org.jinlover.youtubepipsubtitle/files/app/_python_bundle/site-packages/kivy/graphics/shader.so" dev="dm-58" ino=817579 scontext=u:r:untrusted_app_32:s0:c52,c258,c512,c768 tcontext=u:object_r:app_data_file:s0:c52,c258,c512,c768 tclass=file SEPF_SM-S911N_13_0001 audit_filtered
02-23 14:21:49.925  1469  1469 E audit   : type=1400 audit(1740338509.919:48191): avc:  granted  { execute } for  pid=29916 comm="SDLThread" path="/data/data/org.jinlover.youtubepipsubtitle/files/app/_python_bundle/site-packages/kivy/graphics/texture.so" dev="dm-58" ino=817586 scontext=u:r:untrusted_app_32:s0:c52,c258,c512,c768 tcontext=u:object_r:app_data_file:s0:c52,c258,c512,c768 tclass=file SEPF_SM-S911N_13_0001 audit_filtered
02-23 14:21:49.926  1469  1469 E audit   : type=1400 audit(1740338509.919:48192): avc:  granted  { execute } for  pid=29916 comm="SDLThread" path="/data/data/org.jinlover.youtubepipsubtitle/files/app/_python_bundle/site-packages/kivy/graphics/context_instructions.so" dev="dm-58" ino=817566 scontext=u:r:untrusted_app_32:s0:c52,c258,c512,c768 tcontext=u:object_r:app_data_file:s0:c52,c258,c512,c768 tclass=file SEPF_SM-S911N_13_0001 audit_filtered
02-23 14:21:49.930  1469  1469 E audit   : type=1400 audit(1740338509.923:48193): avc:  granted  { execute } for  pid=29916 comm="SDLThread" path="/data/data/org.jinlover.youtubepipsubtitle/files/app/_python_bundle/modules/_bisect.cpython-311.so" dev="dm-58" ino=816054 scontext=u:r:untrusted_app_32:s0:c52,c258,c512,c768 tcontext=u:object_r:app_data_file:s0:c52,c258,c512,c768 tclass=file SEPF_SM-S911N_13_0001 audit_filtered
02-23 14:21:49.930  1469  1469 E audit   : type=1400 audit(1740338509.923:48194): avc:  granted  { execute } for  pid=29916 comm="SDLThread" path="/data/data/org.jinlover.youtubepipsubtitle/files/app/_python_bundle/modules/_random.cpython-311.so" dev="dm-58" ino=816414 scontext=u:r:untrusted_app_32:s0:c52,c258,c512,c768 tcontext=u:object_r:app_data_file:s0:c52,c258,c512,c768 tclass=file SEPF_SM-S911N_13_0001 audit_filtered
02-23 14:21:49.930  1469  1469 E audit   : type=1400 audit(1740338509.923:48195): avc:  granted  { execute } for  pid=29916 comm="SDLThread" path="/data/data/org.jinlover.youtubepipsubtitle/files/app/_python_bundle/modules/_sha512.cpython-311.so" dev="dm-58" ino=816429 scontext=u:r:untrusted_app_32:s0:c52,c258,c512,c768 tcontext=u:object_r:app_data_file:s0:c52,c258,c512,c768 tclass=file SEPF_SM-S911N_13_0001 audit_filtered
02-23 14:21:49.934  1469  1469 E audit   : type=1400 audit(1740338509.927:48196): avc:  granted  { execute } for  pid=29916 comm="SDLThread" path="/data/data/org.jinlover.youtubepipsubtitle/files/app/_python_bundle/modules/_json.cpython-311.so" dev="dm-58" ino=816396 scontext=u:r:untrusted_app_32:s0:c52,c258,c512,c768 tcontext=u:object_r:app_data_file:s0:c52,c258,c512,c768 tclass=file SEPF_SM-S911N_13_0001 audit_filtered
02-23 14:21:49.938  1469  1469 E audit   : type=1400 audit(1740338509.931:48197): avc:  granted  { execute } for  pid=29916 comm="SDLThread" path="/data/data/org.jinlover.youtubepipsubtitle/files/app/_python_bundle/modules/_lzma.cpython-311.so" dev="dm-58" ino=816398 scontext=u:r:untrusted_app_32:s0:c52,c258,c512,c768 tcontext=u:object_r:app_data_file:s0:c52,c258,c512,c768 tclass=file SEPF_SM-S911N_13_0001 audit_filtered
02-23 14:21:49.941  1469  1469 E audit   : type=1400 audit(1740338509.935:48198): avc:  granted  { execute } for  pid=29916 comm="SDLThread" path="/data/data/org.jinlover.youtubepipsubtitle/files/app/_python_bundle/site-packages/kivy/core/image/_img_sdl2.so" dev="dm-58" ino=817296 scontext=u:r:untrusted_app_32:s0:c52,c258,c512,c768 tcontext=u:object_r:app_data_file:s0:c52,c258,c512,c768 tclass=file SEPF_SM-S911N_13_0001 audit_filtered
02-23 14:21:49.942 29916 29952 I python  : [INFO   ] [Image       ] Providers: img_tex, img_dds, img_sdl2 (img_pil, img_ffpyplayer ignored)
02-23 14:21:49.943  1469  1469 E audit   : type=1400 audit(1740338509.935:48199): avc:  granted  { execute } for  pid=29916 comm="SDLThread" path="/data/data/org.jinlover.youtubepipsubtitle/files/app/_python_bundle/site-packages/kivy/graphics/fbo.so" dev="dm-58" ino=817569 scontext=u:r:untrusted_app_32:s0:c52,c258,c512,c768 tcontext=u:object_r:app_data_file:s0:c52,c258,c512,c768 tclass=file SEPF_SM-S911N_13_0001 audit_filtered
02-23 14:21:49.944  1469  1469 E audit   : type=1400 audit(1740338509.939:48200): avc:  granted  { execute } for  pid=29916 comm="SDLThread" path="/data/data/org.jinlover.youtubepipsubtitle/files/app/_python_bundle/site-packages/kivy/graphics/context.so" dev="dm-58" ino=817562 scontext=u:r:untrusted_app_32:s0:c52,c258,c512,c768 tcontext=u:object_r:app_data_file:s0:c52,c258,c512,c768 tclass=file SEPF_SM-S911N_13_0001 audit_filtered
02-23 14:21:49.944  1469  1469 E audit   : type=1400 audit(1740338509.939:48201): avc:  granted  { execute } for  pid=29916 comm="SDLThread" path="/data/data/org.jinlover.youtubepipsubtitle/files/app/_python_bundle/site-packages/kivy/graphics/stencil_instructions.so" dev="dm-58" ino=817582 scontext=u:r:untrusted_app_32:s0:c52,c258,c512,c768 tcontext=u:object_r:app_data_file:s0:c52,c258,c512,c768 tclass=file SEPF_SM-S911N_13_0001 audit_filtered
02-23 14:21:49.945  1469  1469 E audit   : type=1400 audit(1740338509.939:48202): avc:  granted  { execute } for  pid=29916 comm="SDLThread" path="/data/data/org.jinlover.youtubepipsubtitle/files/app/_python_bundle/site-packages/kivy/graphics/opengl.so" dev="dm-58" ino=817576 scontext=u:r:untrusted_app_32:s0:c52,c258,c512,c768 tcontext=u:object_r:app_data_file:s0:c52,c258,c512,c768 tclass=file SEPF_SM-S911N_13_0001 audit_filtered
02-23 14:21:49.946  1469  1469 E audit   : type=1400 audit(1740338509.939:48203): avc:  granted  { execute } for  pid=29916 comm="SDLThread" path="/data/data/org.jinlover.youtubepipsubtitle/files/app/_python_bundle/site-packages/kivy/graphics/opengl_utils.so" dev="dm-58" ino=817577 scontext=u:r:untrusted_app_32:s0:c52,c258,c512,c768 tcontext=u:object_r:app_data_file:s0:c52,c258,c512,c768 tclass=file SEPF_SM-S911N_13_0001 audit_filtered
02-23 14:21:49.949  1469  1469 E audit   : type=1400 audit(1740338509.943:48204): avc:  granted  { execute } for  pid=29916 comm="SDLThread" path="/data/data/org.jinlover.youtubepipsubtitle/files/app/_python_bundle/site-packages/kivy/graphics/vertex_instructions.so" dev="dm-58" ino=817590 scontext=u:r:untrusted_app_32:s0:c52,c258,c512,c768 tcontext=u:object_r:app_data_file:s0:c52,c258,c512,c768 tclass=file SEPF_SM-S911N_13_0001 audit_filtered
02-23 14:21:49.950  1469  1469 E audit   : type=1400 audit(1740338509.943:48205): avc:  granted  { execute } for  pid=29916 comm="SDLThread" path="/data/data/org.jinlover.youtubepipsubtitle/files/app/_python_bundle/site-packages/kivy/graphics/gl_instructions.so" dev="dm-58" ino=817570 scontext=u:r:untrusted_app_32:s0:c52,c258,c512,c768 tcontext=u:object_r:app_data_file:s0:c52,c258,c512,c768 tclass=file SEPF_SM-S911N_13_0001 audit_filtered
02-23 14:21:49.951  1469  1469 E audit   : type=1400 audit(1740338509.943:48206): avc:  granted  { execute } for  pid=29916 comm="SDLThread" path="/data/data/org.jinlover.youtubepipsubtitle/files/app/_python_bundle/site-packages/kivy/graphics/boxshadow.so" dev="dm-58" ino=817526 scontext=u:r:untrusted_app_32:s0:c52,c258,c512,c768 tcontext=u:object_r:app_data_file:s0:c52,c258,c512,c768 tclass=file SEPF_SM-S911N_13_0001 audit_filtered
02-23 14:21:49.951  1469  1469 E audit   : type=1400 audit(1740338509.947:48207): avc:  granted  { execute } for  pid=29916 comm="SDLThread" path="/data/data/org.jinlover.youtubepipsubtitle/files/app/_python_bundle/site-packages/kivy/graphics/scissor_instructions.so" dev="dm-58" ino=817578 scontext=u:r:untrusted_app_32:s0:c52,c258,c512,c768 tcontext=u:object_r:app_data_file:s0:c52,c258,c512,c768 tclass=file SEPF_SM-S911N_13_0001 audit_filtered
02-23 14:21:49.953  1742  1833 D RenderEngine: [SEC_GC_CMN_SF_EFFECTS] drawLayersInternal,1279, Rendering layer Background for SurfaceView[org.jinlover.youtubepipsubtitle/org.kivy.android.PythonActivity]@0#57314 at index 1
02-23 14:21:49.953  1742  1833 D RenderEngine: [SEC_GC_CMN_SF_EFFECTS] drawLayersInternal,1279, Rendering layer org.jinlover.youtubepipsubtitle/org.kivy.android.PythonActivity$_29916#57308 at index 2
02-23 14:21:49.954  1469  1469 E audit   : type=1400 audit(1740338509.947:48208): avc:  granted  { execute } for  pid=29916 comm="SDLThread" path="/data/data/org.jinlover.youtubepipsubtitle/files/app/_python_bundle/site-packages/kivy/core/text/text_layout.so" dev="dm-58" ino=817329 scontext=u:r:untrusted_app_32:s0:c52,c258,c512,c768 tcontext=u:object_r:app_data_file:s0:c52,c258,c512,c768 tclass=file SEPF_SM-S911N_13_0001 audit_filtered
02-23 14:21:49.955  1469  1469 E audit   : type=1400 audit(1740338509.951:48209): avc:  granted  { execute } for  pid=29916 comm="SDLThread" path="/data/data/org.jinlover.youtubepipsubtitle/files/app/_python_bundle/site-packages/kivy/core/text/_text_sdl2.so" dev="dm-58" ino=817327 scontext=u:r:untrusted_app_32:s0:c52,c258,c512,c768 tcontext=u:object_r:app_data_file:s0:c52,c258,c512,c768 tclass=file SEPF_SM-S911N_13_0001 audit_filtered
02-23 14:21:49.956 29916 29952 I python  : [INFO   ] [Text        ] Provider: sdl2
02-23 14:21:49.960  1469  1469 E audit   : type=1400 audit(1740338509.955:48210): avc:  granted  { execute } for  pid=29916 comm="SDLThread" path="/data/data/org.jinlover.youtubepipsubtitle/files/app/_python_bundle/modules/_decimal.cpython-311.so" dev="dm-58" ino=816094 scontext=u:r:untrusted_app_32:s0:c52,c258,c512,c768 tcontext=u:object_r:app_data_file:s0:c52,c258,c512,c768 tclass=file SEPF_SM-S911N_13_0001 audit_filtered
02-23 14:21:49.967 29916 29952 I python  :  Traceback (most recent call last):
02-23 14:21:49.967 29916 29952 I python  :    File "/Users/taeyoung/Desktop/Programming/Python/youtube_pip_subtitle/.buildozer/android/app/main.py", line 89, in check_permissions
02-23 14:21:49.967 29916 29952 I python  :  ModuleNotFoundError: No module named 'android.logger'
02-23 14:21:49.967 29916 29952 I python  :  
02-23 14:21:49.967 29916 29952 I python  :  During handling of the above exception, another exception occurred:
02-23 14:21:49.967 29916 29952 I python  :  
02-23 14:21:49.967 29916 29952 I python  :  Traceback (most recent call last):
02-23 14:21:49.967 29916 29952 I python  :    File "/Users/taeyoung/Desktop/Programming/Python/youtube_pip_subtitle/.buildozer/android/app/main.py", line 310, in <module>
02-23 14:21:49.967 29916 29952 I python  :    File "/Users/taeyoung/Desktop/Programming/Python/youtube_pip_subtitle/.buildozer/android/platform/build-arm64-v8a/build/python-installs/youtubepipsubtitle/arm64-v8a/kivy/app.py", line 955, in run
02-23 14:21:49.967 29916 29952 I python  :    File "/Users/taeyoung/Desktop/Programming/Python/youtube_pip_subtitle/.buildozer/android/platform/build-arm64-v8a/build/python-installs/youtubepipsubtitle/arm64-v8a/kivy/app.py", line 925, in _run_prepare
02-23 14:21:49.967 29916 29952 I python  :    File "/Users/taeyoung/Desktop/Programming/Python/youtube_pip_subtitle/.buildozer/android/app/main.py", line 304, in build
02-23 14:21:49.967 29916 29952 I python  :    File "/Users/taeyoung/Desktop/Programming/Python/youtube_pip_subtitle/.buildozer/android/app/main.py", line 141, in check_permissions
02-23 14:21:49.967 29916 29952 I python  :  UnboundLocalError: cannot access local variable 'error' where it is not associated with a value
02-23 14:21:49.967 29916 29952 I python  : Python for android ended.
02-23 14:21:50.061  2553  6379 I ImeTracker: org.jinlover.youtubepipsubtitle:12cfedb4: onRequestHide at ORIGIN_SERVER_HIDE_INPUT reason HIDE_REMOVE_CLIENT
02-23 14:21:50.061  1742  1827 I SurfaceFlinger: id=57311 Removed Bounds for - org.jinlover.youtubepipsubtitle/org.kivy.android.PythonActivity@0#57311 (269)
02-23 14:21:50.061  1742  1827 I SurfaceFlinger: id=57312 Removed SurfaceView[org.jinlover.youtubepipsubtitle/org.kivy.android.PythonActivity]@0#57312 (269)
02-23 14:21:50.061  1742  1827 I SurfaceFlinger: id=57313 Removed SurfaceView[org.jinlover.youtubepipsubtitle/org.kivy.android.PythonActivity]@0(BLAST)#57313 (269)
02-23 14:21:50.061  1742  1827 I SurfaceFlinger: id=57314 Removed Background for SurfaceView[org.jinlover.youtubepipsubtitle/org.kivy.android.PythonActivity]@0#57314 (269)
02-23 14:21:50.061  2553  6379 I ImeTracker: org.jinlover.youtubepipsubtitle:12cfedb4: onCancelled at PHASE_SERVER_SHOULD_HIDE
02-23 14:21:50.061  2553  7549 I WindowManager: WIN DEATH: Window{f31646c u0 org.jinlover.youtubepipsubtitle/org.kivy.android.PythonActivity}
02-23 14:21:50.062  2553  7566 I ActivityManager: Process org.jinlover.youtubepipsubtitle (pid 29916) has died: fg  TOP (138,960)
02-23 14:21:50.062  2553  7549 W InputManager-JNI: Input channel object 'f31646c org.jinlover.youtubepipsubtitle/org.kivy.android.PythonActivity (client)' was disposed without first being removed with the input manager!
02-23 14:21:50.062  2553  7549 V WindowManager: Remove Window{f31646c u0 org.jinlover.youtubepipsubtitle/org.kivy.android.PythonActivity}: mSurfaceController=Surface(name=org.jinlover.youtubepipsubtitle/org.kivy.android.PythonActivity$_29916)/@0x6c4b6a9 mAnimatingExit=false mRemoveOnExit=false mHasSurface=true surfaceShowing=true animating=false app-animation=false mDisplayFrozen=false callers=com.android.server.wm.WindowState$DeathRecipient.binderDied:3698 android.os.IBinder$DeathRecipient.binderDied:325 android.os.BinderProxy.sendDeathNotice:781 <bottom of call stack> <bottom of call stack> <bottom of call stack> 
02-23 14:21:50.063  2553  7549 I WindowManager: Destroying surface Surface(name=org.jinlover.youtubepipsubtitle/org.kivy.android.PythonActivity$_29916)/@0x6c4b6a9 called by com.android.server.wm.WindowStateAnimator.destroySurface:811 com.android.server.wm.WindowStateAnimator.destroySurfaceLocked:478 com.android.server.wm.WindowState.removeImmediately:2958 com.android.server.wm.WindowState.removeIfPossible:3226 com.android.server.wm.WindowState$DeathRecipient.binderDied:3698 android.os.IBinder$DeathRecipient.binderDied:325 android.os.BinderProxy.sendDeathNotice:781 <bottom of call stack> 
02-23 14:21:50.065  2553  7549 D WindowManager: updateSystemBarAttributes: displayId=0, win=Window{f31646c u0 org.jinlover.youtubepipsubtitle/org.kivy.android.PythonActivity}, navColorWin=null, focusedCanBeNavColorWin=false, behavior=1, appearance=0, statusBarAppearanceRegions=[], requestedVisibilities=-9, from=com.android.server.wm.DisplayPolicy.finishPostLayoutPolicyLw:2339 com.android.server.wm.DisplayContent.applySurfaceChangesTransaction:6181 com.android.server.wm.RootWindowContainer.applySurfaceChangesTransaction:1183 
02-23 14:21:50.065  3966  3966 D SamsungLightBarControlHelper: onStatusBarAppearanceChanged() -  sbModeChanged:false, statusBarMode:0, barState:MODE_TRANSPARENT, isKeyguardShowing:false, navbarColorManagedByIme:false, stackAppearanceChanged:true, (), packageName:org.jinlover.youtubepipsubtitle
02-23 14:21:50.066  2553  7549 V WindowManager: Changing focus from Window{f31646c u0 org.jinlover.youtubepipsubtitle/org.kivy.android.PythonActivity} to null displayId=0 Callers=com.android.server.wm.RootWindowContainer.updateFocusedWindowLocked:581 com.android.server.wm.WindowManagerService.updateFocusedWindowLocked:6910 com.android.server.wm.WindowState.removeIfPossible:3248 com.android.server.wm.WindowState$DeathRecipient.binderDied:3698 
02-23 14:21:50.068  2553  7566 W ActivityTaskManager: Force removing ActivityRecord{7ec8920 u0 org.jinlover.youtubepipsubtitle/org.kivy.android.PythonActivity t41958}: app died, no saved state
02-23 14:21:50.069  2553  7566 V WindowManager: Collecting in transition 3420: Task{3e52d9 #41958 type=standard A=10564:org.jinlover.youtubepipsubtitle}, caller=com.android.server.wm.Transition.collect:753 com.android.server.wm.Transition.collectExistenceChange:936 com.android.server.wm.TransitionController.collectExistenceChange:1025 com.android.server.wm.TransitionController.requestCloseTransitionIfNeeded:963 com.android.server.wm.ActivityRecord.handleAppDied:5182 
02-23 14:21:50.069  2553  7566 V WindowManager: Collecting in transition 3420: ActivityRecord{7ec8920 u0 org.jinlover.youtubepipsubtitle/org.kivy.android.PythonActivity t41958 f}}, caller=com.android.server.wm.Transition.collect:753 com.android.server.wm.TransitionController.collect:975 com.android.server.wm.ActivityRecord.onRemovedFromDisplay:5272 com.android.server.wm.DisplayContent.removeAppToken:1892 com.android.server.wm.ActivityRecord.removeFromHistory:4899 
02-23 14:21:50.069  3966  4015 V WindowManagerShell: Transition requested: android.os.BinderProxy@b69f03a TransitionRequestInfo { type = CLOSE, triggerTask = TaskInfo{userId=0 taskId=41958 displayId=0 isRunning=true baseIntent=Intent { act=android.intent.action.MAIN cat=[android.intent.category.LAUNCHER] flg=0x10200000 cmp=org.jinlover.youtubepipsubtitle/org.kivy.android.PythonActivity } baseActivity=ComponentInfo{org.jinlover.youtubepipsubtitle/org.kivy.android.PythonActivity} topActivity=ComponentInfo{org.jinlover.youtubepipsubtitle/org.kivy.android.PythonActivity} origActivity=null realActivity=ComponentInfo{org.jinlover.youtubepipsubtitle/org.kivy.android.PythonActivity} numActivities=1 lastActiveTime=196709533 supportsMultiWindow=true resizeMode=1 isResizeable=true minWidth=-1 minHeight=-1 maxWidth=-1 maxHeight=-1 defaultMinSize=220 token=WCT{android.window.IWindowContainerToken$Stub$Proxy@a2924eb} topActivityType=1 pictureInPictureParams=null shouldDockBigOverlays=false launchIntoPipHostTaskId=-1 lastParentTaskIdBeforePip=-1 displayCutoutSafeInsets=Rect(0, 81 - 0, 0) topActivityInfo=ActivityInfo{5868248 org.kivy.android.PythonActivity} launchCookies=[android.os.BinderProxy@5e9013d] positionInParent=Point(0, 0) parentTaskId=-1 isFocused=true isVisible=true isVisibleRequested=true isSleeping=false topActivityInSizeCompat=false topActivityEligibleForLetterboxEducation= false topActivityLetterboxed= false isFromDoubleTap= false topActivityLetterboxVerticalPosition= -1 topActivityLetterboxHorizontalPosition= -1 topActivityLetterboxWidth=-1 topActivityLetterboxHeight=-1 locusId=null displayAreaFeatureId=1 cameraCompatControlState=hidden originallySupportedMultiWindow=true hasWallpaper=false topActivityInFixedAspectRatio=false rootAffinity=10564:org.jinlover.youtubepipsubtitle topActivityInDisplayCompat=false topActivityInBoundsCompat=false topActivityBounds=null singleTapFromLetterbox=false isTopTaskInStage=false topActivityUiMode=33 CoverLauncherWidgetTask=false CoverScreenTask=false isAllowedSeamlessRotation=false isTopTransparentActivity=false hasPopOver=false}, remoteTransition = null, displayChange = null }
02-23 14:21:50.085  2553  4060 D SGM:GameManager: identifyForegroundApp. org.jinlover.youtubepipsubtitle, mCurrentUserId: 0, callerUserId: 0
02-23 14:21:50.085  2553  4060 D SGM:PkgDataHelper: getGamePkgData(). org.jinlover.youtubepipsubtitle
02-23 14:21:50.101  2553  3133 V WindowManager: Start calculating TransitionInfo based on participants: {Task{3e52d9 #41958 type=standard A=10564:org.jinlover.youtubepipsubtitle}, WallpaperWindowToken{2e0d098 token=android.os.Binder@abc0275}, ActivityRecord{7ec8920 u0 org.jinlover.youtubepipsubtitle/org.kivy.android.PythonActivity t41958 f} isExiting}, ActivityRecord{93cc88f u0 com.sec.android.app.launcher/.activities.LauncherActivity t41511}}
02-23 14:21:50.101  2553  3133 V WindowManager:   Final targets: [Task{3e52d9 #41958 type=standard A=10564:org.jinlover.youtubepipsubtitle}, Task{5a9adec #1 type=home}]
02-23 14:21:50.102  2553  3133 W WindowManager: Failed to take screenshot. No visible windows for Task{3e52d9 #41958 type=standard A=10564:org.jinlover.youtubepipsubtitle}
02-23 14:21:50.102  2553  3133 V WindowManager:         {WCT{RemoteToken{bbdfb29 Task{3e52d9 #41958 type=standard A=10564:org.jinlover.youtubepipsubtitle}}} m=CLOSE f=TRANSLUCENT|EDGE_EXTENSION_RESTRICTION leash=Surface(name=Task=41958)/@0xb6cfe62 sb=Rect(0, 0 - 1080, 2340) eb=Rect(0, 0 - 1080, 2340) d=0 inset=Rect(0, 0 - 0, 0)},
02-23 14:21:50.103  2553  3129 V WindowManager: Sent Transition #3420 createdAt=02-23 14:21:50.068 via request=TransitionRequestInfo { type = CLOSE, triggerTask = TaskInfo{userId=0 taskId=41958 displayId=0 isRunning=true baseIntent=Intent { act=android.intent.action.MAIN cat=[android.intent.category.LAUNCHER] flg=0x10200000 cmp=org.jinlover.youtubepipsubtitle/org.kivy.android.PythonActivity } baseActivity=ComponentInfo{org.jinlover.youtubepipsubtitle/org.kivy.android.PythonActivity} topActivity=ComponentInfo{org.jinlover.youtubepipsubtitle/org.kivy.android.PythonActivity} origActivity=null realActivity=ComponentInfo{org.jinlover.youtubepipsubtitle/org.kivy.android.PythonActivity} numActivities=1 lastActiveTime=196709533 supportsMultiWindow=true resizeMode=1 isResizeable=true minWidth=-1 minHeight=-1 maxWidth=-1 maxHeight=-1 defaultMinSize=220 token=WCT{RemoteToken{bbdfb29 Task{3e52d9 #41958 type=standard A=10564:org.jinlover.youtubepipsubtitle}}} topActivityType=1 pictureInPictureParams=null shouldDockBigOverlays=false launchIntoPipHostTaskId=-1 lastParentTaskIdBeforePip=-1 displayCutoutSafeInsets=Rect(0, 81 - 0, 0) topActivityInfo=ActivityInfo{bcdd7dc org.kivy.android.PythonActivity} launchCookies=[android.os.BinderProxy@e9220e5] positionInParent=Point(0, 0) parentTaskId=-1 isFocused=true isVisible=true isVisibleRequested=true isSleeping=false topActivityInSizeCompat=false topActivityEligibleForLetterboxEducation= false topActivityLetterboxed= false isFromDoubleTap= false topActivityLetterboxVerticalPosition= -1 topActivityLetterboxHorizontalPosition= -1 topActivityLetterboxWidth=-1 topActivityLetterboxHeight=-1 locusId=null displayAreaFeatureId=1 cameraCompatControlState=hidden originallySupportedMultiWindow=true hasWallpaper=false topActivityInFixedAspectRatio=false rootAffinity=10564:org.jinlover.youtubepipsubtitle topActivityInDisplayCompat=false topActivityInBoundsCompat=false topActivityBounds=null singleTapFromLetterbox=false isTopTaskInStage=false topActivityUiMode=33 CoverLauncherWidgetTask=false CoverScreenTask=false isAllowedSeamlessRotation=false isTopTransparentActivity=false hasPopOver=false}, remoteTransition = null, displayChange = null }
02-23 14:21:50.103  2553  3129 V WindowManager:         {WCT{RemoteToken{bbdfb29 Task{3e52d9 #41958 type=standard A=10564:org.jinlover.youtubepipsubtitle}}} m=CLOSE f=TRANSLUCENT|EDGE_EXTENSION_RESTRICTION leash=Surface(name=Task=41958)/@0xb6cfe62 sb=Rect(0, 0 - 1080, 2340) eb=Rect(0, 0 - 1080, 2340) d=0 inset=Rect(0, 0 - 0, 0)},
02-23 14:21:50.103  1742  1742 I Layer   : Layer::reparent [org.jinlover.youtubepipsubtitle/org.kivy.android.PythonActivity$_29916#57308] newParentHandle : null -------------------------
02-23 14:21:50.103  1742  1742 I Layer   : id=57308 removeFromCurrentState org.jinlover.youtubepipsubtitle/org.kivy.android.PythonActivity$_29916#57308 (275)
02-23 14:21:50.103  1742  1742 I Layer   : id=57311 removeFromCurrentState Bounds for - org.jinlover.youtubepipsubtitle/org.kivy.android.PythonActivity@0#57311 (275)
02-23 14:21:50.103  1742  1742 I Layer   : id=57312 removeFromCurrentState SurfaceView[org.jinlover.youtubepipsubtitle/org.kivy.android.PythonActivity]@0#57312 (275)
02-23 14:21:50.103  1742  1742 I Layer   : id=57314 removeFromCurrentState Background for SurfaceView[org.jinlover.youtubepipsubtitle/org.kivy.android.PythonActivity]@0#57314 (275)
02-23 14:21:50.103  1742  1742 I Layer   : id=57313 removeFromCurrentState SurfaceView[org.jinlover.youtubepipsubtitle/org.kivy.android.PythonActivity]@0(BLAST)#57313 (275)
02-23 14:21:50.103  1742  1742 I Layer   : Layer::reparent [org.jinlover.youtubepipsubtitle/org.kivy.android.PythonActivity$_29916#57308] End -------------------------
02-23 14:21:50.103  1742  1742 I Layer   : Layer::reparent [f31646c org.jinlover.youtubepipsubtitle/org.kivy.android.PythonActivity#57307] newParentHandle : null -------------------------
02-23 14:21:50.103  1742  1742 I Layer   : id=57307 removeFromCurrentState f31646c org.jinlover.youtubepipsubtitle/org.kivy.android.PythonActivity#57307 (275)
02-23 14:21:50.103  1742  1742 I Layer   : Layer::reparent [f31646c org.jinlover.youtubepipsubtitle/org.kivy.android.PythonActivity#57307] End -------------------------
02-23 14:21:50.104  1742  1742 I SurfaceFlinger: id=57307 Removed f31646c org.jinlover.youtubepipsubtitle/org.kivy.android.PythonActivity#57307 (275)
02-23 14:21:50.104  1742  1742 I SurfaceFlinger: id=57308 Removed org.jinlover.youtubepipsubtitle/org.kivy.android.PythonActivity$_29916#57308 (275)
02-23 14:21:50.105  2553  3639 D InputDispatcher: Focus left window (0): f31646c org.jinlover.youtubepipsubtitle/org.kivy.android.PythonActivity
02-23 14:21:50.107  1742  1742 I Layer   : id=57307 Destroyed f31646c org.jinlover.youtubepipsubtitle/org.kivy.android.PythonActivity#57307
02-23 14:21:50.107  1742  1742 I Layer   : id=57308 Destroye