02-23 14:40:46.015 15323 15323 D nativeloader: Load libpython3.10.so using ns clns-4 from class loader (caller=/data/app/~~taC5Vt4lLBiSrh4zW5Cobg==/org.jinlover.youtubepipsubtitle-9ejPfPs4c03hMw5199LjQA==/base.apk!classes5.dex): dlopen failed: library "libpython3.10.so" not found
02-23 14:40:46.015 15323 15323 V pythonutil: Library loading error: dlopen failed: library "libpython3.10.so" not found
02-23 14:40:46.015 15323 15323 V pythonutil: Loading library: python3.11
02-23 14:40:46.016 15323 15323 D nativeloader: Load /data/app/~~taC5Vt4lLBiSrh4zW5Cobg==/org.jinlover.youtubepipsubtitle-9ejPfPs4c03hMw5199LjQA==/lib/arm64/libpython3.11.so using ns clns-4 from class loader (caller=/data/app/~~taC5Vt4lLBiSrh4zW5Cobg==/org.jinlover.youtubepipsubtitle-9ejPfPs4c03hMw5199LjQA==/base.apk!classes5.dex): ok
02-23 14:40:46.016 15323 15323 V pythonutil: Loading library: main
02-23 14:40:46.016 15323 15323 D nativeloader: Load /data/app/~~taC5Vt4lLBiSrh4zW5Cobg==/org.jinlover.youtubepipsubtitle-9ejPfPs4c03hMw5199LjQA==/lib/arm64/libmain.so using ns clns-4 from class loader (caller=/data/app/~~taC5Vt4lLBiSrh4zW5Cobg==/org.jinlover.youtubepipsubtitle-9ejPfPs4c03hMw5199LjQA==/base.apk!classes5.dex): ok
02-23 14:40:46.017 15323 15323 V pythonutil: Loaded everything!
02-23 14:40:46.029 15323 15323 V PythonActivity: Setting env vars for start.c and Python to use
02-23 14:40:46.029 15323 15323 V PythonActivity: Access to our meta-data...
02-23 14:40:46.029 15323 15323 I PythonActivity: Surface will NOT be transparent
02-23 14:40:46.032 15323 15323 I SurfaceView@25f54d6: onWindowVisibilityChanged(0) true org.libsdl.app.SDLSurface{25f54d6 VFE...... .F....I. 0,0-0,0} of ViewRootImpl@2364581[PythonActivity]
02-23 14:40:46.033  2553  6032 D CoreBackPreview: Window{2f27cc0 u0 org.jinlover.youtubepipsubtitle/org.kivy.android.PythonActivity}: Setting back callback OnBackInvokedCallbackInfo{mCallback=android.window.IOnBackInvokedCallback$Stub$Proxy@d506a8f, mPriority=0, mIsAnimationCallback=false}
02-23 14:40:46.034  2553  7566 V WindowManager: Relayout Window{2f27cc0 u0 org.jinlover.youtubepipsubtitle/org.kivy.android.PythonActivity}: viewVisibility=0 req=1080x2340 ty=1 d0
02-23 14:40:46.035  1742  3856 I SurfaceFlinger: id=57697 createSurf, flag=44004, org.jinlover.youtubepipsubtitle/org.kivy.android.PythonActivity$_15323#57697
02-23 14:40:46.036  2553  7566 D WindowManager: makeSurface duration=2 name=org.jinlover.youtubepipsubtitle/org.kivy.android.PythonActivity$_15323
02-23 14:40:46.038  2553  7566 D InsetsSourceProvider: updateControlForTarget: control=InsetsSourceControl: {fc790000 mType=statusBars initiallyVisible mSurfacePosition=Point(0, 0) mInsetsHint=Insets{left=0, top=81, right=0, bottom=0}}, target=Window{6349285 u0 Splash Screen org.jinlover.youtubepipsubtitle}, from=com.android.server.wm.InsetsStateController.onControlTargetChanged:363 com.android.server.wm.InsetsStateController.onBarControlTargetChanged:329 com.android.server.wm.InsetsPolicy.updateBarControlTarget:173 com.android.server.wm.InsetsPolicy.updateSystemBars:843 com.android.server.wm.DisplayPolicy.updateSystemBarsLw:3484 
02-23 14:40:46.038  2553  7566 D InsetsSourceProvider: updateControlForTarget: control=InsetsSourceControl: {80cc0001 mType=navigationBars initiallyVisible mSurfacePosition=Point(0, 2214) mInsetsHint=Insets{left=0, top=0, right=0, bottom=126}}, target=Window{6349285 u0 Splash Screen org.jinlover.youtubepipsubtitle}, from=com.android.server.wm.InsetsStateController.onControlTargetChanged:363 com.android.server.wm.InsetsStateController.onBarControlTargetChanged:332 com.android.server.wm.InsetsPolicy.updateBarControlTarget:173 com.android.server.wm.InsetsPolicy.updateSystemBars:843 com.android.server.wm.DisplayPolicy.updateSystemBarsLw:3484 
02-23 14:40:46.038  2553  7566 D WindowManager: updateSystemBarAttributes: displayId=0, win=Window{6349285 u0 Splash Screen org.jinlover.youtubepipsubtitle}, navColorWin=Window{6349285 u0 Splash Screen org.jinlover.youtubepipsubtitle}, focusedCanBeNavColorWin=false, behavior=1, appearance=0, statusBarAppearanceRegions=[AppearanceRegion{ bounds=[0,0][1080,2340]}], requestedVisibilities=-9, from=com.android.server.wm.DisplayPolicy.finishPostLayoutPolicyLw:2339 com.android.server.wm.DisplayContent.applySurfaceChangesTransaction:6181 com.android.server.wm.RootWindowContainer.applySurfaceChangesTransaction:1183 
02-23 14:40:46.039  2553  7566 V WindowManager: Changing focus from null to Window{2f27cc0 u0 org.jinlover.youtubepipsubtitle/org.kivy.android.PythonActivity} displayId=0 Callers=com.android.server.wm.RootWindowContainer.updateFocusedWindowLocked:581 com.android.server.wm.WindowManagerService.updateFocusedWindowLocked:6910 com.android.server.wm.WindowManagerService.relayoutWindow:2777 com.android.server.wm.Session.relayout:282 
02-23 14:40:46.039  3966  4094 I InsetsSourceConsumer: applyRequestedVisibilityToControl: visible=true, type=statusBars, host=Splash Screen org.jinlover.youtubepipsubtitle
02-23 14:40:46.040  3966  4094 I InsetsSourceConsumer: applyRequestedVisibilityToControl: visible=true, type=navigationBars, host=Splash Screen org.jinlover.youtubepipsubtitle
02-23 14:40:46.040  2553  7566 D InsetsSourceProvider: updateControlForTarget: control=InsetsSourceControl: {fc790000 mType=statusBars initiallyVisible mSurfacePosition=Point(0, 0) mInsetsHint=Insets{left=0, top=81, right=0, bottom=0}}, target=Window{2f27cc0 u0 org.jinlover.youtubepipsubtitle/org.kivy.android.PythonActivity}, from=com.android.server.wm.InsetsStateController.onControlTargetChanged:363 com.android.server.wm.InsetsStateController.onBarControlTargetChanged:329 com.android.server.wm.InsetsPolicy.updateBarControlTarget:173 com.android.server.wm.InsetsPolicy.updateSystemBars:843 com.android.server.wm.DisplayPolicy.updateSystemBarsLw:3484 
02-23 14:40:46.041  2553  7566 D InsetsSourceProvider: updateControlForTarget: control=InsetsSourceControl: {80cc0001 mType=navigationBars initiallyVisible mSurfacePosition=Point(0, 2214) mInsetsHint=Insets{left=0, top=0, right=0, bottom=126}}, target=Window{2f27cc0 u0 org.jinlover.youtubepipsubtitle/org.kivy.android.PythonActivity}, from=com.android.server.wm.InsetsStateController.onControlTargetChanged:363 com.android.server.wm.InsetsStateController.onBarControlTargetChanged:332 com.android.server.wm.InsetsPolicy.updateBarControlTarget:173 com.android.server.wm.InsetsPolicy.updateSystemBars:843 com.android.server.wm.DisplayPolicy.updateSystemBarsLw:3484 
02-23 14:40:46.041  2553  7566 V SystemKeyManager: updateFocusedWindow() is called, org.jinlover.youtubepipsubtitle/org.kivy.android.PythonActivity
02-23 14:40:46.046 15323 15323 I BLASTBufferQueue_Java: new BLASTBufferQueue, mName= ViewRootImpl@2364581[PythonActivity] mNativeObject= 0xb4000075e214c500 sc.mNativeObject= 0xb4000075d7e47480 caller= android.view.ViewRootImpl.updateBlastSurfaceIfNeeded:3085 android.view.ViewRootImpl.relayoutWindow:10224 android.view.ViewRootImpl.performTraversals:4167 android.view.ViewRootImpl.doTraversal:3345 android.view.ViewRootImpl$TraversalRunnable.run:11437 android.view.Choreographer$CallbackRecord.run:1690 android.view.Choreographer$CallbackRecord.run:1699 android.view.Choreographer.doCallbacks:1154 android.view.Choreographer.doFrame:1080 android.view.Choreographer$FrameDisplayEventReceiver.run:1647 
02-23 14:40:46.046 15323 15323 I BLASTBufferQueue_Java: update, w= 1080 h= 2340 mName = ViewRootImpl@2364581[PythonActivity] mNativeObject= 0xb4000075e214c500 sc.mNativeObject= 0xb4000075d7e47480 format= -3 caller= android.graphics.BLASTBufferQueue.<init>:89 android.view.ViewRootImpl.updateBlastSurfaceIfNeeded:3085 android.view.ViewRootImpl.relayoutWindow:10224 android.view.ViewRootImpl.performTraversals:4167 android.view.ViewRootImpl.doTraversal:3345 android.view.ViewRootImpl$TraversalRunnable.run:11437 
02-23 14:40:46.047 15323 15323 I ViewRootImpl@2364581[PythonActivity]: Relayout returned: old=(0,0,1080,2340) new=(0,0,1080,2340) relayoutAsync=false req=(1080,2340)0 dur=9 res=0x403 s={true 0xb4000075e20f2000} ch=true seqId=0
02-23 14:40:46.047 15323 15323 I ViewRootImpl@2364581[PythonActivity]: performConfigurationChange setNightDimText nightDimLevel=0
02-23 14:40:46.047 15323 15323 D ViewRootImpl@2364581[PythonActivity]: mThreadedRenderer.initialize() mSurface={isValid=true 0xb4000075e20f2000} hwInitialized=true
02-23 14:40:46.048 15323 15323 I SurfaceView@25f54d6: windowStopped(false) true org.libsdl.app.SDLSurface{25f54d6 VFE...... .F....ID 0,0-1080,2133} of ViewRootImpl@2364581[PythonActivity]
02-23 14:40:46.049 15323 15323 D ViewRootImpl@2364581[PythonActivity]: reportNextDraw android.view.ViewRootImpl.performTraversals:4781 android.view.ViewRootImpl.doTraversal:3345 android.view.ViewRootImpl$TraversalRunnable.run:11437 android.view.Choreographer$CallbackRecord.run:1690 android.view.Choreographer$CallbackRecord.run:1699 
02-23 14:40:46.049  1742  1828 I SurfaceFlinger: id=57702 createSurf, flag=20004, Bounds for - org.jinlover.youtubepipsubtitle/org.kivy.android.PythonActivity@0#57702
02-23 14:40:46.049  1742  1828 I SurfaceFlinger: id=57703 createSurf, flag=84004, SurfaceView[org.jinlover.youtubepipsubtitle/org.kivy.android.PythonActivity]@0#57703
02-23 14:40:46.049  1742  1828 I SurfaceFlinger: id=57704 createSurf, flag=44400, SurfaceView[org.jinlover.youtubepipsubtitle/org.kivy.android.PythonActivity]@0(BLAST)#57704
02-23 14:40:46.049  1742  1828 I SurfaceFlinger: id=57705 createSurf, flag=20404, Background for SurfaceView[org.jinlover.youtubepipsubtitle/org.kivy.android.PythonActivity]@0#57705
02-23 14:40:46.050  1742  1742 I Layer   : Layer [Bounds for - org.jinlover.youtubepipsubtitle/org.kivy.android.PythonActivity@0#57702] hidden!! flag(0)
02-23 14:40:46.051  2553  6029 D InputDispatcher: Focus request (0): 2f27cc0 org.jinlover.youtubepipsubtitle/org.kivy.android.PythonActivity but waiting because NO_WINDOW
02-23 14:40:46.058 15323 15367 V SDL     : Running main function SDL_main from library /data/app/~~taC5Vt4lLBiSrh4zW5Cobg==/org.jinlover.youtubepipsubtitle-9ejPfPs4c03hMw5199LjQA==/lib/arm64/libmain.so
02-23 14:40:46.058 15323 15367 V PythonActivity: appConfirmedActive() -> preparing loading screen removal
02-23 14:40:46.058 15323 15323 I ViewRootImpl@2364581[PythonActivity]: Setup new sync=wmsSync-ViewRootImpl@2364581[PythonActivity]#1
02-23 14:40:46.058 15323 15323 I ViewRootImpl@2364581[PythonActivity]: Creating new active sync group ViewRootImpl@2364581[PythonActivity]#2
02-23 14:40:46.058 15323 15323 I SurfaceSyncGroup: addLocalSync=ViewRootImpl@2364581[PythonActivity]#2 to name=wmsSync-ViewRootImpl@2364581[PythonActivity]#1, callers=android.window.SurfaceSyncGroup.add:431 android.window.SurfaceSyncGroup.add:392 android.window.SurfaceSyncGroup.add:340 android.view.ViewRootImpl.createSyncIfNeeded:4912 android.view.ViewRootImpl.performTraversals:4796 android.view.ViewRootImpl.doTraversal:3345 
02-23 14:40:46.058 15323 15367 I python  : Initializing Python for Android
02-23 14:40:46.058 15323 15367 I python  : Setting additional env vars from p4a_env_vars.txt
02-23 14:40:46.059 15323 15323 I ViewRootImpl@2364581[PythonActivity]: registerCallbacksForSync syncBuffer=false
02-23 14:40:46.060 15323 15367 I python  : Changing directory to the one provided by ANDROID_ARGUMENT
02-23 14:40:46.060 15323 15367 I python  : /data/user/0/org.jinlover.youtubepipsubtitle/files/app
02-23 14:40:46.060 15323 15367 I python  : Preparing to initialize python
02-23 14:40:46.060 15323 15367 I python  : _python_bundle dir exists
02-23 14:40:46.060 15323 15367 I python  : calculated paths to be...
02-23 14:40:46.060 15323 15367 I python  : /data/user/0/org.jinlover.youtubepipsubtitle/files/app/_python_bundle/stdlib.zip:/data/user/0/org.jinlover.youtubepipsubtitle/files/app/_python_bundle/modules
02-23 14:40:46.060 15323 15367 I python  : set wchar paths...
02-23 14:40:46.061 15323 15349 I SurfaceView@25f54d6: aOrMT: ViewRootImpl@2364581[PythonActivity] t = android.view.SurfaceControl$Transaction@5596d29 fN = 1 android.view.SurfaceView.-$$Nest$mapplyOrMergeTransaction:0 android.view.SurfaceView$SurfaceViewPositionUpdateListener.positionChanged:1667 android.graphics.RenderNode$CompositePositionUpdateListener.positionChanged:369 
02-23 14:40:46.061 15323 15349 I ViewRootImpl@2364581[PythonActivity]: mWNT: t=0xb4000075d7e6e380 mBlastBufferQueue=0xb4000075e214c500 fn= 1 mRenderHdrSdrRatio=1.0 caller= android.view.SurfaceView.applyOrMergeTransaction:1599 android.view.SurfaceView.-$$Nest$mapplyOrMergeTransaction:0 android.view.SurfaceView$SurfaceViewPositionUpdateListener.positionChanged:1667 
02-23 14:40:46.062 15323 15370 I ViewRootImpl@2364581[PythonActivity]: Received frameDrawingCallback syncResult=0 frameNum=1.
02-23 14:40:46.062 15323 15370 I ViewRootImpl@2364581[PythonActivity]: mWNT: t=0xb4000075d7e6e980 mBlastBufferQueue=0xb4000075e214c500 fn= 1 mRenderHdrSdrRatio=1.0 caller= android.view.ViewRootImpl$8.onFrameDraw:13946 android.view.ThreadedRenderer$1.onFrameDraw:792 <bottom of call stack> 
02-23 14:40:46.062 15323 15370 I ViewRootImpl@2364581[PythonActivity]: Setting up sync and frameCommitCallback
02-23 14:40:46.072  1469  1469 E audit   : type=1400 audit(1740339646.067:48697): avc:  granted  { execute } for  pid=15323 comm="SDLThread" path="/data/data/org.jinlover.youtubepipsubtitle/files/app/_python_bundle/modules/zlib.cpython-311.so" dev="dm-58" ino=817017 scontext=u:r:untrusted_app_32:s0:c52,c258,c512,c768 tcontext=u:object_r:app_data_file:s0:c52,c258,c512,c768 tclass=file SEPF_SM-S911N_13_0001 audit_filtered
02-23 14:40:46.077 15323 15367 I python  : Initialized python
02-23 14:40:46.077 15323 15367 I python  : AND: Init threads
02-23 14:40:46.077 15323 15367 I python  : testing python print redirection
02-23 14:40:46.078 15323 15367 I python  : Android path ['.', '/data/user/0/org.jinlover.youtubepipsubtitle/files/app/_python_bundle/stdlib.zip', '/data/user/0/org.jinlover.youtubepipsubtitle/files/app/_python_bundle/modules', '/data/user/0/org.jinlover.youtubepipsubtitle/files/app/_python_bundle/site-packages']
02-23 14:40:46.078 15323 15367 I python  : os.environ is environ({'PATH': '/product/bin:/apex/com.android.runtime/bin:/apex/com.android.art/bin:/system_ext/bin:/system/bin:/system/xbin:/odm/bin:/vendor/bin:/vendor/xbin', 'MOUNT_SYSTEM_OK': 'true', 'ANDROID_BOOTLOGO': '1', 'ANDROID_ROOT': '/system', 'ANDROID_ASSETS': '/system/app', 'ANDROID_DATA': '/data', 'ANDROID_STORAGE': '/storage', 'ANDROID_ART_ROOT': '/apex/com.android.art', 'ANDROID_I18N_ROOT': '/apex/com.android.i18n', 'ANDROID_TZDATA_ROOT': '/apex/com.android.tzdata', 'EXTERNAL_STORAGE': '/sdcard', 'ASEC_MOUNTPOINT': '/mnt/asec', 'MEMTAG_OPTIONS': 'off', 'DOWNLOAD_CACHE': '/data/cache', 'BOOTCLASSPATH': '/apex/com.android.art/javalib/core-oj.jar:/apex/com.android.art/javalib/core-libart.jar:/apex/com.android.art/javalib/okhttp.jar:/apex/com.android.art/javalib/bouncycastle.jar:/apex/com.android.art/javalib/apache-xml.jar:/system/framework/framework.jar:/system/framework/framework-graphics.jar:/system/framework/ext.jar:/system/framework/telephony-common.jar:/system/framework/voip-common.jar:/system/framework/ims-common.jar:/system/framework/knoxsdk.jar:/system/framework/tcmiface.jar:/system/framework/telephony-ext.jar:/system/framework/QPerformance.jar:/system/framework/UxPerformance.jar:/system/framework/esecomm.jar:/apex/com.android.i18n/javalib/core-icu4j.jar:/apex/com.android.adservices/javalib/framework-adservices.jar:/apex/com.android.adservices/javalib/framework-sdksandbox.jar:/apex/com.android.appsearch/javalib/framework-appsearch.jar:/apex/com.android.btservices/javalib/framework-bluetooth.jar:/apex/com.android.configinfrastructure/javalib/framework-configinfrastructure.jar:/apex/com.android.conscrypt/javalib/conscrypt.jar:/apex/com.android.devicelock/javalib/framework-devicelock.jar:/apex/com.android.healthfitness/javalib/framework-healthfitness.jar:/apex/com.android.ipsec/javalib/android.net.ipsec.ike.jar:/apex/com.android.media/javalib/updatable-media.jar:/apex/com.android.mediaprovider/javalib/framework-mediaprovider.jar:/apex/com.android.mediaprovider/javalib/framework-pdf.jar:/apex/com.android.mediaprovider/javalib/framework-photopicker.jar:/apex/com.android.ondevicepersonalization/javalib/framework-ondevicepersonalization.jar:/apex/com.android.os.statsd/javalib/framework-statsd.jar:/apex/com.android.permission/javalib/framework-permission.jar:/apex/com.android.permission/javalib/framework-permission-s.jar:/apex/com.android.scheduling/javalib/framework-scheduling.jar:/apex/com.android.sdkext/javalib/framework-sdkextensions.jar:/apex/com.android.tethering/javalib/framework-connectivity.jar:/apex/com.android.tethering/javalib/framework-connectivity-t.jar:/apex/com.android.tethering/javalib/framework-tethering.jar:/apex/com.android.uwb/javalib/framework-uwb.jar:/apex/com.android.virt/javalib/framework-virtualization.jar:/apex/com.android.wifi/javalib/framework-wifi.jar:/apex/com.samsung.android.lifeguard/javalib/framework-lifeguard.jar:/apex/com.samsung.android.shell/javalib/framework-samsung-shell.jar', 'DEX2OATBOOTCLASSPATH': '/apex/com.android.art/javalib/core-oj.jar:/apex/com.android.art/javalib/core-libart.jar:/apex/com.android.art/javalib/okhttp.jar:/apex/com.android.art/javalib/bouncycastle.jar:/apex/com.android.art/javalib/apache-xml.jar:/system/framework/framework.jar:/system/framework/framework-graphics.jar:/system/framework/ext.jar:/system/framework/telephony-common.jar:/system/framework/voip-common.jar:/system/framework/ims-common.jar:/system/framework/knoxsdk.jar:/system/framework/tcmiface.jar:/system/framework/telephony-ext.jar:/system/framework/QPerformance.jar:/system/framework/UxPerformance.jar:/system/framework/esecomm.jar:/apex/com.android.i18n/javalib/core-icu4j.jar', 'SYSTEMSERVERCLASSPATH': '/system/framework/com.android.location.provider.jar:/system/framework/knoxanalyticssdk.jar:/system/framework/mcfsdk.jar:/system/framework/uibc_java.jar:/system/framework/services.jar:/system/framework/semwifi-service.jar:/system/framework/ssrm.jar:/apex/com.android.adservices/javalib/service-adservices.jar:/apex/com.android.adservices/javalib/servic
02-23 14:40:46.078  2553  3739 D MdnieScenarioControlService:  packageName : org.jinlover.youtubepipsubtitle    className : org.kivy.android.PythonActivity
02-23 14:40:46.078 15323 15367 I python  : Android kivy bootstrap done. __name__ is __main__
02-23 14:40:46.078 15323 15367 I python  : AND: Ran string
02-23 14:40:46.078 15323 15367 I python  : Run user program, change dir and execute entrypoint
02-23 14:40:46.084 15323 15349 I BLASTBufferQueue: [ViewRootImpl@2364581[PythonActivity]#0](f:0,a:0,s:0) onFrameAvailable the first frame is available
02-23 14:40:46.085 15323 15349 I ViewRootImpl@2364581[PythonActivity]: Received frameCommittedCallback lastAttemptedDrawFrameNum=1 didProduceBuffer=true
02-23 14:40:46.086 15323 15349 I SurfaceSyncGroup: onTransactionReady mName=wmsSync-ViewRootImpl@2364581[PythonActivity]#1 callback=9788080
02-23 14:40:46.086 15323 15323 I ViewRootImpl@2364581[PythonActivity]: reportDrawFinished seqId=0
02-23 14:40:46.087  2553  7501 D WindowManager: finishDrawingWindow: Window{2f27cc0 u0 org.jinlover.youtubepipsubtitle/org.kivy.android.PythonActivity} mDrawState=DRAW_PENDING seqId=0
02-23 14:40:46.088  2553  3133 V WindowManager: Finish starting ActivityRecord{83b1464 u0 org.jinlover.youtubepipsubtitle/org.kivy.android.PythonActivity t41962}: first real window is shown, no animation
02-23 14:40:46.089 15323 15323 I BLASTBufferQueue_Java: update, w= 1080 h= 2340 mName = ViewRootImpl@2364581[PythonActivity] mNativeObject= 0xb4000075e214c500 sc.mNativeObject= 0xb4000075d7e47480 format= -3 caller= android.view.ViewRootImpl.updateBlastSurfaceIfNeeded:3074 android.view.ViewRootImpl.relayoutWindow:10224 android.view.ViewRootImpl.performTraversals:4167 android.view.ViewRootImpl.doTraversal:3345 android.view.ViewRootImpl$TraversalRunnable.run:11437 android.view.Choreographer$CallbackRecord.run:1690 
02-23 14:40:46.089  2553  3133 V WindowManager: Schedule remove starting ActivityRecord{83b1464 u0 org.jinlover.youtubepipsubtitle/org.kivy.android.PythonActivity t41962} startingWindow=Window{6349285 u0 Splash Screen org.jinlover.youtubepipsubtitle} animate=true Callers=com.android.server.wm.ActivityRecord.removeStartingWindow:3496 com.android.server.wm.ActivityRecord.onFirstWindowDrawn:8007 com.android.server.wm.WindowState.performShowLocked:5350 com.android.server.wm.WindowStateAnimator.commitFinishDrawingLocked:286 com.android.server.wm.DisplayContent.lambda$new$8:1293 
02-23 14:40:46.089  2553  3133 D TaskOrganizerController: applyStartingWindowAnimation, window=Window{2f27cc0 u0 org.jinlover.youtubepipsubtitle/org.kivy.android.PythonActivity}, caller=com.android.server.wm.TaskOrganizerController.removeStartingWindow:809 com.android.server.wm.StartingSurfaceController$StartingSurface.remove:292 com.android.server.wm.ActivityRecord.removeStartingWindowAnimation:3576 
02-23 14:40:46.089 15323 15323 I ViewRootImpl@2364581[PythonActivity]: Relayout returned: old=(0,0,1080,2340) new=(0,0,1080,2340) relayoutAsync=true req=(1080,2340)0 dur=0 res=0x0 s={true 0xb4000075e20f2000} ch=false seqId=0
02-23 14:40:46.089  2553  3133 I WindowManager: Reparenting to leash, surface=Surface(name=2f27cc0 org.jinlover.youtubepipsubtitle/org.kivy.android.PythonActivity)/@0xea5b69e, leashParent=Surface(name=ActivityRecord{83b1464 u0 org.jinlover.youtubepipsubtitle/org.kivy.android.PythonActivity t41962})/@0x1ea11bf
02-23 14:40:46.089  1742  3856 I SurfaceFlinger: id=57706 createSurf, flag=24000, Surface(name=2f27cc0 org.jinlover.youtubepipsubtitle/org.kivy.android.PythonActivity)/@0xea5b69e - animation-leash of starting_reveal#57706
02-23 14:40:46.089 15323 15323 I ViewRootImpl@2364581[PythonActivity]: updateBoundsLayer: t=android.view.SurfaceControl$Transaction@86d71dc sc=Surface(name=Bounds for - org.jinlover.youtubepipsubtitle/org.kivy.android.PythonActivity@0)/@0xb72b2e5 frame=2
02-23 14:40:46.089 15323 15323 I ViewRootImpl@2364581[PythonActivity]: registerCallbackForPendingTransactions
02-23 14:40:46.090  2553  3133 D WindowManager: makeSurface duration=2 leash=Surface(name=Surface(name=2f27cc0 org.jinlover.youtubepipsubtitle/org.kivy.android.PythonActivity)/@0xea5b69e - animation-leash of starting_reveal)/@0x667157f
02-23 14:40:46.090  2553  3133 V WindowManager: performShowLocked: mDrawState=HAS_DRAWN in Window{2f27cc0 u0 org.jinlover.youtubepipsubtitle/org.kivy.android.PythonActivity}
02-23 14:40:46.091  2553  3129 W ziparchive: Unable to open '/data/app/~~taC5Vt4lLBiSrh4zW5Cobg==/org.jinlover.youtubepipsubtitle-9ejPfPs4c03hMw5199LjQA==/base.dm': No such file or directory
02-23 14:40:46.091 15323 15323 I InsetsSourceConsumer: applyRequestedVisibilityToControl: visible=true, type=statusBars, host=org.jinlover.youtubepipsubtitle/org.kivy.android.PythonActivity
02-23 14:40:46.091 15323 15323 I InsetsSourceConsumer: applyRequestedVisibilityToControl: visible=true, type=navigationBars, host=org.jinlover.youtubepipsubtitle/org.kivy.android.PythonActivity
02-23 14:40:46.091  1742  1742 I Layer   : Layer [SurfaceView[org.jinlover.youtubepipsubtitle/org.kivy.android.PythonActivity]@0#57703] hidden!! flag(0)
02-23 14:40:46.091  1742  1742 I Layer   : Layer [Background for SurfaceView[org.jinlover.youtubepipsubtitle/org.kivy.android.PythonActivity]@0#57705] hidden!! flag(0)
02-23 14:40:46.092  1742  1742 I Layer   : Layer::reparent [2f27cc0 org.jinlover.youtubepipsubtitle/org.kivy.android.PythonActivity#57696] newParent : Surface(name=2f27cc0 org.jinlover.youtubepipsubtitle/org.kivy.android.PythonActivity)/@0xea5b69e - animation-leash of starting_reveal#57706 , isRemovedFromCurrentState : 0 -------------------------
02-23 14:40:46.092  1742  1742 I Layer   : Layer::reparent [2f27cc0 org.jinlover.youtubepipsubtitle/org.kivy.android.PythonActivity#57696] End -------------------------
02-23 14:40:46.092  1742  1742 I Layer   : Layer [org.jinlover.youtubepipsubtitle/org.kivy.android.PythonActivity$_15323#57697] hidden!! flag(0)
02-23 14:40:46.093  2553  6032 D InputDispatcher: Focus entered window (0): 2f27cc0 org.jinlover.youtubepipsubtitle/org.kivy.android.PythonActivity
02-23 14:40:46.093  2553  3129 I PkgPredictorService-SecIpmManagerServiceImpl: reportToNAP uid:10564 org.jinlover.youtubepipsubtitle/org.kivy.android.PythonActivity thisTime:232
02-23 14:40:46.094 15323 15323 I ViewRootImpl@2364581[PythonActivity]: handleWindowFocusChanged: 1 0 call from android.view.ViewRootImpl.-$$Nest$mhandleWindowFocusChanged:0
02-23 14:40:46.094 15323 15323 D ViewRootImpl@2364581[PythonActivity]: mThreadedRenderer.initializeIfNeeded()#2 mSurface={isValid=true 0xb4000075e20f2000}
02-23 14:40:46.095 15323 15371 I ViewRootImpl@2364581[PythonActivity]: mWNT: t=0xb4000075d7e6fe80 mBlastBufferQueue=0xb4000075e214c500 fn= 2 mRenderHdrSdrRatio=1.0 caller= android.view.ViewRootImpl$6.onFrameDraw:5705 android.view.ViewRootImpl$2.onFrameDraw:2190 android.view.ThreadedRenderer$1.onFrameDraw:792 
02-23 14:40:46.096  3966  4745 I ViewRootImpl@e92d21a[youtubepipsubtitle]: mWNT: t=0xb4000074c6be4200 mBlastBufferQueue=0xb4000074f425e100 fn= 2 mRenderHdrSdrRatio=1.0 caller= android.view.SyncRtSurfaceTransactionApplier.applyTransaction:96 android.view.SyncRtSurfaceTransactionApplier.lambda$scheduleApply$0:69 android.view.SyncRtSurfaceTransactionApplier.$r8$lambda$SgowXC58rj3PR958kHUfRgLZmvE:0 
02-23 14:40:46.096  3966  4745 I ViewRootImpl@e92d21a[youtubepipsubtitle]: mWNT: t=0xb4000074c6be4380 mBlastBufferQueue=0xb4000074f425e100 fn= 2 mRenderHdrSdrRatio=1.0 caller= android.view.SyncRtSurfaceTransactionApplier.applyTransaction:96 android.view.SyncRtSurfaceTransactionApplier.lambda$scheduleApply$0:69 android.view.SyncRtSurfaceTransactionApplier.$r8$lambda$SgowXC58rj3PR958kHUfRgLZmvE:0 
02-23 14:40:46.096  1742  1742 D SurfaceFlinger:      CLIENT |              | 0002 |  Unknown  |    0.0    0.0    0.0    0.0 |  159  308 1066 2100 | Background for SurfaceView[org.jinlo[...]kivy.android.PythonActivity]@0#57705
02-23 14:40:46.096  1742  1742 D SurfaceFlinger:      CLIENT | 0xb40000762dab9e00 | 0100 | RGBA_8888    |    0.0    0.0 1080.0 2340.0 |  159  240 1066 2206 | org.jinlover.youtubepipsubtitle/org.kivy.android.PythonActivity$_15323#57697
02-23 14:40:46.097  2553  3129 I ActivityTaskManager: Displayed org.jinlover.youtubepipsubtitle/org.kivy.android.PythonActivity for user 0: +232ms
02-23 14:40:46.097  2553  3129 I Pageboost: Launch time gathered : pid 15323 org.jinlover.youtubepipsubtitle 232
02-23 14:40:46.099  2553  7501 V WindowManager: Relayout Window{2f27cc0 u0 org.jinlover.youtubepipsubtitle/org.kivy.android.PythonActivity}: viewVisibility=0 req=1080x2340 ty=1 d0
02-23 14:40:46.101  2553  6032 I ImeTracker: org.jinlover.youtubepipsubtitle:3e716228: onRequestHide at ORIGIN_SERVER_HIDE_INPUT reason HIDE_UNSPECIFIED_WINDOW
02-23 14:40:46.101  2553  6032 I ImeTracker: org.jinlover.youtubepipsubtitle:3e716228: onCancelled at PHASE_SERVER_SHOULD_HIDE
02-23 14:40:46.102  1469  1469 E audit   : type=1400 audit(1740339646.095:48698): avc:  granted  { execute } for  pid=15323 comm="SDLThread" path="/data/data/org.jinlover.youtubepipsubtitle/files/app/_python_bundle/modules/_lzma.cpython-311.so" dev="dm-58" ino=816898 scontext=u:r:untrusted_app_32:s0:c52,c258,c512,c768 tcontext=u:object_r:app_data_file:s0:c52,c258,c512,c768 tclass=file SEPF_SM-S911N_13_0001 audit_filtered
02-23 14:40:46.104  3966  4746 I ViewRootImpl@e92d21a[youtubepipsubtitle]: mWNT: t=0xb4000074f42c7d00 mBlastBufferQueue=0xb4000074f425e100 fn= 3 mRenderHdrSdrRatio=1.0 caller= android.view.SyncRtSurfaceTransactionApplier.applyTransaction:96 android.view.SyncRtSurfaceTransactionApplier.lambda$scheduleApply$0:69 android.view.SyncRtSurfaceTransactionApplier.$r8$lambda$SgowXC58rj3PR958kHUfRgLZmvE:0 
02-23 14:40:46.113  3966  4745 I ViewRootImpl@e92d21a[youtubepipsubtitle]: mWNT: t=0xb4000074c6a61500 mBlastBufferQueue=0xb4000074f425e100 fn= 4 mRenderHdrSdrRatio=1.0 caller= android.view.SyncRtSurfaceTransactionApplier.applyTransaction:96 android.view.SyncRtSurfaceTransactionApplier.lambda$scheduleApply$0:69 android.view.SyncRtSurfaceTransactionApplier.$r8$lambda$SgowXC58rj3PR958kHUfRgLZmvE:0 
02-23 14:40:46.113  2553  7566 D InsetsSourceProvider: updateControlForTarget: control=InsetsSourceControl: {3 mType=ime mSurfacePosition=Point(0, 81) mInsetsHint=Insets{left=0, top=0, right=0, bottom=991}}, target=Window{2f27cc0 u0 org.jinlover.youtubepipsubtitle/org.kivy.android.PythonActivity}, from=com.android.server.wm.ImeInsetsSourceProvider.updateControlForTarget:165 com.android.server.wm.InsetsStateController.onControlTargetChanged:363 com.android.server.wm.InsetsStateController.onImeControlTargetChanged:307 com.android.server.wm.DisplayContent.updateImeControlTarget:5763 com.android.server.wm.DisplayContent.updateImeInputAndControlTarget:5723 
02-23 14:40:46.114  8201  8201 I HBD     : b [AiWriter] setContact : org.jinlover.youtubepipsubtitle
02-23 14:40:46.114  8201  8201 I HBD     : a [AiWriter] setContact : org.jinlover.youtubepipsubtitle
02-23 14:40:46.116 15323 15323 I InsetsSourceConsumer: applyRequestedVisibilityToControl: visible=false, type=ime, host=org.jinlover.youtubepipsubtitle/org.kivy.android.PythonActivity
02-23 14:40:46.117  1742  1742 I Layer   : Layer::reparent [ImeContainer#17] newParent : ActivityRecord{83b1464 u0 org.jinlover.youtubepipsubtitle/org.kivy.android.PythonActivity t41962}#57688 , isRemovedFromCurrentState : 0 -------------------------
02-23 14:40:46.118  3966  4746 I ViewRootImpl@e92d21a[youtubepipsubtitle]: mWNT: t=0xb4000074c6c55000 mBlastBufferQueue=0xb4000074f425e100 fn= 5 mRenderHdrSdrRatio=1.0 caller= android.view.SyncRtSurfaceTransactionApplier.applyTransaction:96 android.view.SyncRtSurfaceTransactionApplier.lambda$scheduleApply$0:69 android.view.SyncRtSurfaceTransactionApplier.$r8$lambda$SgowXC58rj3PR958kHUfRgLZmvE:0 
02-23 14:40:46.120  8201 14150 I HBD     : i [SKE_SPECIFIC] specific model[org.jinlover.youtubepipsubtitle] loaded, 3870573 ns
02-23 14:40:46.121  1469  1469 E audit   : type=1400 audit(1740339646.115:48699): avc:  granted  { execute } for  pid=15323 comm="SDLThread" path="/data/data/org.jinlover.youtubepipsubtitle/files/app/_python_bundle/modules/_typing.cpython-311.so" dev="dm-58" ino=816937 scontext=u:r:untrusted_app_32:s0:c52,c258,c512,c768 tcontext=u:object_r:app_data_file:s0:c52,c258,c512,c768 tclass=file SEPF_SM-S911N_13_0001 audit_filtered
02-23 14:40:46.126  3966  4745 I ViewRootImpl@e92d21a[youtubepipsubtitle]: mWNT: t=0xb4000074c6c55a80 mBlastBufferQueue=0xb4000074f425e100 fn= 6 mRenderHdrSdrRatio=1.0 caller= android.view.SyncRtSurfaceTransactionApplier.applyTransaction:96 android.view.SyncRtSurfaceTransactionApplier.lambda$scheduleApply$0:69 android.view.SyncRtSurfaceTransactionApplier.$r8$lambda$SgowXC58rj3PR958kHUfRgLZmvE:0 
02-23 14:40:46.130  7648 12964 I SAMSUNGWALLET: [Hint_SimpleHintProcessMonitor] isHomePackageRunning topPkgName = org.jinlover.youtubepipsubtitle, topClsName = org.kivy.android.PythonActivity, return false , se : false
02-23 14:40:46.136  3966  4746 I ViewRootImpl@e92d21a[youtubepipsubtitle]: mWNT: t=0xb4000074c6c55c00 mBlastBufferQueue=0xb4000074f425e100 fn= 7 mRenderHdrSdrRatio=1.0 caller= android.view.SyncRtSurfaceTransactionApplier.applyTransaction:96 android.view.SyncRtSurfaceTransactionApplier.lambda$scheduleApply$0:69 android.view.SyncRtSurfaceTransactionApplier.$r8$lambda$SgowXC58rj3PR958kHUfRgLZmvE:0 
02-23 14:40:46.149  2553  7501 V WindowManager: Relayout Window{6349285 u0 Splash Screen org.jinlover.youtubepipsubtitle}: viewVisibility=8 req=1080x2340 ty=3 d0
02-23 14:40:46.153  3966  4094 I ViewRootImpl@e92d21a[youtubepipsubtitle]: Relayout returned: old=(0,0,1080,2340) new=(0,0,1080,2340) relayoutAsync=false req=(1080,2340)8 dur=4 res=0x402 s={false 0x0} ch=true seqId=0
02-23 14:40:46.153  3966  4094 I ViewRootImpl@e92d21a[youtubepipsubtitle]: dispatchDetachedFromWindow
02-23 14:40:46.154  2553  6032 D WindowManager: Starting window removed Window{6349285 u0 Splash Screen org.jinlover.youtubepipsubtitle EXITING}
02-23 14:40:46.154  2553  6032 I WindowManager: Cancelling animation restarting=false, leash=Surface(name=Surface(name=2f27cc0 org.jinlover.youtubepipsubtitle/org.kivy.android.PythonActivity)/@0xea5b69e - animation-leash of starting_reveal)/@0x667157f
02-23 14:40:46.154  2553  6032 I WindowManager: Reparenting to original parent: Surface(name=ActivityRecord{83b1464 u0 org.jinlover.youtubepipsubtitle/org.kivy.android.PythonActivity t41962})/@0x1ea11bf, destroy=false, surface=Surface(name=2f27cc0 org.jinlover.youtubepipsubtitle/org.kivy.android.PythonActivity)/@0xea5b69e
02-23 14:40:46.154  2553  6032 W InputManager-JNI: Input channel object '6349285 Splash Screen org.jinlover.youtubepipsubtitle (client)' was disposed without first being removed with the input manager!
02-23 14:40:46.154  2553  6032 V WindowManager: Remove Window{6349285 u0 Splash Screen org.jinlover.youtubepipsubtitle EXITING}: mSurfaceController=Surface(name=Splash Screen org.jinlover.youtubepipsubtitle$_3966)/@0x9983a75 mAnimatingExit=true mRemoveOnExit=false mHasSurface=true surfaceShowing=true animating=false app-animation=false mDisplayFrozen=false callers=com.android.server.wm.WindowManagerService.removeWindow:2151 com.android.server.wm.Session.remove:257 android.view.IWindowSession$Stub.onTransact:747 com.android.server.wm.Session.onTransact:204 android.os.Binder.execTransactInternal:1375 android.os.Binder.execTransact:1311 
02-23 14:40:46.156  2553  6029 D CoreBackPreview: Window{6349285 u0 Splash Screen org.jinlover.youtubepipsubtitle EXITING}: Setting back callback null
02-23 14:40:46.157  1469  1469 E audit   : type=1400 audit(1740339646.151:48700): avc:  granted  { execute } for  pid=15323 comm="SDLThread" path="/data/data/org.jinlover.youtubepipsubtitle/files/app/_python_bundle/modules/math.cpython-311.so" dev="dm-58" ino=816990 scontext=u:r:untrusted_app_32:s0:c52,c258,c512,c768 tcontext=u:object_r:app_data_file:s0:c52,c258,c512,c768 tclass=file SEPF_SM-S911N_13_0001 audit_filtered
02-23 14:40:46.158  1742  1742 I Layer   : Layer::reparent [2f27cc0 org.jinlover.youtubepipsubtitle/org.kivy.android.PythonActivity#57696] newParent : ActivityRecord{83b1464 u0 org.jinlover.youtubepipsubtitle/org.kivy.android.PythonActivity t41962}#57688 , isRemovedFromCurrentState : 0 -------------------------
02-23 14:40:46.158  1742  1742 I Layer   : Layer::reparent [2f27cc0 org.jinlover.youtubepipsubtitle/org.kivy.android.PythonActivity#57696] End -------------------------
02-23 14:40:46.158  1742  1742 I Layer   : Layer::reparent [Surface(name=2f27cc0 org.jinlover.youtubepipsubtitle/org.kivy.android.PythonActivity)/@0xea5b69e - animation-leash of starting_reveal#57706] newParentHandle : null -------------------------
02-23 14:40:46.158  1742  1742 I Layer   : id=57706 removeFromCurrentState Surface(name=2f27cc0 org.jinlover.youtubepipsubtitle/org.kivy.android.PythonActivity)/@0xea5b69e - animation-leash of starting_reveal#57706 (269)
02-23 14:40:46.158  1742  1742 I Layer   : Layer::reparent [Surface(name=2f27cc0 org.jinlover.youtubepipsubtitle/org.kivy.android.PythonActivity)/@0xea5b69e - animation-leash of starting_reveal#57706] End -------------------------
02-23 14:40:46.163  1742  1742 D SurfaceFlinger:      CLIENT |              | 0002 |  Unknown  |    0.0    0.0    0.0    0.0 |   55  159 1075 2175 | Background for SurfaceView[org.jinlo[...]kivy.android.PythonActivity]@0#57705
02-23 14:40:46.163  1742  1742 D SurfaceFlinger:      CLIENT | 0xb40000762dab9380 | 0100 | RGBA_8888    |    0.0    0.0 1080.0 2340.0 |   55   83 1075 2294 | org.jinlover.youtubepipsubtitle/org.kivy.android.PythonActivity$_15323#57697
02-23 14:40:46.164  1469  1469 E audit   : type=1400 audit(1740339646.159:48701): avc:  granted  { execute } for  pid=15323 comm="SDLThread" path="/data/data/org.jinlover.youtubepipsubtitle/files/app/_python_bundle/modules/_heapq.cpython-311.so" dev="dm-58" ino=816888 scontext=u:r:untrusted_app_32:s0:c52,c258,c512,c768 tcontext=u:object_r:app_data_file:s0:c52,c258,c512,c768 tclass=file SEPF_SM-S911N_13_0001 audit_filtered
02-23 14:40:46.165  1469  1469 E audit   : type=1400 audit(1740339646.159:48702): avc:  granted  { execute } for  pid=15323 comm="SDLThread" path="/data/data/org.jinlover.youtubepipsubtitle/files/app/_python_bundle/modules/_queue.cpython-311.so" dev="dm-58" ino=816909 scontext=u:r:untrusted_app_32:s0:c52,c258,c512,c768 tcontext=u:object_r:app_data_file:s0:c52,c258,c512,c768 tclass=file SEPF_SM-S911N_13_0001 audit_filtered
02-23 14:40:46.173  1469  1469 E audit   : type=1400 audit(1740339646.167:48703): avc:  granted  { execute } for  pid=15323 comm="SDLThread" path="/data/data/org.jinlover.youtubepipsubtitle/files/app/_python_bundle/modules/_opcode.cpython-311.so" dev="dm-58" ino=816905 scontext=u:r:untrusted_app_32:s0:c52,c258,c512,c768 tcontext=u:object_r:app_data_file:s0:c52,c258,c512,c768 tclass=file SEPF_SM-S911N_13_0001 audit_filtered
02-23 14:40:46.182 15323 15367 I python  : [INFO   ] [Logger      ] Record log in /data/user/0/org.jinlover.youtubepipsubtitle/files/app/.kivy/logs/kivy_25-02-23_1.txt
02-23 14:40:46.182 15323 15367 I python  : [INFO   ] [Kivy        ] v2.3.0
02-23 14:40:46.182 15323 15367 I python  : [INFO   ] [Kivy        ] Installed at "/data/user/0/org.jinlover.youtubepipsubtitle/files/app/_python_bundle/site-packages/kivy/__init__.pyc"
02-23 14:40:46.182 15323 15367 I python  : [INFO   ] [Python      ] v3.11.5 (main, Feb 22 2025, 21:07:47) [Clang 14.0.6 (https://android.googlesource.com/toolchain/llvm-project 4c603efb0
02-23 14:40:46.182 15323 15367 I python  : [INFO   ] [Python      ] Interpreter at ""
02-23 14:40:46.182 15323 15367 I python  : [INFO   ] [Logger      ] Purge log fired. Processing...
02-23 14:40:46.183 15323 15367 I python  : [INFO   ] [Logger      ] Purge finished!
02-23 14:40:46.185  1469  1469 E audit   : type=1400 audit(1740339646.179:48704): avc:  granted  { execute } for  pid=15323 comm="SDLThread" path="/data/data/org.jinlover.youtubepipsubtitle/files/app/_python_bundle/site-packages/kivy/_clock.so" dev="dm-58" ino=817271 scontext=u:r:untrusted_app_32:s0:c52,c258,c512,c768 tcontext=u:object_r:app_data_file:s0:c52,c258,c512,c768 tclass=file SEPF_SM-S911N_13_0001 audit_filtered
02-23 14:40:46.188  1469  1469 E audit   : type=1400 audit(1740339646.183:48705): avc:  granted  { execute } for  pid=15323 comm="SDLThread" path="/data/data/org.jinlover.youtubepipsubtitle/files/app/_python_bundle/modules/_ctypes.cpython-311.so" dev="dm-58" ino=816869 scontext=u:r:untrusted_app_32:s0:c52,c258,c512,c768 tcontext=u:object_r:app_data_file:s0:c52,c258,c512,c768 tclass=file SEPF_SM-S911N_13_0001 audit_filtered
02-23 14:40:46.189  1469  1469 E audit   : type=1400 audit(1740339646.183:48706): avc:  granted  { execute } for  pid=15323 comm="SDLThread" path="/data/data/org.jinlover.youtubepipsubtitle/files/app/_python_bundle/modules/_struct.cpython-311.so" dev="dm-58" ino=816941 scontext=u:r:untrusted_app_32:s0:c52,c258,c512,c768 tcontext=u:object_r:app_data_file:s0:c52,c258,c512,c768 tclass=file SEPF_SM-S911N_13_0001 audit_filtered
02-23 14:40:46.198  1469  1469 E audit   : type=1400 audit(1740339646.191:48707): avc:  granted  { execute } for  pid=15323 comm="SDLThread" path="/data/data/org.jinlover.youtubepipsubtitle/files/app/_python_bundle/modules/fcntl.cpython-311.so" dev="dm-58" ino=816989 scontext=u:r:untrusted_app_32:s0:c52,c258,c512,c768 tcontext=u:object_r:app_data_file:s0:c52,c258,c512,c768 tclass=file SEPF_SM-S911N_13_0001 audit_filtered
02-23 14:40:46.204  1469  1469 E audit   : type=1400 audit(1740339646.199:48708): avc:  granted  { execute } for  pid=15323 comm="SDLThread" path="/data/data/org.jinlover.youtubepipsubtitle/files/app/_python_bundle/modules/_posixsubprocess.cpython-311.so" dev="dm-58" ino=816908 scontext=u:r:untrusted_app_32:s0:c52,c258,c512,c768 tcontext=u:object_r:app_data_file:s0:c52,c258,c512,c768 tclass=file SEPF_SM-S911N_13_0001 audit_filtered
02-23 14:40:46.205  1469  1469 E audit   : type=1400 audit(1740339646.199:48709): avc:  granted  { execute } for  pid=15323 comm="SDLThread" path="/data/data/org.jinlover.youtubepipsubtitle/files/app/_python_bundle/modules/select.cpython-311.so" dev="dm-58" ino=816998 scontext=u:r:untrusted_app_32:s0:c52,c258,c512,c768 tcontext=u:object_r:app_data_file:s0:c52,c258,c512,c768 tclass=file SEPF_SM-S911N_13_0001 audit_filtered
02-23 14:40:46.208  1469  1469 E audit   : type=1400 audit(1740339646.203:48710): avc:  granted  { execute } for  pid=15323 comm="SDLThread" path="/data/data/org.jinlover.youtubepipsubtitle/files/app/_python_bundle/site-packages/android/_android.so" dev="dm-58" ino=817067 scontext=u:r:untrusted_app_32:s0:c52,c258,c512,c768 tcontext=u:object_r:app_data_file:s0:c52,c258,c512,c768 tclass=file SEPF_SM-S911N_13_0001 audit_filtered
02-23 14:40:46.214  1469  1469 E audit   : type=1400 audit(1740339646.207:48711): avc:  granted  { execute } for  pid=15323 comm="SDLThread" path="/data/data/org.jinlover.youtubepipsubtitle/files/app/_python_bundle/site-packages/jnius/jnius.so" dev="dm-58" ino=807051 scontext=u:r:untrusted_app_32:s0:c52,c258,c512,c768 tcontext=u:object_r:app_data_file:s0:c52,c258,c512,c768 tclass=file SEPF_SM-S911N_13_0001 audit_filtered
02-23 14:40:46.289  2553  7566 D PersonaActivityHelper: token.toString()  Token{da39b82 ActivityRecord{83b1464 u0 org.jinlover.youtubepipsubtitle/org.kivy.android.PythonActivity t41962}}
02-23 14:40:46.290  2553  7566 I WindowManager: Destroying surface Surface(name=Splash Screen org.jinlover.youtubepipsubtitle$_3966)/@0x9983a75 called by com.android.server.wm.WindowStateAnimator.destroySurface:811 com.android.server.wm.WindowStateAnimator.destroySurfaceLocked:478 com.android.server.wm.WindowState.removeImmediately:2958 com.android.server.wm.WindowState.handleCompleteDeferredRemoval:5797 com.android.server.wm.WindowContainer.handleCompleteDeferredRemoval:1510 com.android.server.wm.ActivityRecord.handleCompleteDeferredRemoval:5229 com.android.server.wm.WindowContainer.handleCompleteDeferredRemoval:1510 com.android.server.wm.TaskFragment.handleCompleteDeferredRemoval:3445 
02-23 14:40:46.292  1742  1742 I Layer   : Layer::reparent [6349285 Splash Screen org.jinlover.youtubepipsubtitle#57689] newParentHandle : null -------------------------
02-23 14:40:46.292  1742  1742 I Layer   : id=57689 removeFromCurrentState 6349285 Splash Screen org.jinlover.youtubepipsubtitle#57689 (269)
02-23 14:40:46.292  1742  1742 I Layer   : id=57690 removeFromCurrentState Splash Screen org.jinlover.youtubepipsubtitle$_3966#57690 (269)
02-23 14:40:46.292  1742  1742 I Layer   : Layer::reparent [6349285 Splash Screen org.jinlover.youtubepipsubtitle#57689] End -------------------------
02-23 14:40:46.292  1742  1742 I Layer   : Layer::reparent [Splash Screen org.jinlover.youtubepipsubtitle$_3966#57690] newParentHandle : null -------------------------
02-23 14:40:46.292  1742  1742 I Layer   : id=57690 removeFromCurrentState Splash Screen org.jinlover.youtubepipsubtitle$_3966#57690 (269)
02-23 14:40:46.292  1742  1742 I Layer   : Layer::reparent [Splash Screen org.jinlover.youtubepipsubtitle$_3966#57690] End -------------------------
02-23 14:40:46.292  1742  1742 I SurfaceFlinger: id=57690 Removed Splash Screen org.jinlover.youtubepipsubtitle$_3966#57690 (269)
02-23 14:40:46.292  1742  1742 I SurfaceFlinger: id=57689 Removed 6349285 Splash Screen org.jinlover.youtubepipsubtitle#57689 (269)
02-23 14:40:46.294  1742  1742 D SurfaceFlinger:  SOLID_COLOR |              | 0002 |  Unknown  |    0.0    0.0    0.0    0.0 |    0   81 1080 2214 | Background for SurfaceView[org.jinlo[...]kivy.android.PythonActivity]@0#57705
02-23 14:40:46.294  1742  1742 D SurfaceFlinger:      DEVICE | 0xb40000762dab9380 | 0100 | RGBA_8888    |    0.0    0.0 1080.0 2340.0 |    0    0 1080 2340 | org.jinlover.youtubepipsubtitle/org.kivy.android.PythonActivity$_15323#57697
02-23 14:40:46.300  1742  1742 I Layer   : id=57689 Destroyed 6349285 Splash Screen org.jinlover.youtubepipsubtitle#57689
02-23 14:40:46.300  1742  1742 I Layer   : id=57690 Destroyed Splash Screen org.jinlover.youtubepipsubtitle$_3966#57690
02-23 14:40:46.307  2553  3130 D ScreenCurtainController: onForegroundActivitiesChanged: org.jinlover.youtubepipsubtitle
02-23 14:40:46.311  7648 12964 I SAMSUNGWALLET: [Hint_SimpleHintProcessMonitor] isHomePackageRunning topPkgName = org.jinlover.youtubepipsubtitle, topClsName = org.kivy.android.PythonActivity, return false , se : false
02-23 14:40:46.436  2553  3739 D MdnieScenarioControlService:  packageName : org.jinlover.youtubepipsubtitle    className : org.kivy.android.PythonActivity
02-23 14:40:46.546  1469  1469 E audit   : type=1400 audit(1740339646.539:48712): avc:  granted  { execute } for  pid=15323 comm="SDLThread" path="/data/data/org.jinlover.youtubepipsubtitle/files/app/_python_bundle/modules/_socket.cpython-311.so" dev="dm-58" ino=816926 scontext=u:r:untrusted_app_32:s0:c52,c258,c512,c768 tcontext=u:object_r:app_data_file:s0:c52,c258,c512,c768 tclass=file SEPF_SM-S911N_13_0001 audit_filtered
02-23 14:40:46.549  1469  1469 E audit   : type=1400 audit(1740339646.543:48713): avc:  granted  { execute } for  pid=15323 comm="SDLThread" path="/data/data/org.jinlover.youtubepipsubtitle/files/app/_python_bundle/modules/array.cpython-311.so" dev="dm-58" ino=816975 scontext=u:r:untrusted_app_32:s0:c52,c258,c512,c768 tcontext=u:object_r:app_data_file:s0:c52,c258,c512,c768 tclass=file SEPF_SM-S911N_13_0001 audit_filtered
02-23 14:40:46.552  1469  1469 E audit   : type=1400 audit(1740339646.547:48714): avc:  granted  { execute } for  pid=15323 comm="SDLThread" path="/data/data/org.jinlover.youtubepipsubtitle/files/app/_python_bundle/modules/_ssl.cpython-311.so" dev="dm-58" ino=816931 scontext=u:r:untrusted_app_32:s0:c52,c258,c512,c768 tcontext=u:object_r:app_data_file:s0:c52,c258,c512,c768 tclass=file SEPF_SM-S911N_13_0001 audit_filtered
02-23 14:40:46.556  1469  1469 E audit   : type=1400 audit(1740339646.551:48715): avc:  granted  { execute } for  pid=15323 comm="SDLThread" path="/data/data/org.jinlover.youtubepipsubtitle/files/app/_python_bundle/modules/binascii.cpython-311.so" dev="dm-58" ino=816980 scontext=u:r:untrusted_app_32:s0:c52,c258,c512,c768 tcontext=u:object_r:app_data_file:s0:c52,c258,c512,c768 tclass=file SEPF_SM-S911N_13_0001 audit_filtered
02-23 14:40:46.560  1469  1469 E audit   : type=1400 audit(1740339646.555:48716): avc:  granted  { execute } for  pid=15323 comm="SDLThread" path="/data/data/org.jinlover.youtubepipsubtitle/files/app/_python_bundle/modules/_contextvars.cpython-311.so" dev="dm-58" ino=816866 scontext=u:r:untrusted_app_32:s0:c52,c258,c512,c768 tcontext=u:object_r:app_data_file:s0:c52,c258,c512,c768 tclass=file SEPF_SM-S911N_13_0001 audit_filtered
02-23 14:40:46.561  1469  1469 E audit   : type=1400 audit(1740339646.555:48717): avc:  granted  { execute } for  pid=15323 comm="SDLThread" path="/data/data/org.jinlover.youtubepipsubtitle/files/app/_python_bundle/modules/_asyncio.cpython-311.so" dev="dm-58" ino=816839 scontext=u:r:untrusted_app_32:s0:c52,c258,c512,c768 tcontext=u:object_r:app_data_file:s0:c52,c258,c512,c768 tclass=file SEPF_SM-S911N_13_0001 audit_filtered
02-23 14:40:46.567  1742  1742 I LayerHistory: org.jinlover.youtubepipsubtitle/org.kivy.android.PythonActivity$_15323#57697 Max (can't resolve refresh rate)
02-23 14:40:46.578  1469  1469 E audit   : type=1400 audit(1740339646.571:48718): avc:  granted  { execute } for  pid=15323 comm="SDLThread" path="/data/data/org.jinlover.youtubepipsubtitle/files/app/_python_bundle/site-packages/kivy/_event.so" dev="dm-58" ino=817272 scontext=u:r:untrusted_app_32:s0:c52,c258,c512,c768 tcontext=u:object_r:app_data_file:s0:c52,c258,c512,c768 tclass=file SEPF_SM-S911N_13_0001 audit_filtered
02-23 14:40:46.579  1469  1469 E audit   : type=1400 audit(1740339646.575:48719): avc:  granted  { execute } for  pid=15323 comm="SDLThread" path="/data/data/org.jinlover.youtubepipsubtitle/files/app/_python_bundle/site-packages/kivy/properties.so" dev="dm-58" ino=817876 scontext=u:r:untrusted_app_32:s0:c52,c258,c512,c768 tcontext=u:object_r:app_data_file:s0:c52,c258,c512,c768 tclass=file SEPF_SM-S911N_13_0001 audit_filtered
02-23 14:40:46.580  1469  1469 E audit   : type=1400 audit(1740339646.575:48720): avc:  granted  { execute } for  pid=15323 comm="SDLThread" path="/data/data/org.jinlover.youtubepipsubtitle/files/app/_python_bundle/site-packages/kivy/_metrics.so" dev="dm-58" ino=817273 scontext=u:r:untrusted_app_32:s0:c52,c258,c512,c768 tcontext=u:object_r:app_data_file:s0:c52,c258,c512,c768 tclass=file SEPF_SM-S911N_13_0001 audit_filtered
02-23 14:40:46.582  1469  1469 E audit   : type=1400 audit(1740339646.575:48721): avc:  granted  { execute } for  pid=15323 comm="SDLThread" path="/data/data/org.jinlover.youtubepipsubtitle/files/app/_python_bundle/site-packages/kivy/weakproxy.so" dev="dm-58" ino=818473 scontext=u:r:untrusted_app_32:s0:c52,c258,c512,c768 tcontext=u:object_r:app_data_file:s0:c52,c258,c512,c768 tclass=file SEPF_SM-S911N_13_0001 audit_filtered
02-23 14:40:46.585 15323 15367 I python  : [INFO   ] [Factory     ] 195 symbols loaded
02-23 14:40:46.614  2553  3132 D SGM:GameManager: identifyForegroundApp. org.jinlover.youtubepipsubtitle, mCurrentUserId: 0, callerUserId: 0
02-23 14:40:46.615  2553  3132 D SGM:PkgDataHelper: getGamePkgData(). org.jinlover.youtubepipsubtitle
