02-23 14:21:49.249 29916 29916 D nativeloader: Load libpython3.7m.so using ns clns-4 from class loader (caller=/data/app/~~zDnxTlu0teUJ4qfbzRAtlQ==/org.jinlover.youtubepipsubtitle-ecJLyw9fq0O_S1c0w4Vjow==/base.apk!classes5.dex): dlopen failed: library "libpython3.7m.so" not found
02-23 14:21:49.249 29916 29916 V pythonutil: Library loading error: dlopen failed: library "libpython3.7m.so" not found
02-23 14:21:49.249 29916 29916 V pythonutil: Loading library: python3.8
02-23 14:21:49.249 29916 29916 D nativeloader: Load libpython3.8.so using ns clns-4 from class loader (caller=/data/app/~~zDnxTlu0teUJ4qfbzRAtlQ==/org.jinlover.youtubepipsubtitle-ecJLyw9fq0O_S1c0w4Vjow==/base.apk!classes5.dex): dlopen failed: library "libpython3.8.so" not found
02-23 14:21:49.249 29916 29916 V pythonutil: Library loading error: dlopen failed: library "libpython3.8.so" not found
02-23 14:21:49.249 29916 29916 V pythonutil: Loading library: python3.9
02-23 14:21:49.250 29916 29916 D nativeloader: Load libpython3.9.so using ns clns-4 from class loader (caller=/data/app/~~zDnxTlu0teUJ4qfbzRAtlQ==/org.jinlover.youtubepipsubtitle-ecJLyw9fq0O_S1c0w4Vjow==/base.apk!classes5.dex): dlopen failed: library "libpython3.9.so" not found
02-23 14:21:49.250 29916 29916 V pythonutil: Library loading error: dlopen failed: library "libpython3.9.so" not found
02-23 14:21:49.250 29916 29916 V pythonutil: Loading library: python3.10
02-23 14:21:49.250 29916 29916 D nativeloader: Load libpython3.10.so using ns clns-4 from class loader (caller=/data/app/~~zDnxTlu0teUJ4qfbzRAtlQ==/org.jinlover.youtubepipsubtitle-ecJLyw9fq0O_S1c0w4Vjow==/base.apk!classes5.dex): dlopen failed: library "libpython3.10.so" not found
02-23 14:21:49.250 29916 29916 V pythonutil: Library loading error: dlopen failed: library "libpython3.10.so" not found
02-23 14:21:49.250 29916 29916 V pythonutil: Loading library: python3.11
02-23 14:21:49.254 29916 29916 D nativeloader: Load /data/app/~~zDnxTlu0teUJ4qfbzRAtlQ==/org.jinlover.youtubepipsubtitle-ecJLyw9fq0O_S1c0w4Vjow==/lib/arm64/libpython3.11.so using ns clns-4 from class loader (caller=/data/app/~~zDnxTlu0teUJ4qfbzRAtlQ==/org.jinlover.youtubepipsubtitle-ecJLyw9fq0O_S1c0w4Vjow==/base.apk!classes5.dex): ok
02-23 14:21:49.255 29916 29916 V pythonutil: Loading library: main
02-23 14:21:49.255 29916 29916 D nativeloader: Load /data/app/~~zDnxTlu0teUJ4qfbzRAtlQ==/org.jinlover.youtubepipsubtitle-ecJLyw9fq0O_S1c0w4Vjow==/lib/arm64/libmain.so using ns clns-4 from class loader (caller=/data/app/~~zDnxTlu0teUJ4qfbzRAtlQ==/org.jinlover.youtubepipsubtitle-ecJLyw9fq0O_S1c0w4Vjow==/base.apk!classes5.dex): ok
02-23 14:21:49.255 29916 29916 V pythonutil: Loaded everything!
02-23 14:21:49.275 29916 29916 V PythonActivity: Setting env vars for start.c and Python to use
02-23 14:21:49.275 29916 29916 V PythonActivity: Access to our meta-data...
02-23 14:21:49.275 29916 29916 I PythonActivity: Surface will NOT be transparent
02-23 14:21:49.278 29916 29916 I SurfaceView@25f54d6: onWindowVisibilityChanged(0) true org.libsdl.app.SDLSurface{25f54d6 VFE...... .F....I. 0,0-0,0} of ViewRootImpl@2364581[PythonActivity]
02-23 14:21:49.280  2553  3639 D CoreBackPreview: Window{f31646c u0 org.jinlover.youtubepipsubtitle/org.kivy.android.PythonActivity}: Setting back callback OnBackInvokedCallbackInfo{mCallback=android.window.IOnBackInvokedCallback$Stub$Proxy@c99e4b1, mPriority=0, mIsAnimationCallback=false}
02-23 14:21:49.282  2553  3639 V WindowManager: Relayout Window{f31646c u0 org.jinlover.youtubepipsubtitle/org.kivy.android.PythonActivity}: viewVisibility=0 req=1080x2340 ty=1 d0
02-23 14:21:49.282  1742  1828 I SurfaceFlinger: id=57308 createSurf, flag=44004, org.jinlover.youtubepipsubtitle/org.kivy.android.PythonActivity$_29916#57308
02-23 14:21:49.283  2553  3639 D WindowManager: makeSurface duration=1 name=org.jinlover.youtubepipsubtitle/org.kivy.android.PythonActivity$_29916
02-23 14:21:49.284  2553  3639 V WindowManager: Changing focus from null to Window{f31646c u0 org.jinlover.youtubepipsubtitle/org.kivy.android.PythonActivity} displayId=0 Callers=com.android.server.wm.RootWindowContainer.updateFocusedWindowLocked:581 com.android.server.wm.WindowManagerService.updateFocusedWindowLocked:6910 com.android.server.wm.WindowManagerService.relayoutWindow:2777 com.android.server.wm.Session.relayout:282 
02-23 14:21:49.285  2553  3639 D InsetsSourceProvider: updateControlForTarget: control=InsetsSourceControl: {fc790000 mType=statusBars initiallyVisible mSurfacePosition=Point(0, 0) mInsetsHint=Insets{left=0, top=81, right=0, bottom=0}}, target=Window{f31646c u0 org.jinlover.youtubepipsubtitle/org.kivy.android.PythonActivity}, from=com.android.server.wm.InsetsStateController.onControlTargetChanged:363 com.android.server.wm.InsetsStateController.onBarControlTargetChanged:329 com.android.server.wm.InsetsPolicy.updateBarControlTarget:173 com.android.server.wm.InsetsPolicy.updateSystemBars:843 com.android.server.wm.DisplayPolicy.updateSystemBarsLw:3484 
02-23 14:21:49.285  2553  3639 D InsetsSourceProvider: updateControlForTarget: control=InsetsSourceControl: {80cc0001 mType=navigationBars initiallyVisible mSurfacePosition=Point(0, 2214) mInsetsHint=Insets{left=0, top=0, right=0, bottom=126}}, target=Window{f31646c u0 org.jinlover.youtubepipsubtitle/org.kivy.android.PythonActivity}, from=com.android.server.wm.InsetsStateController.onControlTargetChanged:363 com.android.server.wm.InsetsStateController.onBarControlTargetChanged:332 com.android.server.wm.InsetsPolicy.updateBarControlTarget:173 com.android.server.wm.InsetsPolicy.updateSystemBars:843 com.android.server.wm.DisplayPolicy.updateSystemBarsLw:3484 
02-23 14:21:49.285  2553  3639 V SystemKeyManager: updateFocusedWindow() is called, org.jinlover.youtubepipsubtitle/org.kivy.android.PythonActivity
02-23 14:21:49.293 29916 29916 I BLASTBufferQueue_Java: new BLASTBufferQueue, mName= ViewRootImpl@2364581[PythonActivity] mNativeObject= 0xb4000075e2140500 sc.mNativeObject= 0xb4000075d6d22180 caller= android.view.ViewRootImpl.updateBlastSurfaceIfNeeded:3085 android.view.ViewRootImpl.relayoutWindow:10224 android.view.ViewRootImpl.performTraversals:4167 android.view.ViewRootImpl.doTraversal:3345 android.view.ViewRootImpl$TraversalRunnable.run:11437 android.view.Choreographer$CallbackRecord.run:1690 android.view.Choreographer$CallbackRecord.run:1699 android.view.Choreographer.doCallbacks:1154 android.view.Choreographer.doFrame:1080 android.view.Choreographer$FrameDisplayEventReceiver.run:1647 
02-23 14:21:49.293 29916 29916 I BLASTBufferQueue_Java: update, w= 1080 h= 2340 mName = ViewRootImpl@2364581[PythonActivity] mNativeObject= 0xb4000075e2140500 sc.mNativeObject= 0xb4000075d6d22180 format= -3 caller= android.graphics.BLASTBufferQueue.<init>:89 android.view.ViewRootImpl.updateBlastSurfaceIfNeeded:3085 android.view.ViewRootImpl.relayoutWindow:10224 android.view.ViewRootImpl.performTraversals:4167 android.view.ViewRootImpl.doTraversal:3345 android.view.ViewRootImpl$TraversalRunnable.run:11437 
02-23 14:21:49.293 29916 29916 I ViewRootImpl@2364581[PythonActivity]: Relayout returned: old=(0,0,1080,2340) new=(0,0,1080,2340) relayoutAsync=false req=(1080,2340)0 dur=6 res=0x403 s={true 0xb4000075e20cc000} ch=true seqId=0
02-23 14:21:49.294 29916 29916 I ViewRootImpl@2364581[PythonActivity]: performConfigurationChange setNightDimText nightDimLevel=0
02-23 14:21:49.294 29916 29916 D ViewRootImpl@2364581[PythonActivity]: mThreadedRenderer.initialize() mSurface={isValid=true 0xb4000075e20cc000} hwInitialized=true
02-23 14:21:49.295 29916 29916 I SurfaceView@25f54d6: windowStopped(false) true org.libsdl.app.SDLSurface{25f54d6 VFE...... .F....ID 0,0-1080,2133} of ViewRootImpl@2364581[PythonActivity]
02-23 14:21:49.297 29916 29916 D ViewRootImpl@2364581[PythonActivity]: reportNextDraw android.view.ViewRootImpl.performTraversals:4781 android.view.ViewRootImpl.doTraversal:3345 android.view.ViewRootImpl$TraversalRunnable.run:11437 android.view.Choreographer$CallbackRecord.run:1690 android.view.Choreographer$CallbackRecord.run:1699 
02-23 14:21:49.297  1742  2106 I SurfaceFlinger: id=57311 createSurf, flag=20004, Bounds for - org.jinlover.youtubepipsubtitle/org.kivy.android.PythonActivity@0#57311
02-23 14:21:49.298  1742  2106 I SurfaceFlinger: id=57312 createSurf, flag=84004, SurfaceView[org.jinlover.youtubepipsubtitle/org.kivy.android.PythonActivity]@0#57312
02-23 14:21:49.298  1742  2106 I SurfaceFlinger: id=57313 createSurf, flag=44400, SurfaceView[org.jinlover.youtubepipsubtitle/org.kivy.android.PythonActivity]@0(BLAST)#57313
02-23 14:21:49.298  1742  2106 I SurfaceFlinger: id=57314 createSurf, flag=20404, Background for SurfaceView[org.jinlover.youtubepipsubtitle/org.kivy.android.PythonActivity]@0#57314
02-23 14:21:49.302  1742  1742 I Layer   : Layer [Bounds for - org.jinlover.youtubepipsubtitle/org.kivy.android.PythonActivity@0#57311] hidden!! flag(0)
02-23 14:21:49.304  2553  4060 D InputDispatcher: Focus request (0): f31646c org.jinlover.youtubepipsubtitle/org.kivy.android.PythonActivity but waiting because NOT_VISIBLE
02-23 14:21:49.308 29916 29952 V SDL     : Running main function SDL_main from library /data/app/~~zDnxTlu0teUJ4qfbzRAtlQ==/org.jinlover.youtubepipsubtitle-ecJLyw9fq0O_S1c0w4Vjow==/lib/arm64/libmain.so
02-23 14:21:49.308 29916 29952 V PythonActivity: appConfirmedActive() -> preparing loading screen removal
02-23 14:21:49.309 29916 29952 I python  : Initializing Python for Android
02-23 14:21:49.309 29916 29952 I python  : Setting additional env vars from p4a_env_vars.txt
02-23 14:21:49.309 29916 29916 I ViewRootImpl@2364581[PythonActivity]: Setup new sync=wmsSync-ViewRootImpl@2364581[PythonActivity]#1
02-23 14:21:49.309 29916 29916 I ViewRootImpl@2364581[PythonActivity]: Creating new active sync group ViewRootImpl@2364581[PythonActivity]#2
02-23 14:21:49.309 29916 29916 I SurfaceSyncGroup: addLocalSync=ViewRootImpl@2364581[PythonActivity]#2 to name=wmsSync-ViewRootImpl@2364581[PythonActivity]#1, callers=android.window.SurfaceSyncGroup.add:431 android.window.SurfaceSyncGroup.add:392 android.window.SurfaceSyncGroup.add:340 android.view.ViewRootImpl.createSyncIfNeeded:4912 android.view.ViewRootImpl.performTraversals:4796 android.view.ViewRootImpl.doTraversal:3345 
02-23 14:21:49.309 29916 29952 I python  : Changing directory to the one provided by ANDROID_ARGUMENT
02-23 14:21:49.309 29916 29952 I python  : /data/user/0/org.jinlover.youtubepipsubtitle/files/app
02-23 14:21:49.310 29916 29916 I ViewRootImpl@2364581[PythonActivity]: registerCallbacksForSync syncBuffer=false
02-23 14:21:49.310 29916 29952 I python  : Preparing to initialize python
02-23 14:21:49.310 29916 29952 I python  : _python_bundle dir exists
02-23 14:21:49.310 29916 29952 I python  : calculated paths to be...
02-23 14:21:49.310 29916 29952 I python  : /data/user/0/org.jinlover.youtubepipsubtitle/files/app/_python_bundle/stdlib.zip:/data/user/0/org.jinlover.youtubepipsubtitle/files/app/_python_bundle/modules
02-23 14:21:49.313 29916 29943 I SurfaceView@25f54d6: aOrMT: ViewRootImpl@2364581[PythonActivity] t = android.view.SurfaceControl$Transaction@5596d29 fN = 1 android.view.SurfaceView.-$$Nest$mapplyOrMergeTransaction:0 android.view.SurfaceView$SurfaceViewPositionUpdateListener.positionChanged:1667 android.graphics.RenderNode$CompositePositionUpdateListener.positionChanged:369 
02-23 14:21:49.313 29916 29943 I ViewRootImpl@2364581[PythonActivity]: mWNT: t=0xb4000075d6da6380 mBlastBufferQueue=0xb4000075e2140500 fn= 1 mRenderHdrSdrRatio=1.0 caller= android.view.SurfaceView.applyOrMergeTransaction:1599 android.view.SurfaceView.-$$Nest$mapplyOrMergeTransaction:0 android.view.SurfaceView$SurfaceViewPositionUpdateListener.positionChanged:1667 
02-23 14:21:49.313 29916 29952 I python  : set wchar paths...
02-23 14:21:49.314 29916 29954 I ViewRootImpl@2364581[PythonActivity]: Received frameDrawingCallback syncResult=0 frameNum=1.
02-23 14:21:49.315 29916 29954 I ViewRootImpl@2364581[PythonActivity]: mWNT: t=0xb4000075d6da6980 mBlastBufferQueue=0xb4000075e2140500 fn= 1 mRenderHdrSdrRatio=1.0 caller= android.view.ViewRootImpl$8.onFrameDraw:13946 android.view.ThreadedRenderer$1.onFrameDraw:792 <bottom of call stack> 
02-23 14:21:49.315 29916 29954 I ViewRootImpl@2364581[PythonActivity]: Setting up sync and frameCommitCallback
02-23 14:21:49.335 29916 29943 I BLASTBufferQueue: [ViewRootImpl@2364581[PythonActivity]#0](f:0,a:0,s:0) onFrameAvailable the first frame is available
02-23 14:21:49.336  1469  1469 E audit   : type=1400 audit(1740338509.327:48158): avc:  granted  { execute } for  pid=29916 comm="SDLThread" path="/data/data/org.jinlover.youtubepipsubtitle/files/app/_python_bundle/modules/zlib.cpython-311.so" dev="dm-58" ino=816819 scontext=u:r:untrusted_app_32:s0:c52,c258,c512,c768 tcontext=u:object_r:app_data_file:s0:c52,c258,c512,c768 tclass=file SEPF_SM-S911N_13_0001 audit_filtered
02-23 14:21:49.338 29916 29943 I ViewRootImpl@2364581[PythonActivity]: Received frameCommittedCallback lastAttemptedDrawFrameNum=1 didProduceBuffer=true
02-23 14:21:49.338 29916 29943 I SurfaceSyncGroup: onTransactionReady mName=wmsSync-ViewRootImpl@2364581[PythonActivity]#1 callback=9788080
02-23 14:21:49.339 29916 29916 I ViewRootImpl@2364581[PythonActivity]: reportDrawFinished seqId=0
02-23 14:21:49.339  2553  2802 D WindowManager: finishDrawingWindow: Window{f31646c u0 org.jinlover.youtubepipsubtitle/org.kivy.android.PythonActivity} mDrawState=DRAW_PENDING seqId=0
02-23 14:21:49.340  2553  3133 V WindowManager: Finish starting ActivityRecord{7ec8920 u0 org.jinlover.youtubepipsubtitle/org.kivy.android.PythonActivity t41958}: first real window is shown, no animation
02-23 14:21:49.341 29916 29916 I BLASTBufferQueue_Java: update, w= 1080 h= 2340 mName = ViewRootImpl@2364581[PythonActivity] mNativeObject= 0xb4000075e2140500 sc.mNativeObject= 0xb4000075d6d22180 format= -3 caller= android.view.ViewRootImpl.updateBlastSurfaceIfNeeded:3074 android.view.ViewRootImpl.relayoutWindow:10224 android.view.ViewRootImpl.performTraversals:4167 android.view.ViewRootImpl.doTraversal:3345 android.view.ViewRootImpl$TraversalRunnable.run:11437 android.view.Choreographer$CallbackRecord.run:1690 
02-23 14:21:49.341 29916 29916 I ViewRootImpl@2364581[PythonActivity]: Relayout returned: old=(0,0,1080,2340) new=(0,0,1080,2340) relayoutAsync=true req=(1080,2340)0 dur=0 res=0x0 s={true 0xb4000075e20cc000} ch=false seqId=0
02-23 14:21:49.341 29916 29916 I ViewRootImpl@2364581[PythonActivity]: updateBoundsLayer: t=android.view.SurfaceControl$Transaction@86d71dc sc=Surface(name=Bounds for - org.jinlover.youtubepipsubtitle/org.kivy.android.PythonActivity@0)/@0xb72b2e5 frame=2
02-23 14:21:49.341 29916 29916 I ViewRootImpl@2364581[PythonActivity]: registerCallbackForPendingTransactions
02-23 14:21:49.342  2553  3133 V WindowManager: Schedule remove starting ActivityRecord{7ec8920 u0 org.jinlover.youtubepipsubtitle/org.kivy.android.PythonActivity t41958} startingWindow=Window{14a5caa u0 Splash Screen org.jinlover.youtubepipsubtitle} animate=true Callers=com.android.server.wm.ActivityRecord.removeStartingWindow:3496 com.android.server.wm.ActivityRecord.onFirstWindowDrawn:8007 com.android.server.wm.WindowState.performShowLocked:5350 com.android.server.wm.WindowStateAnimator.commitFinishDrawingLocked:286 com.android.server.wm.DisplayContent.lambda$new$8:1293 
02-23 14:21:49.342  2553  3133 D TaskOrganizerController: applyStartingWindowAnimation, window=Window{f31646c u0 org.jinlover.youtubepipsubtitle/org.kivy.android.PythonActivity}, caller=com.android.server.wm.TaskOrganizerController.removeStartingWindow:809 com.android.server.wm.StartingSurfaceController$StartingSurface.remove:292 com.android.server.wm.ActivityRecord.removeStartingWindowAnimation:3576 
02-23 14:21:49.342  2553  3133 I WindowManager: Reparenting to leash, surface=Surface(name=f31646c org.jinlover.youtubepipsubtitle/org.kivy.android.PythonActivity)/@0x6f778e9, leashParent=Surface(name=ActivityRecord{7ec8920 u0 org.jinlover.youtubepipsubtitle/org.kivy.android.PythonActivity t41958})/@0xccdf92d
02-23 14:21:49.342 29916 29916 I InsetsSourceConsumer: applyRequestedVisibilityToControl: visible=true, type=statusBars, host=org.jinlover.youtubepipsubtitle/org.kivy.android.PythonActivity
02-23 14:21:49.342  1742  2106 I SurfaceFlinger: id=57315 createSurf, flag=24000, Surface(name=f31646c org.jinlover.youtubepipsubtitle/org.kivy.android.PythonActivity)/@0x6f778e9 - animation-leash of starting_reveal#57315
02-23 14:21:49.342 29916 29916 I InsetsSourceConsumer: applyRequestedVisibilityToControl: visible=true, type=navigationBars, host=org.jinlover.youtubepipsubtitle/org.kivy.android.PythonActivity
02-23 14:21:49.343 29916 29952 I python  : Initialized python
02-23 14:21:49.343 29916 29952 I python  : AND: Init threads
02-23 14:21:49.344  2553  3133 D WindowManager: makeSurface duration=1 leash=Surface(name=Surface(name=f31646c org.jinlover.youtubepipsubtitle/org.kivy.android.PythonActivity)/@0x6f778e9 - animation-leash of starting_reveal)/@0xb6ba96e
02-23 14:21:49.344  1742  1742 I Layer   : Layer [SurfaceView[org.jinlover.youtubepipsubtitle/org.kivy.android.PythonActivity]@0#57312] hidden!! flag(0)
02-23 14:21:49.344  1742  1742 I Layer   : Layer [Background for SurfaceView[org.jinlover.youtubepipsubtitle/org.kivy.android.PythonActivity]@0#57314] hidden!! flag(0)
02-23 14:21:49.345 29916 29954 I ViewRootImpl@2364581[PythonActivity]: mWNT: t=0xb4000075d6da7e80 mBlastBufferQueue=0xb4000075e2140500 fn= 2 mRenderHdrSdrRatio=1.0 caller= android.view.ViewRootImpl$6.onFrameDraw:5705 android.view.ViewRootImpl$2.onFrameDraw:2190 android.view.ThreadedRenderer$1.onFrameDraw:792 
02-23 14:21:49.346  2553  3129 W ziparchive: Unable to open '/data/app/~~zDnxTlu0teUJ4qfbzRAtlQ==/org.jinlover.youtubepipsubtitle-ecJLyw9fq0O_S1c0w4Vjow==/base.dm': No such file or directory
02-23 14:21:49.347  2553  3129 I PkgPredictorService-SecIpmManagerServiceImpl: reportToNAP uid:10564 org.jinlover.youtubepipsubtitle/org.kivy.android.PythonActivity thisTime:373
02-23 14:21:49.347  2553  3129 I ActivityTaskManager: Displayed org.jinlover.youtubepipsubtitle/org.kivy.android.PythonActivity for user 0: +373ms
02-23 14:21:49.347  2553  3129 I Pageboost: Launch time gathered : pid 29916 org.jinlover.youtubepipsubtitle 373
02-23 14:21:49.348  2553  3133 V WindowManager: performShowLocked: mDrawState=HAS_DRAWN in Window{f31646c u0 org.jinlover.youtubepipsubtitle/org.kivy.android.PythonActivity}
02-23 14:21:49.348 29916 29952 I python  : testing python print redirection
02-23 14:21:49.349 29916 29952 I python  : Android path ['.', '/data/user/0/org.jinlover.youtubepipsubtitle/files/app/_python_bundle/stdlib.zip', '/data/user/0/org.jinlover.youtubepipsubtitle/files/app/_python_bundle/modules', '/data/user/0/org.jinlover.youtubepipsubtitle/files/app/_python_bundle/site-packages']
02-23 14:21:49.349 29916 29952 I python  : os.environ is environ({'PATH': '/product/bin:/apex/com.android.runtime/bin:/apex/com.android.art/bin:/system_ext/bin:/system/bin:/system/xbin:/odm/bin:/vendor/bin:/vendor/xbin', 'MOUNT_SYSTEM_OK': 'true', 'ANDROID_BOOTLOGO': '1', 'ANDROID_ROOT': '/system', 'ANDROID_ASSETS': '/system/app', 'ANDROID_DATA': '/data', 'ANDROID_STORAGE': '/storage', 'ANDROID_ART_ROOT': '/apex/com.android.art', 'ANDROID_I18N_ROOT': '/apex/com.android.i18n', 'ANDROID_TZDATA_ROOT': '/apex/com.android.tzdata', 'EXTERNAL_STORAGE': '/sdcard', 'ASEC_MOUNTPOINT': '/mnt/asec', 'MEMTAG_OPTIONS': 'off', 'DOWNLOAD_CACHE': '/data/cache', 'BOOTCLASSPATH': '/apex/com.android.art/javalib/core-oj.jar:/apex/com.android.art/javalib/core-libart.jar:/apex/com.android.art/javalib/okhttp.jar:/apex/com.android.art/javalib/bouncycastle.jar:/apex/com.android.art/javalib/apache-xml.jar:/system/framework/framework.jar:/system/framework/framework-graphics.jar:/system/framework/ext.jar:/system/framework/telephony-common.jar:/system/framework/voip-common.jar:/system/framework/ims-common.jar:/system/framework/knoxsdk.jar:/system/framework/tcmiface.jar:/system/framework/telephony-ext.jar:/system/framework/QPerformance.jar:/system/framework/UxPerformance.jar:/system/framework/esecomm.jar:/apex/com.android.i18n/javalib/core-icu4j.jar:/apex/com.android.adservices/javalib/framework-adservices.jar:/apex/com.android.adservices/javalib/framework-sdksandbox.jar:/apex/com.android.appsearch/javalib/framework-appsearch.jar:/apex/com.android.btservices/javalib/framework-bluetooth.jar:/apex/com.android.configinfrastructure/javalib/framework-configinfrastructure.jar:/apex/com.android.conscrypt/javalib/conscrypt.jar:/apex/com.android.devicelock/javalib/framework-devicelock.jar:/apex/com.android.healthfitness/javalib/framework-healthfitness.jar:/apex/com.android.ipsec/javalib/android.net.ipsec.ike.jar:/apex/com.android.media/javalib/updatable-media.jar:/apex/com.android.mediaprovider/javalib/framework-mediaprovider.jar:/apex/com.android.mediaprovider/javalib/framework-pdf.jar:/apex/com.android.mediaprovider/javalib/framework-photopicker.jar:/apex/com.android.ondevicepersonalization/javalib/framework-ondevicepersonalization.jar:/apex/com.android.os.statsd/javalib/framework-statsd.jar:/apex/com.android.permission/javalib/framework-permission.jar:/apex/com.android.permission/javalib/framework-permission-s.jar:/apex/com.android.scheduling/javalib/framework-scheduling.jar:/apex/com.android.sdkext/javalib/framework-sdkextensions.jar:/apex/com.android.tethering/javalib/framework-connectivity.jar:/apex/com.android.tethering/javalib/framework-connectivity-t.jar:/apex/com.android.tethering/javalib/framework-tethering.jar:/apex/com.android.uwb/javalib/framework-uwb.jar:/apex/com.android.virt/javalib/framework-virtualization.jar:/apex/com.android.wifi/javalib/framework-wifi.jar:/apex/com.samsung.android.lifeguard/javalib/framework-lifeguard.jar:/apex/com.samsung.android.shell/javalib/framework-samsung-shell.jar', 'DEX2OATBOOTCLASSPATH': '/apex/com.android.art/javalib/core-oj.jar:/apex/com.android.art/javalib/core-libart.jar:/apex/com.android.art/javalib/okhttp.jar:/apex/com.android.art/javalib/bouncycastle.jar:/apex/com.android.art/javalib/apache-xml.jar:/system/framework/framework.jar:/system/framework/framework-graphics.jar:/system/framework/ext.jar:/system/framework/telephony-common.jar:/system/framework/voip-common.jar:/system/framework/ims-common.jar:/system/framework/knoxsdk.jar:/system/framework/tcmiface.jar:/system/framework/telephony-ext.jar:/system/framework/QPerformance.jar:/system/framework/UxPerformance.jar:/system/framework/esecomm.jar:/apex/com.android.i18n/javalib/core-icu4j.jar', 'SYSTEMSERVERCLASSPATH': '/system/framework/com.android.location.provider.jar:/system/framework/knoxanalyticssdk.jar:/system/framework/mcfsdk.jar:/system/framework/uibc_java.jar:/system/framework/services.jar:/system/framework/semwifi-service.jar:/system/framework/ssrm.jar:/apex/com.android.adservices/javalib/service-adservices.jar:/apex/com.android.adservices/javalib/servic
02-23 14:21:49.349 29916 29952 I python  : Android kivy bootstrap done. __name__ is __main__
02-23 14:21:49.349 29916 29952 I python  : AND: Ran string
02-23 14:21:49.349 29916 29952 I python  : Run user program, change dir and execute entrypoint
02-23 14:21:49.351  2553  2802 V WindowManager: Relayout Window{f31646c u0 org.jinlover.youtubepipsubtitle/org.kivy.android.PythonActivity}: viewVisibility=0 req=1080x2340 ty=1 d0
02-23 14:21:49.352  1742  1742 I Layer   : Layer::reparent [f31646c org.jinlover.youtubepipsubtitle/org.kivy.android.PythonActivity#57307] newParent : Surface(name=f31646c org.jinlover.youtubepipsubtitle/org.kivy.android.PythonActivity)/@0x6f778e9 - animation-leash of starting_reveal#57315 , isRemovedFromCurrentState : 0 -------------------------
02-23 14:21:49.352  1742  1742 I Layer   : Layer::reparent [f31646c org.jinlover.youtubepipsubtitle/org.kivy.android.PythonActivity#57307] End -------------------------
02-23 14:21:49.352  1742  1742 I Layer   : Layer [org.jinlover.youtubepipsubtitle/org.kivy.android.PythonActivity$_29916#57308] hidden!! flag(0)
02-23 14:21:49.354  3966  4745 I ViewRootImpl@c73d400[youtubepipsubtitle]: mWNT: t=0xb4000074c6bc7600 mBlastBufferQueue=0xb4000074f41e4e00 fn= 2 mRenderHdrSdrRatio=1.0 caller= android.view.SyncRtSurfaceTransactionApplier.applyTransaction:96 android.view.SyncRtSurfaceTransactionApplier.lambda$scheduleApply$0:69 android.view.SyncRtSurfaceTransactionApplier.$r8$lambda$SgowXC58rj3PR958kHUfRgLZmvE:0 
02-23 14:21:49.354  3966  4745 I ViewRootImpl@c73d400[youtubepipsubtitle]: mWNT: t=0xb4000074c6bc8500 mBlastBufferQueue=0xb4000074f41e4e00 fn= 2 mRenderHdrSdrRatio=1.0 caller= android.view.SyncRtSurfaceTransactionApplier.applyTransaction:96 android.view.SyncRtSurfaceTransactionApplier.lambda$scheduleApply$0:69 android.view.SyncRtSurfaceTransactionApplier.$r8$lambda$SgowXC58rj3PR958kHUfRgLZmvE:0 
02-23 14:21:49.354  2553  3639 D InputDispatcher: Focus entered window (0): f31646c org.jinlover.youtubepipsubtitle/org.kivy.android.PythonActivity
02-23 14:21:49.355 29916 29916 I ViewRootImpl@2364581[PythonActivity]: handleWindowFocusChanged: 1 0 call from android.view.ViewRootImpl.-$$Nest$mhandleWindowFocusChanged:0
02-23 14:21:49.356 29916 29916 D ViewRootImpl@2364581[PythonActivity]: mThreadedRenderer.initializeIfNeeded()#2 mSurface={isValid=true 0xb4000075e20cc000}
02-23 14:21:49.356  1742  1742 D SurfaceFlinger:      CLIENT |              | 0002 |  Unknown  |    0.0    0.0    0.0    0.0 |    9   94 1079 2208 | Background for SurfaceView[org.jinlo[...]kivy.android.PythonActivity]@0#57314
02-23 14:21:49.356  1742  1742 D SurfaceFlinger:      CLIENT | 0xb40000762dab9a00 | 0100 | RGBA_8888    |    0.0    0.0 1080.0 2340.0 |    9   13 1079 2333 | org.jinlover.youtubepipsubtitle/org.kivy.android.PythonActivity$_29916#57308
02-23 14:21:49.358  2553  3639 I ImeTracker: org.jinlover.youtubepipsubtitle:7ec6ed58: onRequestHide at ORIGIN_SERVER_HIDE_INPUT reason HIDE_UNSPECIFIED_WINDOW
02-23 14:21:49.358  2553  3639 I ImeTracker: org.jinlover.youtubepipsubtitle:7ec6ed58: onCancelled at PHASE_SERVER_SHOULD_HIDE
02-23 14:21:49.364  3966  4746 I ViewRootImpl@c73d400[youtubepipsubtitle]: mWNT: t=0xb4000074c6be4380 mBlastBufferQueue=0xb4000074f41e4e00 fn= 3 mRenderHdrSdrRatio=1.0 caller= android.view.SyncRtSurfaceTransactionApplier.applyTransaction:96 android.view.SyncRtSurfaceTransactionApplier.lambda$scheduleApply$0:69 android.view.SyncRtSurfaceTransactionApplier.$r8$lambda$SgowXC58rj3PR958kHUfRgLZmvE:0 
02-23 14:21:49.369  2553  4060 D InsetsSourceProvider: updateControlForTarget: control=InsetsSourceControl: {3 mType=ime mSurfacePosition=Point(0, 81) mInsetsHint=Insets{left=0, top=0, right=0, bottom=991}}, target=Window{f31646c u0 org.jinlover.youtubepipsubtitle/org.kivy.android.PythonActivity}, from=com.android.server.wm.ImeInsetsSourceProvider.updateControlForTarget:165 com.android.server.wm.InsetsStateController.onControlTargetChanged:363 com.android.server.wm.InsetsStateController.onImeControlTargetChanged:307 com.android.server.wm.DisplayContent.updateImeControlTarget:5763 com.android.server.wm.DisplayContent.updateImeInputAndControlTarget:5723 
02-23 14:21:49.370  3966  4745 I ViewRootImpl@c73d400[youtubepipsubtitle]: mWNT: t=0xb4000074c6be4c80 mBlastBufferQueue=0xb4000074f41e4e00 fn= 4 mRenderHdrSdrRatio=1.0 caller= android.view.SyncRtSurfaceTransactionApplier.applyTransaction:96 android.view.SyncRtSurfaceTransactionApplier.lambda$scheduleApply$0:69 android.view.SyncRtSurfaceTransactionApplier.$r8$lambda$SgowXC58rj3PR958kHUfRgLZmvE:0 
02-23 14:21:49.373  8201  8201 I HBD     : b [AiWriter] setContact : org.jinlover.youtubepipsubtitle
02-23 14:21:49.373  8201  8201 I HBD     : a [AiWriter] setContact : org.jinlover.youtubepipsubtitle
02-23 14:21:49.376 29916 29916 I InsetsSourceConsumer: applyRequestedVisibilityToControl: visible=false, type=ime, host=org.jinlover.youtubepipsubtitle/org.kivy.android.PythonActivity
02-23 14:21:49.377  1742  1742 I Layer   : Layer::reparent [ImeContainer#17] newParent : ActivityRecord{7ec8920 u0 org.jinlover.youtubepipsubtitle/org.kivy.android.PythonActivity t41958}#57297 , isRemovedFromCurrentState : 0 -------------------------
02-23 14:21:49.380  3966  4746 I ViewRootImpl@c73d400[youtubepipsubtitle]: mWNT: t=0xb4000074c6be4e00 mBlastBufferQueue=0xb4000074f41e4e00 fn= 5 mRenderHdrSdrRatio=1.0 caller= android.view.SyncRtSurfaceTransactionApplier.applyTransaction:96 android.view.SyncRtSurfaceTransactionApplier.lambda$scheduleApply$0:69 android.view.SyncRtSurfaceTransactionApplier.$r8$lambda$SgowXC58rj3PR958kHUfRgLZmvE:0 
02-23 14:21:49.381  7648 12964 I SAMSUNGWALLET: [Hint_SimpleHintProcessMonitor] isHomePackageRunning topPkgName = org.jinlover.youtubepipsubtitle, topClsName = org.kivy.android.PythonActivity, return false , se : false
02-23 14:21:49.382  1469  1469 E audit   : type=1400 audit(1740338509.375:48159): avc:  granted  { execute } for  pid=29916 comm="SDLThread" path="/data/data/org.jinlover.youtubepipsubtitle/files/app/_python_bundle/modules/_lzma.cpython-311.so" dev="dm-58" ino=816398 scontext=u:r:untrusted_app_32:s0:c52,c258,c512,c768 tcontext=u:object_r:app_data_file:s0:c52,c258,c512,c768 tclass=file SEPF_SM-S911N_13_0001 audit_filtered
02-23 14:21:49.386  8201 13933 I HBD     : i [SKE_SPECIFIC] specific model[org.jinlover.youtubepipsubtitle] loaded, 1391771 ns
02-23 14:21:49.389  3966  4745 I ViewRootImpl@c73d400[youtubepipsubtitle]: mWNT: t=0xb4000074c6be5100 mBlastBufferQueue=0xb4000074f41e4e00 fn= 6 mRenderHdrSdrRatio=1.0 caller= android.view.SyncRtSurfaceTransactionApplier.applyTransaction:96 android.view.SyncRtSurfaceTransactionApplier.lambda$scheduleApply$0:69 android.view.SyncRtSurfaceTransactionApplier.$r8$lambda$SgowXC58rj3PR958kHUfRgLZmvE:0 
02-23 14:21:49.396  1469  1469 E audit   : type=1400 audit(1740338509.391:48160): avc:  granted  { execute } for  pid=29916 comm="SDLThread" path="/data/data/org.jinlover.youtubepipsubtitle/files/app/_python_bundle/modules/_typing.cpython-311.so" dev="dm-58" ino=816454 scontext=u:r:untrusted_app_32:s0:c52,c258,c512,c768 tcontext=u:object_r:app_data_file:s0:c52,c258,c512,c768 tclass=file SEPF_SM-S911N_13_0001 audit_filtered
02-23 14:21:49.397  3966  4746 I ViewRootImpl@c73d400[youtubepipsubtitle]: mWNT: t=0xb4000074c6be5280 mBlastBufferQueue=0xb4000074f41e4e00 fn= 7 mRenderHdrSdrRatio=1.0 caller= android.view.SyncRtSurfaceTransactionApplier.applyTransaction:96 android.view.SyncRtSurfaceTransactionApplier.lambda$scheduleApply$0:69 android.view.SyncRtSurfaceTransactionApplier.$r8$lambda$SgowXC58rj3PR958kHUfRgLZmvE:0 
02-23 14:21:49.401  2553  2802 D PersonaActivityHelper: token.toString()  Token{49d949e ActivityRecord{7ec8920 u0 org.jinlover.youtubepipsubtitle/org.kivy.android.PythonActivity t41958}}
02-23 14:21:49.403  1742  1742 I Layer   : id=57297 removeFromCurrentState ActivityRecord{7ec8920 u0 org.jinlover.youtubepipsubtitle/org.kivy.android.PythonActivity t41958}#57297 (277)
02-23 14:21:49.403  1742  1742 I Layer   : id=57305 removeFromCurrentState 4ff35dd ActivityRecordInputSink org.jinlover.youtubepipsubtitle/org.kivy.android.PythonActivity#57305 (277)
02-23 14:21:49.403  1742  1742 I Layer   : id=57315 removeFromCurrentState Surface(name=f31646c org.jinlover.youtubepipsubtitle/org.kivy.android.PythonActivity)/@0x6f778e9 - animation-leash of starting_reveal#57315 (277)
02-23 14:21:49.403  1742  1742 I Layer   : id=57307 removeFromCurrentState f31646c org.jinlover.youtubepipsubtitle/org.kivy.android.PythonActivity#57307 (277)
02-23 14:21:49.403  1742  1742 I Layer   : id=57308 removeFromCurrentState org.jinlover.youtubepipsubtitle/org.kivy.android.PythonActivity$_29916#57308 (277)
02-23 14:21:49.403  1742  1742 I Layer   : id=57311 removeFromCurrentState Bounds for - org.jinlover.youtubepipsubtitle/org.kivy.android.PythonActivity@0#57311 (277)
02-23 14:21:49.403  1742  1742 I Layer   : id=57312 removeFromCurrentState SurfaceView[org.jinlover.youtubepipsubtitle/org.kivy.android.PythonActivity]@0#57312 (277)
02-23 14:21:49.403  1742  1742 I Layer   : id=57314 removeFromCurrentState Background for SurfaceView[org.jinlover.youtubepipsubtitle/org.kivy.android.PythonActivity]@0#57314 (277)
02-23 14:21:49.403  1742  1742 I Layer   : id=57313 removeFromCurrentState SurfaceView[org.jinlover.youtubepipsubtitle/org.kivy.android.PythonActivity]@0(BLAST)#57313 (277)
02-23 14:21:49.403  1742  1742 I Layer   : id=57298 removeFromCurrentState 14a5caa Splash Screen org.jinlover.youtubepipsubtitle#57298 (277)
02-23 14:21:49.403  1742  1742 I Layer   : id=57299 removeFromCurrentState Splash Screen org.jinlover.youtubepipsubtitle$_3966#57299 (277)
02-23 14:21:49.403  1742  1742 I Layer   : id=57297 addToCurrentState ActivityRecord{7ec8920 u0 org.jinlover.youtubepipsubtitle/org.kivy.android.PythonActivity t41958}#57297 (277)
02-23 14:21:49.403  1742  1742 I Layer   : id=57305 addToCurrentState 4ff35dd ActivityRecordInputSink org.jinlover.youtubepipsubtitle/org.kivy.android.PythonActivity#57305 (277)
02-23 14:21:49.403  1742  1742 I Layer   : id=57315 addToCurrentState Surface(name=f31646c org.jinlover.youtubepipsubtitle/org.kivy.android.PythonActivity)/@0x6f778e9 - animation-leash of starting_reveal#57315 (277)
02-23 14:21:49.403  1742  1742 I Layer   : id=57307 addToCurrentState f31646c org.jinlover.youtubepipsubtitle/org.kivy.android.PythonActivity#57307 (277)
02-23 14:21:49.403  1742  1742 I Layer   : id=57308 addToCurrentState org.jinlover.youtubepipsubtitle/org.kivy.android.PythonActivity$_29916#57308 (277)
02-23 14:21:49.403  1742  1742 I Layer   : id=57311 addToCurrentState Bounds for - org.jinlover.youtubepipsubtitle/org.kivy.android.PythonActivity@0#57311 (277)
02-23 14:21:49.403  1742  1742 I Layer   : id=57312 addToCurrentState SurfaceView[org.jinlover.youtubepipsubtitle/org.kivy.android.PythonActivity]@0#57312 (277)
02-23 14:21:49.403  1742  1742 I Layer   : id=57314 addToCurrentState Background for SurfaceView[org.jinlover.youtubepipsubtitle/org.kivy.android.PythonActivity]@0#57314 (277)
02-23 14:21:49.403  1742  1742 I Layer   : id=57313 addToCurrentState SurfaceView[org.jinlover.youtubepipsubtitle/org.kivy.android.PythonActivity]@0(BLAST)#57313 (277)
02-23 14:21:49.403  1742  1742 I Layer   : id=57298 addToCurrentState 14a5caa Splash Screen org.jinlover.youtubepipsubtitle#57298 (277)
02-23 14:21:49.403  1742  1742 I Layer   : id=57299 addToCurrentState Splash Screen org.jinlover.youtubepipsubtitle$_3966#57299 (277)
02-23 14:21:49.405  1742  1742 D SurfaceFlinger:  SOLID_COLOR |              | 0002 |  Unknown  |    0.0    0.0    0.0    0.0 |    0   81 1080 2214 | Background for SurfaceView[org.jinlo[...]kivy.android.PythonActivity]@0#57314
02-23 14:21:49.405  1742  1742 D SurfaceFlinger:      DEVICE | 0xb40000762dab9a00 | 0100 | RGBA_8888    |    0.0    0.0 1080.0 2340.0 |    0    0 1080 2340 | org.jinlover.youtubepipsubtitle/org.kivy.android.PythonActivity$_29916#57308
02-23 14:21:49.405  1742  1742 D SurfaceFlinger:      DEVICE | 0xb400007621bfc600 | 0100 | RGBA_8888    |    0.0    0.0 1080.0 2340.0 |    0    0 1080 2340 | Splash Screen org.jinlover.youtubepipsubtitle$_3966#57299
02-23 14:21:49.411  2553  2802 V WindowManager: Relayout Window{14a5caa u0 Splash Screen org.jinlover.youtubepipsubtitle}: viewVisibility=8 req=1080x2340 ty=3 d0
02-23 14:21:49.413  1742  1742 D SurfaceFlinger:  SOLID_COLOR |              | 0002 |  Unknown  |    0.0    0.0    0.0    0.0 |    0   81 1080 2214 | Background for SurfaceView[org.jinlo[...]kivy.android.PythonActivity]@0#57314
02-23 14:21:49.413  1742  1742 D SurfaceFlinger:      DEVICE | 0xb40000762dab9a00 | 0100 | RGBA_8888    |    0.0    0.0 1080.0 2340.0 |    0    0 1080 2340 | org.jinlover.youtubepipsubtitle/org.kivy.android.PythonActivity$_29916#57308
02-23 14:21:49.413  1742  1742 D SurfaceFlinger:      DEVICE | 0xb40000762dab9d80 | 0100 | RGBA_8888    |    0.0    0.0 1080.0 2340.0 |    0    0 1080 2340 | Splash Screen org.jinlover.youtubepipsubtitle$_3966#57299
02-23 14:21:49.419  1742  1742 I Layer   : Layer [Splash Screen org.jinlover.youtubepipsubtitle$_3966#57299] hidden!! flag(1)
02-23 14:21:49.420  3966  4094 I ViewRootImpl@c73d400[youtubepipsubtitle]: Relayout returned: old=(0,0,1080,2340) new=(0,0,1080,2340) relayoutAsync=false req=(1080,2340)8 dur=10 res=0x402 s={false 0x0} ch=true seqId=0
02-23 14:21:49.420  3966  4094 I ViewRootImpl@c73d400[youtubepipsubtitle]: dispatchDetachedFromWindow
02-23 14:21:49.421  2553  4060 D CoreBackPreview: Window{14a5caa u0 Splash Screen org.jinlover.youtubepipsubtitle}: Setting back callback null
02-23 14:21:49.421  1742  1742 D SurfaceFlinger:  SOLID_COLOR |              | 0002 |  Unknown  |    0.0    0.0    0.0    0.0 |    0   81 1080 2214 | Background for SurfaceView[org.jinlo[...]kivy.android.PythonActivity]@0#57314
02-23 14:21:49.421  1742  1742 D SurfaceFlinger:      DEVICE | 0xb40000762dab9a00 | 0100 | RGBA_8888    |    0.0    0.0 1080.0 2340.0 |    0    0 1080 2340 | org.jinlover.youtubepipsubtitle/org.kivy.android.PythonActivity$_29916#57308
02-23 14:21:49.423  2553  7566 D WindowManager: Starting window removed Window{14a5caa u0 Splash Screen org.jinlover.youtubepipsubtitle}
02-23 14:21:49.424  2553  7566 I WindowManager: Cancelling animation restarting=false, leash=Surface(name=Surface(name=f31646c org.jinlover.youtubepipsubtitle/org.kivy.android.PythonActivity)/@0x6f778e9 - animation-leash of starting_reveal)/@0xb6ba96e
02-23 14:21:49.424  2553  7566 I WindowManager: Reparenting to original parent: Surface(name=ActivityRecord{7ec8920 u0 org.jinlover.youtubepipsubtitle/org.kivy.android.PythonActivity t41958})/@0xccdf92d, destroy=false, surface=Surface(name=f31646c org.jinlover.youtubepipsubtitle/org.kivy.android.PythonActivity)/@0x6f778e9
02-23 14:21:49.425  2553  7566 W InputManager-JNI: Input channel object '14a5caa Splash Screen org.jinlover.youtubepipsubtitle (client)' was disposed without first being removed with the input manager!
02-23 14:21:49.426  2553  7566 V WindowManager: Remove Window{14a5caa u0 Splash Screen org.jinlover.youtubepipsubtitle}: mSurfaceController=Surface(name=Splash Screen org.jinlover.youtubepipsubtitle$_3966)/@0xfd5c58a mAnimatingExit=false mRemoveOnExit=false mHasSurface=true surfaceShowing=false animating=false app-animation=false mDisplayFrozen=false callers=com.android.server.wm.WindowManagerService.removeWindow:2151 com.android.server.wm.Session.remove:257 android.view.IWindowSession$Stub.onTransact:747 com.android.server.wm.Session.onTransact:204 android.os.Binder.execTransactInternal:1375 android.os.Binder.execTransact:1311 
02-23 14:21:49.426  2553  7566 I WindowManager: Destroying surface Surface(name=Splash Screen org.jinlover.youtubepipsubtitle$_3966)/@0xfd5c58a called by com.android.server.wm.WindowStateAnimator.destroySurface:811 com.android.server.wm.WindowStateAnimator.destroySurfaceLocked:478 com.android.server.wm.WindowState.removeImmediately:2958 com.android.server.wm.WindowState.removeIfPossible:3226 com.android.server.wm.WindowManagerService.removeWindow:2151 com.android.server.wm.Session.remove:257 android.view.IWindowSession$Stub.onTransact:747 com.android.server.wm.Session.onTransact:204 
02-23 14:21:49.432  2553  3130 D ScreenCurtainController: onForegroundActivitiesChanged: org.jinlover.youtubepipsubtitle
02-23 14:21:49.436  1742  1742 I Layer   : Layer::reparent [f31646c org.jinlover.youtubepipsubtitle/org.kivy.android.PythonActivity#57307] newParent : ActivityRecord{7ec8920 u0 org.jinlover.youtubepipsubtitle/org.kivy.android.PythonActivity t41958}#57297 , isRemovedFromCurrentState : 0 -------------------------
02-23 14:21:49.436  1742  1742 I Layer   : Layer::reparent [f31646c org.jinlover.youtubepipsubtitle/org.kivy.android.PythonActivity#57307] End -------------------------
02-23 14:21:49.436  1742  1742 I Layer   : Layer::reparent [14a5caa Splash Screen org.jinlover.youtubepipsubtitle#57298] newParentHandle : null -------------------------
02-23 14:21:49.436  1742  1742 I Layer   : id=57298 removeFromCurrentState 14a5caa Splash Screen org.jinlover.youtubepipsubtitle#57298 (273)
02-23 14:21:49.436  1742  1742 I Layer   : id=57299 removeFromCurrentState Splash Screen org.jinlover.youtubepipsubtitle$_3966#57299 (273)
02-23 14:21:49.436  1742  1742 I Layer   : Layer::reparent [14a5caa Splash Screen org.jinlover.youtubepipsubtitle#57298] End -------------------------
02-23 14:21:49.436  1742  1742 I Layer   : Layer::reparent [Surface(name=f31646c org.jinlover.youtubepipsubtitle/org.kivy.android.PythonActivity)/@0x6f778e9 - animation-leash of starting_reveal#57315] newParentHandle : null -------------------------
02-23 14:21:49.436  1742  1742 I Layer   : id=57315 removeFromCurrentState Surface(name=f31646c org.jinlover.youtubepipsubtitle/org.kivy.android.PythonActivity)/@0x6f778e9 - animation-leash of starting_reveal#57315 (273)
02-23 14:21:49.436  1742  1742 I Layer   : Layer::reparent [Surface(name=f31646c org.jinlover.youtubepipsubtitle/org.kivy.android.PythonActivity)/@0x6f778e9 - animation-leash of starting_reveal#57315] End -------------------------
02-23 14:21:49.436  1742  1742 I Layer   : Layer::reparent [Splash Screen org.jinlover.youtubepipsubtitle$_3966#57299] newParentHandle : null -------------------------
02-23 14:21:49.436  1742  1742 I Layer   : id=57299 removeFromCurrentState Splash Screen org.jinlover.youtubepipsubtitle$_3966#57299 (273)
02-23 14:21:49.436  1742  1742 I Layer   : Layer::reparent [Splash Screen org.jinlover.youtubepipsubtitle$_3966#57299] End -------------------------
02-23 14:21:49.436  7648 12964 I SAMSUNGWALLET: [Hint_SimpleHintProcessMonitor] isHomePackageRunning topPkgName = org.jinlover.youtubepipsubtitle, topClsName = org.kivy.android.PythonActivity, return false , se : false
02-23 14:21:49.436  1469  1469 E audit   : type=1400 audit(1740338509.431:48161): avc:  granted  { execute } for  pid=29916 comm="SDLThread" path="/data/data/org.jinlover.youtubepipsubtitle/files/app/_python_bundle/modules/math.cpython-311.so" dev="dm-58" ino=816520 scontext=u:r:untrusted_app_32:s0:c52,c258,c512,c768 tcontext=u:object_r:app_data_file:s0:c52,c258,c512,c768 tclass=file SEPF_SM-S911N_13_0001 audit_filtered
02-23 14:21:49.436  1742  1742 I SurfaceFlinger: id=57299 Removed Splash Screen org.jinlover.youtubepipsubtitle$_3966#57299 (273)
02-23 14:21:49.436  1742  1742 I SurfaceFlinger: id=57298 Removed 14a5caa Splash Screen org.jinlover.youtubepipsubtitle#57298 (273)
02-23 14:21:49.439  1469  1469 E audit   : type=1400 audit(1740338509.431:48162): avc:  granted  { execute } for  pid=29916 comm="SDLThread" path="/data/data/org.jinlover.youtubepipsubtitle/files/app/_python_bundle/modules/_heapq.cpython-311.so" dev="dm-58" ino=816393 scontext=u:r:untrusted_app_32:s0:c52,c258,c512,c768 tcontext=u:object_r:app_data_file:s0:c52,c258,c512,c768 tclass=file SEPF_SM-S911N_13_0001 audit_filtered
02-23 14:21:49.439  1469  1469 E audit   : type=1400 audit(1740338509.435:48163): avc:  granted  { execute } for  pid=29916 comm="SDLThread" path="/data/data/org.jinlover.youtubepipsubtitle/files/app/_python_bundle/modules/_queue.cpython-311.so" dev="dm-58" ino=816413 scontext=u:r:untrusted_app_32:s0:c52,c258,c512,c768 tcontext=u:object_r:app_data_file:s0:c52,c258,c512,c768 tclass=file SEPF_SM-S911N_13_0001 audit_filtered
02-23 14:21:49.444  1742  1742 I Layer   : id=57298 Destroyed 14a5caa Splash Screen org.jinlover.youtubepipsubtitle#57298
02-23 14:21:49.444  1742  1742 I Layer   : id=57299 Destroyed Splash Screen org.jinlover.youtubepipsubtitle$_3966#57299
02-23 14:21:49.453  1469  1469 E audit   : type=1400 audit(1740338509.447:48164): avc:  granted  { execute } for  pid=29916 comm="SDLThread" path="/data/data/org.jinlover.youtubepipsubtitle/files/app/_python_bundle/modules/_opcode.cpython-311.so" dev="dm-58" ino=816405 scontext=u:r:untrusted_app_32:s0:c52,c258,c512,c768 tcontext=u:object_r:app_data_file:s0:c52,c258,c512,c768 tclass=file SEPF_SM-S911N_13_0001 audit_filtered
02-23 14:21:49.467 29916 29952 I python  : [INFO   ] [Logger      ] Record log in /data/user/0/org.jinlover.youtubepipsubtitle/files/app/.kivy/logs/kivy_25-02-23_1.txt
02-23 14:21:49.467 29916 29952 I python  : [INFO   ] [Kivy        ] v2.3.0
02-23 14:21:49.467 29916 29952 I python  : [INFO   ] [Kivy        ] Installed at "/data/user/0/org.jinlover.youtubepipsubtitle/files/app/_python_bundle/site-packages/kivy/__init__.pyc"
02-23 14:21:49.468 29916 29952 I python  : [INFO   ] [Python      ] v3.11.5 (main, Feb 22 2025, 21:07:47) [Clang 14.0.6 (https://android.googlesource.com/toolchain/llvm-project 4c603efb0
02-23 14:21:49.468 29916 29952 I python  : [INFO   ] [Python      ] Interpreter at ""
02-23 14:21:49.468 29916 29952 I python  : [INFO   ] [Logger      ] Purge log fired. Processing...
02-23 14:21:49.468 29916 29952 I python  : [INFO   ] [Logger      ] Purge finished!
02-23 14:21:49.471  1469  1469 E audit   : type=1400 audit(1740338509.463:48165): avc:  granted  { execute } for  pid=29916 comm="SDLThread" path="/data/data/org.jinlover.youtubepipsubtitle/files/app/_python_bundle/site-packages/kivy/_clock.so" dev="dm-58" ino=817196 scontext=u:r:untrusted_app_32:s0:c52,c258,c512,c768 tcontext=u:object_r:app_data_file:s0:c52,c258,c512,c768 tclass=file SEPF_SM-S911N_13_0001 audit_filtered
02-23 14:21:49.474  1469  1469 E audit   : type=1400 audit(1740338509.467:48166): avc:  granted  { execute } for  pid=29916 comm="SDLThread" path="/data/data/org.jinlover.youtubepipsubtitle/files/app/_python_bundle/modules/_ctypes.cpython-311.so" dev="dm-58" ino=816085 scontext=u:r:untrusted_app_32:s0:c52,c258,c512,c768 tcontext=u:object_r:app_data_file:s0:c52,c258,c512,c768 tclass=file SEPF_SM-S911N_13_0001 audit_filtered
02-23 14:21:49.475  1469  1469 E audit   : type=1400 audit(1740338509.467:48167): avc:  granted  { execute } for  pid=29916 comm="SDLThread" path="/data/data/org.jinlover.youtubepipsubtitle/files/app/_python_bundle/modules/_struct.cpython-311.so" dev="dm-58" ino=816437 scontext=u:r:untrusted_app_32:s0:c52,c258,c512,c768 tcontext=u:object_r:app_data_file:s0:c52,c258,c512,c768 tclass=file SEPF_SM-S911N_13_0001 audit_filtered
02-23 14:21:49.482  1469  1469 E audit   : type=1400 audit(1740338509.475:48168): avc:  granted  { execute } for  pid=29916 comm="SDLThread" path="/data/data/org.jinlover.youtubepipsubtitle/files/app/_python_bundle/modules/fcntl.cpython-311.so" dev="dm-58" ino=816481 scontext=u:r:untrusted_app_32:s0:c52,c258,c512,c768 tcontext=u:object_r:app_data_file:s0:c52,c258,c512,c768 tclass=file SEPF_SM-S911N_13_0001 audit_filtered
02-23 14:21:49.483  1469  1469 E audit   : type=1400 audit(1740338509.475:48169): avc:  granted  { execute } for  pid=29916 comm="SDLThread" path="/data/data/org.jinlover.youtubepipsubtitle/files/app/_python_bundle/modules/_posixsubprocess.cpython-311.so" dev="dm-58" ino=816408 scontext=u:r:untrusted_app_32:s0:c52,c258,c512,c768 tcontext=u:object_r:app_data_file:s0:c52,c258,c512,c768 tclass=file SEPF_SM-S911N_13_0001 audit_filtered
02-23 14:21:49.483  1469  1469 E audit   : type=1400 audit(1740338509.479:48170): avc:  granted  { execute } for  pid=29916 comm="SDLThread" path="/data/data/org.jinlover.youtubepipsubtitle/files/app/_python_bundle/modules/select.cpython-311.so" dev="dm-58" ino=816729 scontext=u:r:untrusted_app_32:s0:c52,c258,c512,c768 tcontext=u:object_r:app_data_file:s0:c52,c258,c512,c768 tclass=file SEPF_SM-S911N_13_0001 audit_filtered
02-23 14:21:49.487  1469  1469 E audit   : type=1400 audit(1740338509.479:48171): avc:  granted  { execute } for  pid=29916 comm="SDLThread" path="/data/data/org.jinlover.youtubepipsubtitle/files/app/_python_bundle/site-packages/android/_android.so" dev="dm-58" ino=816850 scontext=u:r:untrusted_app_32:s0:c52,c258,c512,c768 tcontext=u:object_r:app_data_file:s0:c52,c258,c512,c768 tclass=file SEPF_SM-S911N_13_0001 audit_filtered
02-23 14:21:49.492  1469  1469 E audit   : type=1400 audit(1740338509.487:48172): avc:  granted  { execute } for  pid=29916 comm="SDLThread" path="/data/data/org.jinlover.youtubepipsubtitle/files/app/_python_bundle/site-packages/jnius/jnius.so" dev="dm-58" ino=817175 scontext=u:r:untrusted_app_32:s0:c52,c258,c512,c768 tcontext=u:object_r:app_data_file:s0:c52,c258,c512,c768 tclass=file SEPF_SM-S911N_13_0001 audit_filtered
02-23 14:21:49.564  2553  3739 D MdnieScenarioControlService:  packageName : org.jinlover.youtubepipsubtitle    className : org.kivy.android.PythonActivity
02-23 14:21:49.830  1469  1469 E audit   : type=1400 audit(1740338509.823:48173): avc:  granted  { execute } for  pid=29916 comm="SDLThread" path="/data/data/org.jinlover.youtubepipsubtitle/files/app/_python_bundle/modules/_socket.cpython-311.so" dev="dm-58" ino=816430 scontext=u:r:untrusted_app_32:s0:c52,c258,c512,c768 tcontext=u:object_r:app_data_file:s0:c52,c258,c512,c768 tclass=file SEPF_SM-S911N_13_0001 audit_filtered
02-23 14:21:49.832  1469  1469 E audit   : type=1400 audit(1740338509.827:48174): avc:  granted  { execute } for  pid=29916 comm="SDLThread" path="/data/data/org.jinlover.youtubepipsubtitle/files/app/_python_bundle/modules/array.cpython-311.so" dev="dm-58" ino=816468 scontext=u:r:untrusted_app_32:s0:c52,c258,c512,c768 tcontext=u:object_r:app_data_file:s0:c52,c258,c512,c768 tclass=file SEPF_SM-S911N_13_0001 audit_filtered
02-23 14:21:49.834  1469  1469 E audit   : type=1400 audit(1740338509.827:48175): avc:  granted  { execute } for  pid=29916 comm="SDLThread" path="/data/data/org.jinlover.youtubepipsubtitle/files/app/_python_bundle/modules/_ssl.cpython-311.so" dev="dm-58" ino=816433 scontext=u:r:untrusted_app_32:s0:c52,c258,c512,c768 tcontext=u:object_r:app_data_file:s0:c52,c258,c512,c768 tclass=file SEPF_SM-S911N_13_0001 audit_filtered
