02-23 14:21:47.771  4492  4511 W id.app.launcher: ApkAssets: Deleting an ApkAssets object '<empty> and /data/app/~~zDnxTlu0teUJ4qfbzRAtlQ==/org.jinlover.youtubepipsubtitle-ecJLyw9fq0O_S1c0w4Vjow==/base.apk' with 2 weak references
02-23 14:21:48.900  2553  3909 I Pageboost: start alp : org.jinlover.youtubepipsubtitle
02-23 14:21:48.904  2553  3949 I Pageboost: alp for : org.jinlover.youtubepipsubtitle , 0
02-23 14:21:48.904  5376 29915 E pageboostd: alp start : app orgjinloveryoutubepipsubtitle
02-23 14:21:48.905  2553  3132 I ChimeraSystemEventListener: appLaunchIntent package name is: org.jinlover.youtubepipsubtitle
02-23 14:21:48.929  2553  3142 I ActivityManager: Start proc 29916:org.jinlover.youtubepipsubtitle/u0a564 for activelaunch {org.jinlover.youtubepipsubtitle/org.kivy.android.PythonActivity}
02-23 14:21:48.929  2553  3142 D DynamicHiddenApp_BGProtectManager: [SecIpm] it's a ML_TYPE_EMPTYPROCESS protected process org.jinlover.youtubepipsubtitle
02-23 14:21:48.930  3966  4095 D ShellStartingWindow: preload Icon org.jinlover.youtubepipsubtitle
02-23 14:21:48.954  5376 29915 E pageboostd: orgjinloveryoutubepipsubtitle, amt 0 scnt 0 fcnt 0
02-23 14:21:48.954  5376 29915 E pageboostd: orgjinloveryoutubepipsubtitle, amt 0 scnt 0 fcnt 0
02-23 14:21:48.954  5376 29915 E pageboostd: alp end : app orgjinloveryoutubepipsubtitle data_amount 0
02-23 14:21:48.972  2553  3132 I ChimeraSystemEventListener: appLaunchIntent package name is: org.jinlover.youtubepipsubtitle
02-23 14:21:48.972  2553  2802 I Pageboost: onAppLaunch : org.jinlover.youtubepipsubtitle
02-23 14:21:48.973  2553  3949 I Pageboost: Record App IO : org.jinlover.youtubepipsubtitle pid 29916
02-23 14:21:48.977  2553  2802 V WindowManager: Collecting in transition 3419: ActivityRecord{7ec8920 u0 org.jinlover.youtubepipsubtitle/org.kivy.android.PythonActivity, caller=com.android.server.wm.Transition.collect:753 com.android.server.wm.TransitionController.collect:975 com.android.server.wm.ActivityStarter.startActivityUnchecked:2407 com.android.server.wm.ActivityStarter.executeRequest:1959 com.android.server.wm.ActivityStarter.execute:1075 
02-23 14:21:48.978  2553  2802 D ActivityTaskManager: TaskLaunchParamsModifier:task=null activity=ActivityRecord{7ec8920 u0 org.jinlover.youtubepipsubtitle/org.kivy.android.PythonActivity t-1} display-from-option=0 display-id=0 task-display-area-windowing-mode=1 suggested-display-area=DefaultTaskDisplayArea_d0@145569199
02-23 14:21:48.980  2553  2802 D ActivityTaskManager: TaskLaunchParamsModifier:task=null activity=ActivityRecord{7ec8920 u0 org.jinlover.youtubepipsubtitle/org.kivy.android.PythonActivity t-1} display-from-option=0 display-id=0 task-display-area-windowing-mode=1 suggested-display-area=DefaultTaskDisplayArea_d0@145569199 inherit-from-source=fullscreen non-freeform-task-display-area display-area=DefaultTaskDisplayArea_d0@145569199 activity-requested-portrait freeform-size-mismatch=Rect(81, 562 - 999, 1732)
02-23 14:21:48.982  2553  2802 D ActivityTaskManager: TaskLaunchParamsModifier:task=Task{3e52d9 #41958 type=standard A=10564:org.jinlover.youtubepipsubtitle} activity=ActivityRecord{7ec8920 u0 org.jinlover.youtubepipsubtitle/org.kivy.android.PythonActivity t-1} display-from-option=0 display-id=0 task-display-area-windowing-mode=1 suggested-display-area=DefaultTaskDisplayArea_d0@145569199 inherit-from-source=fullscreen non-freeform-task-display-area display-area=DefaultTaskDisplayArea_d0@145569199 activity-requested-portrait freeform-size-mismatch=Rect(81, 562 - 999, 1732)
02-23 14:21:48.984  2553  2802 V WindowManager: Collecting in transition 3419: Task{3e52d9 #41958 type=standard A=10564:org.jinlover.youtubepipsubtitle}, caller=com.android.server.wm.Transition.collect:753 com.android.server.wm.Transition.collectExistenceChange:936 com.android.server.wm.TransitionController.collectExistenceChange:1025 com.android.server.wm.ActivityStarter.setNewTask:4833 com.android.server.wm.ActivityStarter.startActivityInner:3041 
02-23 14:21:48.985  1742  2106 I SurfaceFlinger: id=57297 createSurf, flag=84004, ActivityRecord{7ec8920 u0 org.jinlover.youtubepipsubtitle/org.kivy.android.PythonActivity t41958}#57297
02-23 14:21:48.988  2553  2802 D ActivityTaskManager: Add starting ActivityRecord{7ec8920 u0 org.jinlover.youtubepipsubtitle/org.kivy.android.PythonActivity t41958}: typeParam=139 startingData=com.android.server.wm.SplashScreenStartingData@a949b7f
02-23 14:21:48.988  2553  2802 V WindowManager: Added starting ActivityRecord{7ec8920 u0 org.jinlover.youtubepipsubtitle/org.kivy.android.PythonActivity t41958}: startingWindow=null startingView=com.android.server.wm.StartingSurfaceController$StartingSurface@be1174c
02-23 14:21:48.989  2553  2802 V WindowManager: Collecting in transition 3419: ActivityRecord{7ec8920 u0 org.jinlover.youtubepipsubtitle/org.kivy.android.PythonActivity t41958}, caller=com.android.server.wm.Transition.collect:753 com.android.server.wm.Transition.collectExistenceChange:936 com.android.server.wm.TransitionController.collectExistenceChange:1025 com.android.server.wm.ActivityStarter.handleStartResult:2632 com.android.server.wm.ActivityStarter.startActivityUnchecked:2415 
02-23 14:21:48.990  2553  2802 I ActivityTaskManager: START u0 {act=android.intent.action.MAIN cat=[android.intent.category.LAUNCHER] flg=0x10200000 cmp=org.jinlover.youtubepipsubtitle/org.kivy.android.PythonActivity bnds=[791,1322][1042,1676]} with LAUNCH_SINGLE_TASK from uid 10141 (BAL_ALLOW_ALLOWLISTED_COMPONENT) result code=0
02-23 14:21:48.992  4492  4568 I HoneySpace.SALoggingUtils: SA Logging screenID: 201 eventId: 1001 detail: {PackageName=org.jinlover.youtubepipsubtitle, det=3} value: -1
02-23 14:21:48.992  4492 28666 I HoneySpace.SuggestedAppsRepositoryImpl: sendSuggestedAppsLaunchTarget: ComponentInfo{org.jinlover.youtubepipsubtitle/org.kivy.android.PythonActivity}
02-23 14:21:48.992  3966  4015 V WindowManagerShell: Transition requested: android.os.BinderProxy@cf40ca6 TransitionRequestInfo { type = OPEN, triggerTask = TaskInfo{userId=0 taskId=41958 displayId=0 isRunning=true baseIntent=Intent { act=android.intent.action.MAIN cat=[android.intent.category.LAUNCHER] flg=0x10200000 cmp=org.jinlover.youtubepipsubtitle/org.kivy.android.PythonActivity } baseActivity=ComponentInfo{org.jinlover.youtubepipsubtitle/org.kivy.android.PythonActivity} topActivity=ComponentInfo{org.jinlover.youtubepipsubtitle/org.kivy.android.PythonActivity} origActivity=null realActivity=ComponentInfo{org.jinlover.youtubepipsubtitle/org.kivy.android.PythonActivity} numActivities=1 lastActiveTime=196709462 supportsMultiWindow=true resizeMode=1 isResizeable=true minWidth=-1 minHeight=-1 maxWidth=-1 maxHeight=-1 defaultMinSize=220 token=WCT{android.window.IWindowContainerToken$Stub$Proxy@e2826e7} topActivityType=1 pictureInPictureParams=null shouldDockBigOverlays=false launchIntoPipHostTaskId=-1 lastParentTaskIdBeforePip=-1 displayCutoutSafeInsets=Rect(0, 81 - 0, 0) topActivityInfo=ActivityInfo{9d2294 org.kivy.android.PythonActivity} launchCookies=[android.os.BinderProxy@5e9013d] positionInParent=Point(0, 0) parentTaskId=-1 isFocused=false isVisible=false isVisibleRequested=false isSleeping=false topActivityInSizeCompat=false topActivityEligibleForLetterboxEducation= false topActivityLetterboxed= false isFromDoubleTap= false topActivityLetterboxVerticalPosition= -1 topActivityLetterboxHorizontalPosition= -1 topActivityLetterboxWidth=-1 topActivityLetterboxHeight=-1 locusId=null displayAreaFeatureId=1 cameraCompatControlState=hidden originallySupportedMultiWindow=true hasWallpaper=false topActivityInFixedAspectRatio=false rootAffinity=10564:org.jinlover.youtubepipsubtitle topActivityInDisplayCompat=false topActivityInBoundsCompat=false topActivityBounds=null singleTapFromLetterbox=false isTopTaskInStage=false topActivityUiMode=33 CoverLauncherWidgetTask=false CoverScreenTask=false isAllowedSeamlessRotation=false isTopTransparentActivity=false hasPopOver=false}, remoteTransition = RemoteTransition { remoteTransition = android.window.IRemoteTransition$Stub$Proxy@4c44d32, appThread = android.app.IApplicationThread$Stub$Proxy@dc64a83, debugName = QuickstepLaunch }, displayChange = null }
02-23 14:21:48.995  2553  2802 V WindowManager: Collecting in transition 3419: ActivityRecord{7ec8920 u0 org.jinlover.youtubepipsubtitle/org.kivy.android.PythonActivity t41958}, caller=com.android.server.wm.Transition.collect:753 com.android.server.wm.TransitionController.collect:975 com.android.server.wm.ActivityRecord.setVisibility:6429 com.android.server.wm.ActivityRecord.setVisibility:6381 com.android.server.wm.EnsureActivitiesVisibleHelper.makeVisibleAndRestartIfNeeded:338 
02-23 14:21:48.997  4492  4659 I HoneySpace.TopTaskUseCase: topTasks 41958 ComponentInfo{org.jinlover.youtubepipsubtitle/org.kivy.android.PythonActivity}
02-23 14:21:49.006  2553  4060 D WindowManager: prepareSync <SYNC_STATE_WAITING_FOR_DRAW>, mPrepareSyncSeqId=0, win=Window{14a5caa u0 Splash Screen org.jinlover.youtubepipsubtitle}
02-23 14:21:49.006  1742  1827 I SurfaceFlinger: id=57298 createSurf, flag=84004, 14a5caa Splash Screen org.jinlover.youtubepipsubtitle#57298
02-23 14:21:49.007  2553  4060 V WindowManager: addWindow: ActivityRecord{7ec8920 u0 org.jinlover.youtubepipsubtitle/org.kivy.android.PythonActivity t41958} startingWindow=Window{14a5caa u0 Splash Screen org.jinlover.youtubepipsubtitle}
02-23 14:21:49.008  2553  4060 D WindowManager: rotationForOrientation, orientationSource=ActivityRecord{7ec8920 u0 org.jinlover.youtubepipsubtitle/org.kivy.android.PythonActivity t41958}
02-23 14:21:49.011  3966  4094 I InsetsController: onStateChanged: host=Splash Screen org.jinlover.youtubepipsubtitle, from=android.view.ViewRootImpl.setView:1797, state=InsetsState: {mDisplayFrame=Rect(0, 0 - 1080, 2340), mDisplayCutout=DisplayCutout{insets=Rect(0, 81 - 0, 0) waterfall=Insets{left=0, top=0, right=0, bottom=0} boundingRect={Bounds=[Rect(0, 0 - 0, 0), Rect(512, 0 - 568, 81), Rect(0, 0 - 0, 0), Rect(0, 0 - 0, 0)]} cutoutPathParserInfo={CutoutPathParserInfo{displayWidth=1080 displayHeight=2340 physicalDisplayWidth=1080 physicalDisplayHeight=2340 density={3.0} cutoutSpec={M 0,0 H -9.333333333333333‬ V 27 H 9.333333333333333‬ V 0 H 0 Z @dp} rotation={0} scale={1.0} physicalPixelDisplaySizeRatio={1.0}}}}, mRoundedCorners=RoundedCorners{[RoundedCorner{position=TopLeft, radius=89, center=Point(89, 89)}, RoundedCorner{position=TopRight, radius=89, center=Point(991, 89)}, RoundedCorner{position=BottomRight, radius=89, center=Point(991, 2251)}, RoundedCorner{position=BottomLeft, radius=89, center=Point(89, 2251)}]}  mRoundedCornerFrame=Rect(0, 0 - 1080, 2340), mPrivacyIndicatorBounds=PrivacyIndicatorBounds {static bounds=Rect(964, 0 - 1080, 81) rotation=0}, mDisplayShape=DisplayShape{ spec=-311912193 displayWidth=1080 displayHeight=2340 physicalPixelDisplaySizeRatio=1.0 rotation=0 offsetX=0 offsetY=0 scale=1.0}, mSources= { InsetsSource: {80cc0001 mType=navigationBars mFrame=[0,2214][1080,2340] mVisible=true mFlags=[]}, InsetsSource: {80cc0004 mType=systemGestures mFrame=[0,0][0,0] mVisible=true mFlags=[]}, InsetsSource: {80cc0005 mType=mandatorySystemGestures mFrame=[0,2214][1080,2340] mVisible=true mFlags=[]}, InsetsSource: {80cc0006 mType=tappableElement mFrame=[0,2214][1080,2340] mVisible=true mFlags=[]}, InsetsSource: {80cc0024 mType=systemGestures mFrame=[0,0][0,0] mVisible=true mFlags=[]}, InsetsSource: {fc790000 mType=statusBars mFrame=[0,0][1080,81] mVisible=true mFlags=[]}, InsetsSource: {fc790005 mType=mandatorySystemGestures mFrame=[0,0][1080,113] mVisible=true mFlags=[]}, InsetsSource: {fc790006 mType=tappableElement mFrame=[0,0][1080,81] mVisible=true mFlags=[]}, InsetsSource: {3 mType=ime mFrame=[0,0][0,0] mVisible=false mFlags=[]}, InsetsSource: {27 mType=displayCutout mFrame=[0,0][1080,81] mVisible=true mFlags=[]} }
02-23 14:21:49.012  3966  4094 I ViewRootImpl@c73d400[youtubepipsubtitle]: synced displayState. AttachInfo displayState=2
02-23 14:21:49.012  3966  4094 I ViewRootImpl@c73d400[youtubepipsubtitle]: setView = android.widget.FrameLayout@8990bdf TM=true
02-23 14:21:49.014  2553  4060 D CoreBackPreview: Window{14a5caa u0 Splash Screen org.jinlover.youtubepipsubtitle}: Setting back callback OnBackInvokedCallbackInfo{mCallback=android.window.IOnBackInvokedCallback$Stub$Proxy@97eeb7c, mPriority=0, mIsAnimationCallback=false}
02-23 14:21:49.015  2553  2802 V WindowManager: Relayout Window{14a5caa u0 Splash Screen org.jinlover.youtubepipsubtitle}: viewVisibility=0 req=1080x2340 ty=3 d0
02-23 14:21:49.015  1742  1827 I SurfaceFlinger: id=57299 createSurf, flag=44004, Splash Screen org.jinlover.youtubepipsubtitle$_3966#57299
02-23 14:21:49.016  2553  2802 D WindowManager: makeSurface duration=1 name=Splash Screen org.jinlover.youtubepipsubtitle$_3966
02-23 14:21:49.019  3966  4094 I BLASTBufferQueue_Java: new BLASTBufferQueue, mName= ViewRootImpl@c73d400[youtubepipsubtitle] mNativeObject= 0xb4000074f41e4e00 sc.mNativeObject= 0xb4000076595aad00 caller= android.view.ViewRootImpl.updateBlastSurfaceIfNeeded:3085 android.view.ViewRootImpl.relayoutWindow:10224 android.view.ViewRootImpl.performTraversals:4167 android.view.ViewRootImpl.doTraversal:3345 android.view.ViewRootImpl$TraversalRunnable.run:11437 android.view.Choreographer$CallbackRecord.run:1690 android.view.Choreographer$CallbackRecord.run:1699 android.view.Choreographer.doCallbacks:1154 android.view.Choreographer.doFrame:1080 android.view.Choreographer$FrameDisplayEventReceiver.run:1647 
02-23 14:21:49.019  3966  4094 I BLASTBufferQueue_Java: update, w= 1080 h= 2340 mName = ViewRootImpl@c73d400[youtubepipsubtitle] mNativeObject= 0xb4000074f41e4e00 sc.mNativeObject= 0xb4000076595aad00 format= -3 caller= android.graphics.BLASTBufferQueue.<init>:89 android.view.ViewRootImpl.updateBlastSurfaceIfNeeded:3085 android.view.ViewRootImpl.relayoutWindow:10224 android.view.ViewRootImpl.performTraversals:4167 android.view.ViewRootImpl.doTraversal:3345 android.view.ViewRootImpl$TraversalRunnable.run:11437 
02-23 14:21:49.020  3966  4094 I ViewRootImpl@c73d400[youtubepipsubtitle]: Relayout returned: old=(0,0,1080,2340) new=(0,0,1080,2340) relayoutAsync=false req=(1080,2340)0 dur=4 res=0x403 s={true 0xb40000750f5dd000} ch=true seqId=0
02-23 14:21:49.020  3966  4094 I ViewRootImpl@c73d400[youtubepipsubtitle]: performConfigurationChange setNightDimText nightDimLevel=0
02-23 14:21:49.020  3966  4094 D ViewRootImpl@c73d400[youtubepipsubtitle]: mThreadedRenderer.initialize() mSurface={isValid=true 0xb40000750f5dd000} hwInitialized=true
02-23 14:21:49.021  3966  4094 D ViewRootImpl@c73d400[youtubepipsubtitle]: reportNextDraw android.view.ViewRootImpl.performTraversals:4781 android.view.ViewRootImpl.doTraversal:3345 android.view.ViewRootImpl$TraversalRunnable.run:11437 android.view.Choreographer$CallbackRecord.run:1690 android.view.Choreographer$CallbackRecord.run:1699 
02-23 14:21:49.021  3966  4094 I ViewRootImpl@c73d400[youtubepipsubtitle]: Setup new sync=wmsSync-ViewRootImpl@c73d400[youtubepipsubtitle]#81
02-23 14:21:49.021  3966  4094 I ViewRootImpl@c73d400[youtubepipsubtitle]: Creating new active sync group ViewRootImpl@c73d400[youtubepipsubtitle]#82
02-23 14:21:49.021  3966  4094 I SurfaceSyncGroup: addLocalSync=ViewRootImpl@c73d400[youtubepipsubtitle]#82 to name=wmsSync-ViewRootImpl@c73d400[youtubepipsubtitle]#81, callers=android.window.SurfaceSyncGroup.add:431 android.window.SurfaceSyncGroup.add:392 android.window.SurfaceSyncGroup.add:340 android.view.ViewRootImpl.createSyncIfNeeded:4912 android.view.ViewRootImpl.performTraversals:4796 android.view.ViewRootImpl.doTraversal:3345 
02-23 14:21:49.021  3966  4094 I ViewRootImpl@c73d400[youtubepipsubtitle]: registerCallbacksForSync syncBuffer=false
02-23 14:21:49.023  3966  4746 I ViewRootImpl@c73d400[youtubepipsubtitle]: Received frameDrawingCallback syncResult=0 frameNum=1.
02-23 14:21:49.023  3966  4746 I ViewRootImpl@c73d400[youtubepipsubtitle]: mWNT: t=0xb4000074c6b90280 mBlastBufferQueue=0xb4000074f41e4e00 fn= 1 mRenderHdrSdrRatio=1.0 caller= android.view.ViewRootImpl$8.onFrameDraw:13946 android.view.ThreadedRenderer$1.onFrameDraw:792 <bottom of call stack> 
02-23 14:21:49.023  3966  4746 I ViewRootImpl@c73d400[youtubepipsubtitle]: Setting up sync and frameCommitCallback
02-23 14:21:49.024  3966  4125 I BLASTBufferQueue: [ViewRootImpl@c73d400[youtubepipsubtitle]#4301](f:0,a:0,s:0) onFrameAvailable the first frame is available
02-23 14:21:49.024  3966  4125 I ViewRootImpl@c73d400[youtubepipsubtitle]: Received frameCommittedCallback lastAttemptedDrawFrameNum=1 didProduceBuffer=true
02-23 14:21:49.024  3966  4125 I SurfaceSyncGroup: onTransactionReady mName=wmsSync-ViewRootImpl@c73d400[youtubepipsubtitle]#81 callback=198463626
02-23 14:21:49.025  3966  4094 I ViewRootImpl@c73d400[youtubepipsubtitle]: reportDrawFinished seqId=0
02-23 14:21:49.026  2553  2802 D WindowManager: finishDrawingWindow: Window{14a5caa u0 Splash Screen org.jinlover.youtubepipsubtitle} mDrawState=DRAW_PENDING seqId=0
02-23 14:21:49.026  2553  2802 V WindowManager: Finishing drawing window Window{14a5caa u0 Splash Screen org.jinlover.youtubepipsubtitle}: mDrawState=DRAW_PENDING
02-23 14:21:49.026  2553  2802 V WindowManager: Draw state now committed in Window{14a5caa u0 Splash Screen org.jinlover.youtubepipsubtitle}
02-23 14:21:49.027  2553  3133 V WindowManager: performShowLocked: mDrawState=HAS_DRAWN in Window{14a5caa u0 Splash Screen org.jinlover.youtubepipsubtitle}
02-23 14:21:49.027  2553  3133 V WindowManager: Start calculating TransitionInfo based on participants: {Task{3e52d9 #41958 type=standard A=10564:org.jinlover.youtubepipsubtitle}, WallpaperWindowToken{2e0d098 token=android.os.Binder@abc0275}, ActivityRecord{7ec8920 u0 org.jinlover.youtubepipsubtitle/org.kivy.android.PythonActivity t41958}, ActivityRecord{93cc88f u0 com.sec.android.app.launcher/.activities.LauncherActivity t41511}}
02-23 14:21:49.027  2553  3133 V WindowManager:   Final targets: [Task{3e52d9 #41958 type=standard A=10564:org.jinlover.youtubepipsubtitle}, Task{5a9adec #1 type=home}]
02-23 14:21:49.030  2553  3133 I SurfaceControl: show, t=StartTransaction_SyncId<3419>, sc=Surface(name=ActivityRecord{7ec8920 u0 org.jinlover.youtubepipsubtitle/org.kivy.android.PythonActivity t41958})/@0xccdf92d, caller=com.android.server.wm.Transition.onTransactionReady:2012 com.android.server.wm.BLASTSyncEngine$SyncGroup.finishNow:321 com.android.server.wm.BLASTSyncEngine$SyncGroup.tryFinish:242 com.android.server.wm.BLASTSyncEngine$SyncGroup.-$$Nest$mtryFinish:0 com.android.server.wm.BLASTSyncEngine.onSurfacePlacement:685 com.android.server.wm.RootWindowContainer.performSurfacePlacementNoTrace:993 
02-23 14:21:49.030  2553  3133 V WindowManager:         {WCT{RemoteToken{bbdfb29 Task{3e52d9 #41958 type=standard A=10564:org.jinlover.youtubepipsubtitle}}} m=OPEN f=NONE leash=Surface(name=Task=41958)/@0xb6cfe62 sb=Rect(0, 0 - 1080, 2340) eb=Rect(0, 0 - 1080, 2340) d=0 dim=true inset=Rect(0, 81 - 0, 126)},
02-23 14:21:49.031  2553  3129 V WindowManager: Sent Transition #3419 createdAt=02-23 14:21:48.977 via request=TransitionRequestInfo { type = OPEN, triggerTask = TaskInfo{userId=0 taskId=41958 displayId=0 isRunning=true baseIntent=Intent { act=android.intent.action.MAIN cat=[android.intent.category.LAUNCHER] flg=0x10200000 cmp=org.jinlover.youtubepipsubtitle/org.kivy.android.PythonActivity } baseActivity=ComponentInfo{org.jinlover.youtubepipsubtitle/org.kivy.android.PythonActivity} topActivity=ComponentInfo{org.jinlover.youtubepipsubtitle/org.kivy.android.PythonActivity} origActivity=null realActivity=ComponentInfo{org.jinlover.youtubepipsubtitle/org.kivy.android.PythonActivity} numActivities=1 lastActiveTime=196709462 supportsMultiWindow=true resizeMode=1 isResizeable=true minWidth=-1 minHeight=-1 maxWidth=-1 maxHeight=-1 defaultMinSize=220 token=WCT{RemoteToken{bbdfb29 Task{3e52d9 #41958 type=standard A=10564:org.jinlover.youtubepipsubtitle}}} topActivityType=1 pictureInPictureParams=null shouldDockBigOverlays=false launchIntoPipHostTaskId=-1 lastParentTaskIdBeforePip=-1 displayCutoutSafeInsets=Rect(0, 81 - 0, 0) topActivityInfo=ActivityInfo{bcdd7dc org.kivy.android.PythonActivity} launchCookies=[android.os.BinderProxy@e9220e5] positionInParent=Point(0, 0) parentTaskId=-1 isFocused=false isVisible=false isVisibleRequested=false isSleeping=false topActivityInSizeCompat=false topActivityEligibleForLetterboxEducation= false topActivityLetterboxed= false isFromDoubleTap= false topActivityLetterboxVerticalPosition= -1 topActivityLetterboxHorizontalPosition= -1 topActivityLetterboxWidth=-1 topActivityLetterboxHeight=-1 locusId=null displayAreaFeatureId=1 cameraCompatControlState=hidden originallySupportedMultiWindow=true hasWallpaper=false topActivityInFixedAspectRatio=false rootAffinity=10564:org.jinlover.youtubepipsubtitle topActivityInDisplayCompat=false topActivityInBoundsCompat=false topActivityBounds=null singleTapFromLetterbox=false isTopTaskInStage=false topActivityUiMode=33 CoverLauncherWidgetTask=false CoverScreenTask=false isAllowedSeamlessRotation=false isTopTransparentActivity=false hasPopOver=false}, remoteTransition = RemoteTransition { remoteTransition = android.window.IRemoteTransition$Stub$Proxy@5bf7ba, appThread = android.app.IApplicationThread$Stub$Proxy@7f566b, debugName = QuickstepLaunch }, displayChange = null }
02-23 14:21:49.031  2553  3129 V WindowManager:         {WCT{RemoteToken{bbdfb29 Task{3e52d9 #41958 type=standard A=10564:org.jinlover.youtubepipsubtitle}}} m=OPEN f=NONE leash=Surface(name=Task=41958)/@0xb6cfe62 sb=Rect(0, 0 - 1080, 2340) eb=Rect(0, 0 - 1080, 2340) d=0 dim=true inset=Rect(0, 81 - 0, 126)},
02-23 14:21:49.033  2553  3133 D InsetsSourceProvider: updateControlForTarget: control=InsetsSourceControl: {fc790000 mType=statusBars initiallyVisible mSurfacePosition=Point(0, 0) mInsetsHint=Insets{left=0, top=81, right=0, bottom=0}}, target=Window{14a5caa u0 Splash Screen org.jinlover.youtubepipsubtitle}, from=com.android.server.wm.InsetsStateController.onControlTargetChanged:363 com.android.server.wm.InsetsStateController.onBarControlTargetChanged:329 com.android.server.wm.InsetsPolicy.updateBarControlTarget:173 com.android.server.wm.InsetsPolicy.updateSystemBars:843 com.android.server.wm.DisplayPolicy.updateSystemBarsLw:3484 
02-23 14:21:49.035  2553  3133 D InsetsSourceProvider: updateControlForTarget: control=InsetsSourceControl: {80cc0001 mType=navigationBars initiallyVisible mSurfacePosition=Point(0, 2214) mInsetsHint=Insets{left=0, top=0, right=0, bottom=126}}, target=Window{14a5caa u0 Splash Screen org.jinlover.youtubepipsubtitle}, from=com.android.server.wm.InsetsStateController.onControlTargetChanged:363 com.android.server.wm.InsetsStateController.onBarControlTargetChanged:332 com.android.server.wm.InsetsPolicy.updateBarControlTarget:173 com.android.server.wm.InsetsPolicy.updateSystemBars:843 com.android.server.wm.DisplayPolicy.updateSystemBarsLw:3484 
02-23 14:21:49.036  2553  3133 D WindowManager: updateSystemBarAttributes: displayId=0, win=Window{14a5caa u0 Splash Screen org.jinlover.youtubepipsubtitle}, navColorWin=Window{14a5caa u0 Splash Screen org.jinlover.youtubepipsubtitle}, focusedCanBeNavColorWin=false, behavior=1, appearance=0, statusBarAppearanceRegions=[AppearanceRegion{ bounds=[0,0][1080,2340]}], requestedVisibilities=-9, from=com.android.server.wm.DisplayPolicy.finishPostLayoutPolicyLw:2339 com.android.server.wm.DisplayContent.applySurfaceChangesTransaction:6181 com.android.server.wm.RootWindowContainer.applySurfaceChangesTransaction:1183 
02-23 14:21:49.036  1742  2106 I SurfaceFlinger: id=57305 createSurf, flag=84000, 4ff35dd ActivityRecordInputSink org.jinlover.youtubepipsubtitle/org.kivy.android.PythonActivity#57305
02-23 14:21:49.039  4492  4492 I AppIconSolution: getThemeIconWithBG called with public API, pkg = org.jinlover.youtubepipsubtitle, mode = 48
02-23 14:21:49.039  3966  4094 I InsetsSourceConsumer: applyRequestedVisibilityToControl: visible=true, type=statusBars, host=Splash Screen org.jinlover.youtubepipsubtitle
02-23 14:21:49.040  3966  4094 I InsetsSourceConsumer: applyRequestedVisibilityToControl: visible=true, type=navigationBars, host=Splash Screen org.jinlover.youtubepipsubtitle
02-23 14:21:49.041  4492  4492 I AppIconSolution: start to load, pkg=org.jinlover.youtubepipsubtitle, bg=192-192, dr=336-336, forDefault=true, density=640
02-23 14:21:49.041  4492  4492 I AppIconSolution: getIconScale, pkg=org.jinlover.youtubepipsubtitle, size=128, iconScale=IconScale[alpha=5, scale=0.72, isCrop=false]
02-23 14:21:49.043  4492  4492 I AppIconSolution: default container[Contain], pkg=org.jinlover.youtubepipsubtitle, bg=164-164, dr=128-128, isNight = true
02-23 14:21:49.044  1742  1742 I Layer   : Layer [14a5caa Splash Screen org.jinlover.youtubepipsubtitle#57298] hidden!! flag(0)
02-23 14:21:49.044  1742  1742 I Layer   : Layer [ActivityRecord{7ec8920 u0 org.jinlover.youtubepipsubtitle/org.kivy.android.PythonActivity t41958}#57297] hidden!! flag(0)
02-23 14:21:49.044  1742  1742 I Layer   : Layer [Splash Screen org.jinlover.youtubepipsubtitle$_3966#57299] hidden!! flag(0)
02-23 14:21:49.044  4492  4492 I LauncherActivityInfo: packageName: org.jinlover.youtubepipsubtitle, useThemeIcon: false, height: 164, width: 164, density: 640
02-23 14:21:49.058  2553  2802 D WindowManager: rotationForOrientation, orientationSource=ActivityRecord{7ec8920 u0 org.jinlover.youtubepipsubtitle/org.kivy.android.PythonActivity t41958}
02-23 14:21:49.060  2553  2802 D SGM:PkgDataHelper: notifyAppCreate(), pkgName: org.jinlover.youtubepipsubtitle, userId: 0, sendRet: true
02-23 14:21:49.060  2553  3640 D SGM:FgCheckThread: onLooperPrepared(), msg: MSG_APP_CREATE, pkgName: org.jinlover.youtubepipsubtitle, userId: 0
02-23 14:21:49.060  2553  2802 D SGM:FgCheckThread:   sendRunningComponentFocus(), pkgName: org.jinlover.youtubepipsubtitle, userId: 0
02-23 14:21:49.060  2553  3640 D SGM:FgCheckThread: onLooperPrepared(), msg: MSG_TASK_FOCUSED, pkgName: org.jinlover.youtubepipsubtitle, userId: 0
02-23 14:21:49.061  2553  3640 D SGM:FgCheckThread:   handleTaskFocused(), pkgName: org.jinlover.youtubepipsubtitle, userID:0
02-23 14:21:49.061  2553  3640 D SGM:FgCheckThread:   handleResume(). pkgName: org.jinlover.youtubepipsubtitle, userId: 0, isTunableApp: null
02-23 14:21:49.061  2553  2802 D InputDispatcher: Focused application(0): ActivityRecord{7ec8920 u0 org.jinlover.youtubepipsubtitle/org.kivy.android.PythonActivity t41958}
02-23 14:21:49.061  2553  3640 D SGM:FgCheckThread: notifyFocusInOut(). of pkg: org.jinlover.youtubepipsubtitle, type: 4, isTunableApp: false, userId: 0
02-23 14:21:49.061  2553  2802 D SGM:FgCheckThread:   sendRunningComponentFocus(), pkgName: org.jinlover.youtubepipsubtitle, userId: 0
02-23 14:21:49.061  2553  3640 D SGM:FgCheckThread: onLooperPrepared(), msg: MSG_TASK_FOCUSED, pkgName: org.jinlover.youtubepipsubtitle, userId: 0
02-23 14:21:49.061  2553  3640 D SGM:FgCheckThread:   handleTaskFocused(), pkgName: org.jinlover.youtubepipsubtitle, userID:0
02-23 14:21:49.062  2553  2802 D ActivityTaskManager: scheduleTopResumedActivityChanged, onTop=true, r=ActivityRecord{7ec8920 u0 org.jinlover.youtubepipsubtitle/org.kivy.android.PythonActivity t41958}, caller=com.android.server.wm.ActivityTaskSupervisor.scheduleTopResumedActivityStateIfNeeded:2904 com.android.server.wm.ActivityTaskSupervisor.updateTopResumedActivityIfNeeded:2896 com.android.server.wm.TaskFragment.setResumedActivity:580 com.android.server.wm.TaskFragment.onActivityStateChanged:904 com.android.server.wm.ActivityRecord.setState:6892 com.android.server.wm.Task.minimalResumeActivityLocked:6255 
02-23 14:21:49.062  2553  2802 D WindowManagerServiceExt: notifyOccludeChangeNotice: cn=ComponentInfo{org.jinlover.youtubepipsubtitle/org.kivy.android.PythonActivity} occludesParent=true isInSplitScreenMode=false styleFloating=false caller=com.android.server.wm.ActivityRecord.completeResumeLocked:7556 com.android.server.wm.Task.minimalResumeActivityLocked:6256 com.android.server.wm.ActivityTaskSupervisor.realStartActivityLocked:1187 com.android.server.wm.RootWindowContainer$AttachApplicationHelper.test:4369 com.android.server.wm.RootWindowContainer$AttachApplicationHelper.test:4305 
02-23 14:21:49.064  1742  1742 D SurfaceFlinger:      CLIENT | 0xb40000762dae0a80 | 0100 | RGBA_8888    |    0.0  794.0 1080.0 1874.0 |  824 1384 1007 1566 | Splash Screen org.jinlover.youtubepipsubtitle$_3966#57299
02-23 14:21:49.075  2553  3132 I GameSDK@LifeCycle: noteResumeComponent(): package name  : org.jinlover.youtubepipsubtitle
02-23 14:21:49.078  2553  4060 D SGM:GameManager: identifyForegroundApp. org.jinlover.youtubepipsubtitle, mCurrentUserId: 0, callerUserId: 0
02-23 14:21:49.078  2553  4060 D SGM:PkgDataHelper: getGamePkgData(). org.jinlover.youtubepipsubtitle
02-23 14:21:49.078  2553  3132 D SGM:GameManager: identifyGamePackage. org.jinlover.youtubepipsubtitle, mCurrentUserId: 0, callerUserId: 0, callingMethodInfo: com.samsung.android.game.SemGameManager.isGamePackage(SemGameManager.java:111)
02-23 14:21:49.079  2553  3132 D SGM:PkgDataHelper: getGamePkgData(). org.jinlover.youtubepipsubtitle
02-23 14:21:49.079  2553  3132 D SGM:SemGameManager: isGamePackage(), pkgName=org.jinlover.youtubepipsubtitle, ret=false
02-23 14:21:49.080  2553  3132 D SGM:FgCheckThread: noteResumeComponent(), received pkgName: org.jinlover.youtubepipsubtitle, userId: 0
02-23 14:21:49.080  2553  3640 D SGM:FgCheckThread: onLooperPrepared(), msg: MSG_APP_RESUME, pkgName: org.jinlover.youtubepipsubtitle, userid: 0
02-23 14:21:49.081  2553  3639 D SGM:GameManager: identifyGamePackage. org.jinlover.youtubepipsubtitle, mCurrentUserId: 0, callerUserId: 0, callingMethodInfo: com.samsung.android.game.IGameManagerService$Stub.onTransact(IGameManagerService.java:233)
02-23 14:21:49.081  2553  3639 D SGM:PkgDataHelper: getGamePkgData(). org.jinlover.youtubepipsubtitle
02-23 14:21:49.083  4492  4492 I Edge.ActivityUtils: HomePackage : com.sec.android.app.launcher, resumePackageName : org.jinlover.youtubepipsubtitle
02-23 14:21:49.087 29916 29916 W ziparchive: Unable to open '/data/app/~~zDnxTlu0teUJ4qfbzRAtlQ==/org.jinlover.youtubepipsubtitle-ecJLyw9fq0O_S1c0w4Vjow==/base.dm': No such file or directory
02-23 14:21:49.087 29916 29916 W ziparchive: Unable to open '/data/app/~~zDnxTlu0teUJ4qfbzRAtlQ==/org.jinlover.youtubepipsubtitle-ecJLyw9fq0O_S1c0w4Vjow==/base.dm': No such file or directory
02-23 14:21:49.090 29916 29916 D nativeloader: Configuring clns-4 for other apk /data/app/~~zDnxTlu0teUJ4qfbzRAtlQ==/org.jinlover.youtubepipsubtitle-ecJLyw9fq0O_S1c0w4Vjow==/base.apk. target_sdk_version=33, uses_libraries=, library_path=/data/app/~~zDnxTlu0teUJ4qfbzRAtlQ==/org.jinlover.youtubepipsubtitle-ecJLyw9fq0O_S1c0w4Vjow==/lib/arm64:/data/app/~~zDnxTlu0teUJ4qfbzRAtlQ==/org.jinlover.youtubepipsubtitle-ecJLyw9fq0O_S1c0w4Vjow==/base.apk!/lib/arm64-v8a, permitted_path=/data:/mnt/expand:/data/user/0/org.jinlover.youtubepipsubtitle
02-23 14:21:49.101 29916 29916 V GraphicsEnvironment: ANGLE GameManagerService for org.jinlover.youtubepipsubtitle: false
02-23 14:21:49.101 29916 29916 V GraphicsEnvironment: org.jinlover.youtubepipsubtitle is not listed in per-application setting
02-23 14:21:49.159 29916 29916 V PythonActivity: PythonActivity onCreate running
02-23 14:21:49.159 29916 29916 V PythonActivity: About to do super onCreate
02-23 14:21:49.159 29916 29916 V PythonActivity: Did super onCreate
02-23 14:21:49.180 29916 29945 V PythonActivity: Ready to unpack
02-23 14:21:49.181 29916 29945 V pythonutil: Unpacking private app
02-23 14:21:49.181 29916 29945 V pythonutil: Data version is 0a552b03dc34707e7313f6e0f5b25e42d2b0e9fb
02-23 14:21:49.182 29916 29916 V PythonActivity: onResume()
02-23 14:21:49.182 29916 29945 V pythonutil: Unpacking /data/app/~~zDnxTlu0teUJ4qfbzRAtlQ==/org.jinlover.youtubepipsubtitle-ecJLyw9fq0O_S1c0w4Vjow==/lib/arm64/libpybundle app
02-23 14:21:49.182 29916 29945 V pythonutil: Data version is 0a552b03dc34707e7313f6e0f5b25e42d2b0e9fb
02-23 14:21:49.205  2553  3739 D MdnieScenarioControlService:  packageName : org.jinlover.youtubepipsubtitle    className : org.kivy.android.PythonActivity
02-23 14:21:49.213  1742  1828 I SurfaceFlinger: id=57307 createSurf, flag=84004, f31646c org.jinlover.youtubepipsubtitle/org.kivy.android.PythonActivity#57307
02-23 14:21:49.216 29916 29916 I InsetsController: onStateChanged: host=org.jinlover.youtubepipsubtitle/org.kivy.android.PythonActivity, from=android.view.ViewRootImpl.setView:1797, state=InsetsState: {mDisplayFrame=Rect(0, 0 - 1080, 2340), mDisplayCutout=DisplayCutout{insets=Rect(0, 81 - 0, 0) waterfall=Insets{left=0, top=0, right=0, bottom=0} boundingRect={Bounds=[Rect(0, 0 - 0, 0), Rect(512, 0 - 568, 81), Rect(0, 0 - 0, 0), Rect(0, 0 - 0, 0)]} cutoutPathParserInfo={CutoutPathParserInfo{displayWidth=1080 displayHeight=2340 physicalDisplayWidth=1080 physicalDisplayHeight=2340 density={3.0} cutoutSpec={M 0,0 H -9.333333333333333‬ V 27 H 9.333333333333333‬ V 0 H 0 Z @dp} rotation={0} scale={1.0} physicalPixelDisplaySizeRatio={1.0}}}}, mRoundedCorners=RoundedCorners{[RoundedCorner{position=TopLeft, radius=89, center=Point(89, 89)}, RoundedCorner{position=TopRight, radius=89, center=Point(991, 89)}, RoundedCorner{position=BottomRight, radius=89, center=Point(991, 2251)}, RoundedCorner{position=BottomLeft, radius=89, center=Point(89, 2251)}]}  mRoundedCornerFrame=Rect(0, 0 - 1080, 2340), mPrivacyIndicatorBounds=PrivacyIndicatorBounds {static bounds=Rect(964, 0 - 1080, 81) rotation=0}, mDisplayShape=DisplayShape{ spec=-311912193 displayWidth=1080 displayHeight=2340 physicalPixelDisplaySizeRatio=1.0 rotation=0 offsetX=0 offsetY=0 scale=1.0}, mSources= { InsetsSource: {80cc0001 mType=navigationBars mFrame=[0,2214][1080,2340] mVisible=true mFlags=[]}, InsetsSource: {80cc0004 mType=systemGestures mFrame=[0,0][0,0] mVisible=true mFlags=[]}, InsetsSource: {80cc0005 mType=mandatorySystemGestures mFrame=[0,2214][1080,2340] mVisible=true mFlags=[]}, InsetsSource: {80cc0006 mType=tappableElement mFrame=[0,2214][1080,2340] mVisible=true mFlags=[]}, InsetsSource: {80cc0024 mType=systemGestures mFrame=[0,0][0,0] mVisible=true mFlags=[]}, InsetsSource: {fc790000 mType=statusBars mFrame=[0,0][1080,81] mVisible=true mFlags=[]}, InsetsSource: {fc790005 mType=mandatorySystemGestures mFrame=[0,0][1080,113] mVisible=true mFlags=[]}, InsetsSource: {fc790006 mType=tappableElement mFrame=[0,0][1080,81] mVisible=true mFlags=[]}, InsetsSource: {3 mType=ime mFrame=[0,0][0,0] mVisible=false mFlags=[]}, InsetsSource: {27 mType=displayCutout mFrame=[0,0][1080,81] mVisible=true mFlags=[]} }
02-23 14:21:49.217 29916 29916 I ViewRootImpl@2364581[PythonActivity]: synced displayState. AttachInfo displayState=2
02-23 14:21:49.217 29916 29916 I ViewRootImpl@2364581[PythonActivity]: setView = com.android.internal.policy.DecorView@780b8bd TM=true
02-23 14:21:49.225 29916 29916 V pythonutil: Checking pattern libsqlite3\.so against libSDL2.so
02-23 14:21:49.225 29916 29916 V pythonutil: Checking pattern libsqlite3\.so against libSDL2_ttf.so
02-23 14:21:49.225 29916 29916 V pythonutil: Checking pattern libsqlite3\.so against libSDL2_mixer.so
02-23 14:21:49.226 29916 29916 V pythonutil: Checking pattern libsqlite3\.so against libssl1.1.so
02-23 14:21:49.226 29916 29916 V pythonutil: Checking pattern libsqlite3\.so against libpybundle.so
02-23 14:21:49.226 29916 29916 V pythonutil: Checking pattern libsqlite3\.so against libmain.so
02-23 14:21:49.226 29916 29916 V pythonutil: Checking pattern libsqlite3\.so against libpython3.11.so
02-23 14:21:49.226 29916 29916 V pythonutil: Checking pattern libsqlite3\.so against libcrypto1.1.so
02-23 14:21:49.226 29916 29916 V pythonutil: Checking pattern libsqlite3\.so against libffi.so
02-23 14:21:49.226 29916 29916 V pythonutil: Checking pattern libsqlite3\.so against libsqlite3.so
02-23 14:21:49.226 29916 29916 V pythonutil: Pattern libsqlite3\.so matched file libsqlite3.so
02-23 14:21:49.226 29916 29916 V pythonutil: Checking pattern libsqlite3\.so against libSDL2_image.so
02-23 14:21:49.226 29916 29916 V pythonutil: Checking pattern libffi\.so against libSDL2.so
02-23 14:21:49.226 29916 29916 V pythonutil: Checking pattern libffi\.so against libSDL2_ttf.so
02-23 14:21:49.226 29916 29916 V pythonutil: Checking pattern libffi\.so against libSDL2_mixer.so
02-23 14:21:49.226 29916 29916 V pythonutil: Checking pattern libffi\.so against libssl1.1.so
02-23 14:21:49.226 29916 29916 V pythonutil: Checking pattern libffi\.so against libpybundle.so
02-23 14:21:49.226 29916 29916 V pythonutil: Checking pattern libffi\.so against libmain.so
02-23 14:21:49.226 29916 29916 V pythonutil: Checking pattern libffi\.so against libpython3.11.so
02-23 14:21:49.226 29916 29916 V pythonutil: Checking pattern libffi\.so against libcrypto1.1.so
02-23 14:21:49.226 29916 29916 V pythonutil: Checking pattern libffi\.so against libffi.so
02-23 14:21:49.226 29916 29916 V pythonutil: Pattern libffi\.so matched file libffi.so
02-23 14:21:49.226 29916 29916 V pythonutil: Checking pattern libffi\.so against libsqlite3.so
02-23 14:21:49.226 29916 29916 V pythonutil: Checking pattern libffi\.so against libSDL2_image.so
02-23 14:21:49.226 29916 29916 V pythonutil: Checking pattern libpng16\.so against libSDL2.so
02-23 14:21:49.226 29916 29916 V pythonutil: Checking pattern libpng16\.so against libSDL2_ttf.so
02-23 14:21:49.226 29916 29916 V pythonutil: Checking pattern libpng16\.so against libSDL2_mixer.so
02-23 14:21:49.226 29916 29916 V pythonutil: Checking pattern libpng16\.so against libssl1.1.so
02-23 14:21:49.226 29916 29916 V pythonutil: Checking pattern libpng16\.so against libpybundle.so
02-23 14:21:49.226 29916 29916 V pythonutil: Checking pattern libpng16\.so against libmain.so
02-23 14:21:49.226 29916 29916 V pythonutil: Checking pattern libpng16\.so against libpython3.11.so
02-23 14:21:49.226 29916 29916 V pythonutil: Checking pattern libpng16\.so against libcrypto1.1.so
02-23 14:21:49.226 29916 29916 V pythonutil: Checking pattern libpng16\.so against libffi.so
02-23 14:21:49.226 29916 29916 V pythonutil: Checking pattern libpng16\.so against libsqlite3.so
02-23 14:21:49.226 29916 29916 V pythonutil: Checking pattern libpng16\.so against libSDL2_image.so
02-23 14:21:49.227 29916 29916 V pythonutil: Checking pattern libssl.*\.so against libSDL2.so
02-23 14:21:49.227 29916 29916 V pythonutil: Checking pattern libssl.*\.so against libSDL2_ttf.so
02-23 14:21:49.227 29916 29916 V pythonutil: Checking pattern libssl.*\.so against libSDL2_mixer.so
02-23 14:21:49.227 29916 29916 V pythonutil: Checking pattern libssl.*\.so against libssl1.1.so
02-23 14:21:49.227 29916 29916 V pythonutil: Pattern libssl.*\.so matched file libssl1.1.so
02-23 14:21:49.227 29916 29916 V pythonutil: Checking pattern libssl.*\.so against libpybundle.so
02-23 14:21:49.227 29916 29916 V pythonutil: Checking pattern libssl.*\.so against libmain.so
02-23 14:21:49.227 29916 29916 V pythonutil: Checking pattern libssl.*\.so against libpython3.11.so
02-23 14:21:49.227 29916 29916 V pythonutil: Checking pattern libssl.*\.so against libcrypto1.1.so
02-23 14:21:49.227 29916 29916 V pythonutil: Checking pattern libssl.*\.so against libffi.so
02-23 14:21:49.227 29916 29916 V pythonutil: Checking pattern libssl.*\.so against libsqlite3.so
02-23 14:21:49.227 29916 29916 V pythonutil: Checking pattern libssl.*\.so against libSDL2_image.so
02-23 14:21:49.227 29916 29916 V pythonutil: Checking pattern libcrypto.*\.so against libSDL2.so
02-23 14:21:49.227 29916 29916 V pythonutil: Checking pattern libcrypto.*\.so against libSDL2_ttf.so
02-23 14:21:49.227 29916 29916 V pythonutil: Checking pattern libcrypto.*\.so against libSDL2_mixer.so
02-23 14:21:49.227 29916 29916 V pythonutil: Checking pattern libcrypto.*\.so against libssl1.1.so
02-23 14:21:49.227 29916 29916 V pythonutil: Checking pattern libcrypto.*\.so against libpybundle.so
02-23 14:21:49.227 29916 29916 V pythonutil: Checking pattern libcrypto.*\.so against libmain.so
02-23 14:21:49.227 29916 29916 V pythonutil: Checking pattern libcrypto.*\.so against libpython3.11.so
02-23 14:21:49.227 29916 29916 V pythonutil: Checking pattern libcrypto.*\.so against libcrypto1.1.so
02-23 14:21:49.227  1742  1742 I Layer   : Layer [f31646c org.jinlover.youtubepipsubtitle/org.kivy.android.PythonActivity#57307] hidden!! flag(0)
02-23 14:21:49.227 29916 29916 V pythonutil: Pattern libcrypto.*\.so matched file libcrypto1.1.so
02-23 14:21:49.227 29916 29916 V pythonutil: Checking pattern libcrypto.*\.so against libffi.so
02-23 14:21:49.227 29916 29916 V pythonutil: Checking pattern libcrypto.*\.so against libsqlite3.so
02-23 14:21:49.227 29916 29916 V pythonutil: Checking pattern libcrypto.*\.so against libSDL2_image.so
02-23 14:21:49.227 29916 29916 V pythonutil: Checking pattern libSDL2\.so against libSDL2.so
02-23 14:21:49.227 29916 29916 V pythonutil: Pattern libSDL2\.so matched file libSDL2.so
02-23 14:21:49.227 29916 29916 V pythonutil: Checking pattern libSDL2\.so against libSDL2_ttf.so
02-23 14:21:49.227 29916 29916 V pythonutil: Checking pattern libSDL2\.so against libSDL2_mixer.so
02-23 14:21:49.227 29916 29916 V pythonutil: Checking pattern libSDL2\.so against libssl1.1.so
02-23 14:21:49.227 29916 29916 V pythonutil: Checking pattern libSDL2\.so against libpybundle.so
02-23 14:21:49.227 29916 29916 V pythonutil: Checking pattern libSDL2\.so against libmain.so
02-23 14:21:49.227 29916 29916 V pythonutil: Checking pattern libSDL2\.so against libpython3.11.so
02-23 14:21:49.227 29916 29916 V pythonutil: Checking pattern libSDL2\.so against libcrypto1.1.so
02-23 14:21:49.227 29916 29916 V pythonutil: Checking pattern libSDL2\.so against libffi.so
02-23 14:21:49.227 29916 29916 V pythonutil: Checking pattern libSDL2\.so against libsqlite3.so
02-23 14:21:49.227 29916 29916 V pythonutil: Checking pattern libSDL2\.so against libSDL2_image.so
02-23 14:21:49.228 29916 29916 V pythonutil: Checking pattern libSDL2_image\.so against libSDL2.so
02-23 14:21:49.228 29916 29916 V pythonutil: Checking pattern libSDL2_image\.so against libSDL2_ttf.so
02-23 14:21:49.228 29916 29916 V pythonutil: Checking pattern libSDL2_image\.so against libSDL2_mixer.so
02-23 14:21:49.228 29916 29916 V pythonutil: Checking pattern libSDL2_image\.so against libssl1.1.so
02-23 14:21:49.228 29916 29916 V pythonutil: Checking pattern libSDL2_image\.so against libpybundle.so
02-23 14:21:49.228 29916 29916 V pythonutil: Checking pattern libSDL2_image\.so against libmain.so
02-23 14:21:49.228 29916 29916 V pythonutil: Checking pattern libSDL2_image\.so against libpython3.11.so
02-23 14:21:49.228 29916 29916 V pythonutil: Checking pattern libSDL2_image\.so against libcrypto1.1.so
02-23 14:21:49.228 29916 29916 V pythonutil: Checking pattern libSDL2_image\.so against libffi.so
02-23 14:21:49.228 29916 29916 V pythonutil: Checking pattern libSDL2_image\.so against libsqlite3.so
02-23 14:21:49.228 29916 29916 V pythonutil: Checking pattern libSDL2_image\.so against libSDL2_image.so
02-23 14:21:49.228 29916 29916 V pythonutil: Pattern libSDL2_image\.so matched file libSDL2_image.so
02-23 14:21:49.228 29916 29916 V pythonutil: Checking pattern libSDL2_mixer\.so against libSDL2.so
02-23 14:21:49.228 29916 29916 V pythonutil: Checking pattern libSDL2_mixer\.so against libSDL2_ttf.so
02-23 14:21:49.228 29916 29916 V pythonutil: Checking pattern libSDL2_mixer\.so against libSDL2_mixer.so
02-23 14:21:49.228 29916 29916 V pythonutil: Pattern libSDL2_mixer\.so matched file libSDL2_mixer.so
02-23 14:21:49.228 29916 29916 V pythonutil: Checking pattern libSDL2_mixer\.so against libssl1.1.so
02-23 14:21:49.228 29916 29916 V pythonutil: Checking pattern libSDL2_mixer\.so against libpybundle.so
02-23 14:21:49.228 29916 29916 V pythonutil: Checking pattern libSDL2_mixer\.so against libmain.so
02-23 14:21:49.228 29916 29916 V pythonutil: Checking pattern libSDL2_mixer\.so against libpython3.11.so
02-23 14:21:49.228 29916 29916 V pythonutil: Checking pattern libSDL2_mixer\.so against libcrypto1.1.so
02-23 14:21:49.228 29916 29916 V pythonutil: Checking pattern libSDL2_mixer\.so against libffi.so
02-23 14:21:49.228 29916 29916 V pythonutil: Checking pattern libSDL2_mixer\.so against libsqlite3.so
02-23 14:21:49.228 29916 29916 V pythonutil: Checking pattern libSDL2_mixer\.so against libSDL2_image.so
02-23 14:21:49.228 29916 29916 V pythonutil: Checking pattern libSDL2_ttf\.so against libSDL2.so
02-23 14:21:49.228 29916 29916 V pythonutil: Checking pattern libSDL2_ttf\.so against libSDL2_ttf.so
02-23 14:21:49.228 29916 29916 V pythonutil: Pattern libSDL2_ttf\.so matched file libSDL2_ttf.so
02-23 14:21:49.228 29916 29916 V pythonutil: Checking pattern libSDL2_ttf\.so against libSDL2_mixer.so
02-23 14:21:49.228 29916 29916 V pythonutil: Checking pattern libSDL2_ttf\.so against libssl1.1.so
02-23 14:21:49.228 29916 29916 V pythonutil: Checking pattern libSDL2_ttf\.so against libpybundle.so
02-23 14:21:49.228 29916 29916 V pythonutil: Checking pattern libSDL2_ttf\.so against libmain.so
02-23 14:21:49.228 29916 29916 V pythonutil: Checking pattern libSDL2_ttf\.so against libpython3.11.so
02-23 14:21:49.228 29916 29916 V pythonutil: Checking pattern libSDL2_ttf\.so against libcrypto1.1.so
02-23 14:21:49.228 29916 29916 V pythonutil: Checking pattern libSDL2_ttf\.so against libffi.so
02-23 14:21:49.228 29916 29916 V pythonutil: Checking pattern libSDL2_ttf\.so against libsqlite3.so
02-23 14:21:49.228 29916 29916 V pythonutil: Checking pattern libSDL2_ttf\.so against libSDL2_image.so
02-23 14:21:49.228 29916 29916 V pythonutil: Loading library: sqlite3
02-23 14:21:49.231 29916 29916 D nativeloader: Load /data/app/~~zDnxTlu0teUJ4qfbzRAtlQ==/org.jinlover.youtubepipsubtitle-ecJLyw9fq0O_S1c0w4Vjow==/lib/arm64/libsqlite3.so using ns clns-4 from class loader (caller=/data/app/~~zDnxTlu0teUJ4qfbzRAtlQ==/org.jinlover.youtubepipsubtitle-ecJLyw9fq0O_S1c0w4Vjow==/base.apk!classes5.dex): ok
02-23 14:21:49.231 29916 29916 V pythonutil: Loading library: ffi
02-23 14:21:49.231 29916 29916 D nativeloader: Load /data/app/~~zDnxTlu0teUJ4qfbzRAtlQ==/org.jinlover.youtubepipsubtitle-ecJLyw9fq0O_S1c0w4Vjow==/lib/arm64/libffi.so using ns clns-4 from class loader (caller=/data/app/~~zDnxTlu0teUJ4qfbzRAtlQ==/org.jinlover.youtubepipsubtitle-ecJLyw9fq0O_S1c0w4Vjow==/base.apk!classes5.dex): ok
02-23 14:21:49.232 29916 29916 V pythonutil: Loading library: ssl1.1
02-23 14:21:49.235 29916 29916 D nativeloader: Load /data/app/~~zDnxTlu0teUJ4qfbzRAtlQ==/org.jinlover.youtubepipsubtitle-ecJLyw9fq0O_S1c0w4Vjow==/lib/arm64/libssl1.1.so using ns clns-4 from class loader (caller=/data/app/~~zDnxTlu0teUJ4qfbzRAtlQ==/org.jinlover.youtubepipsubtitle-ecJLyw9fq0O_S1c0w4Vjow==/base.apk!classes5.dex): ok
02-23 14:21:49.235 29916 29916 V pythonutil: Loading library: crypto1.1
02-23 14:21:49.235 29916 29916 D nativeloader: Load /data/app/~~zDnxTlu0teUJ4qfbzRAtlQ==/org.jinlover.youtubepipsubtitle-ecJLyw9fq0O_S1c0w4Vjow==/lib/arm64/libcrypto1.1.so using ns clns-4 from class loader (caller=/data/app/~~zDnxTlu0teUJ4qfbzRAtlQ==/org.jinlover.youtubepipsubtitle-ecJLyw9fq0O_S1c0w4Vjow==/base.apk!classes5.dex): ok
02-23 14:21:49.235 29916 29916 V pythonutil: Loading library: SDL2
02-23 14:21:49.238 29916 29916 D nativeloader: Load /data/app/~~zDnxTlu0teUJ4qfbzRAtlQ==/org.jinlover.youtubepipsubtitle-ecJLyw9fq0O_S1c0w4Vjow==/lib/arm64/libSDL2.so using ns clns-4 from class loader (caller=/data/app/~~zDnxTlu0teUJ4qfbzRAtlQ==/org.jinlover.youtubepipsubtitle-ecJLyw9fq0O_S1c0w4Vjow==/base.apk!classes5.dex): ok
02-23 14:21:49.238 29916 29916 V pythonutil: Loading library: SDL2_image
02-23 14:21:49.239 29916 29916 D nativeloader: Load /data/app/~~zDnxTlu0teUJ4qfbzRAtlQ==/org.jinlover.youtubepipsubtitle-ecJLyw9fq0O_S1c0w4Vjow==/lib/arm64/libSDL2_image.so using ns clns-4 from class loader (caller=/data/app/~~zDnxTlu0teUJ4qfbzRAtlQ==/org.jinlover.youtubepipsubtitle-ecJLyw9fq0O_S1c0w4Vjow==/base.apk!classes5.dex): ok
02-23 14:21:49.239 29916 29916 V pythonutil: Loading library: SDL2_mixer
02-23 14:21:49.240 29916 29916 D nativeloader: Load /data/app/~~zDnxTlu0teUJ4qfbzRAtlQ==/org.jinlover.youtubepipsubtitle-ecJLyw9fq0O_S1c0w4Vjow==/lib/arm64/libSDL2_mixer.so using ns clns-4 from class loader (caller=/data/app/~~zDnxTlu0teUJ4qfbzRAtlQ==/org.jinlover.youtubepipsubtitle-ecJLyw9fq0O_S1c0w4Vjow==/base.apk!classes5.dex): ok
02-23 14:21:49.240 29916 29916 V pythonutil: Loading library: SDL2_ttf
02-23 14:21:49.245 29916 29916 D nativeloader: Load /data/app/~~zDnxTlu0teUJ4qfbzRAtlQ==/org.jinlover.youtubepipsubtitle-ecJLyw9fq0O_S1c0w4Vjow==/lib/arm64/libSDL2_ttf.so using ns clns-4 from class loader (caller=/data/app/~~zDnxTlu0teUJ4qfbzRAtlQ==/org.jinlover.youtubepipsubtitle-ecJLyw9fq0O_S1c0w4Vjow==/base.apk!classes5.dex): ok
02-23 14:21:49.245 29916 29916 V pythonutil: Loading library: python3.5m
02-23 14:21:49.248 29916 29916 D nativeloader: Load libpython3.5m.so using ns clns-4 from class loader (caller=/data/app/~~zDnxTlu0teUJ4qfbzRAtlQ==/org.jinlover.youtubepipsubtitle-ecJLyw9fq0O_S1c0w4Vjow==/base.apk!classes5.dex): dlopen failed: library "libpython3.5m.so" not found
02-23 14:21:49.248 29916 29916 V pythonutil: Library loading error: dlopen failed: library "libpython3.5m.so" not found
02-23 14:21:49.248 29916 29916 V pythonutil: Loading library: python3.6m
02-23 14:21:49.249 29916 29916 D nativeloader: Load libpython3.6m.so using ns clns-4 from class loader (caller=/data/app/~~zDnxTlu0teUJ4qfbzRAtlQ==/org.jinlover.youtubepipsubtitle-ecJLyw9fq0O_S1c0w4Vjow==/base.apk!classes5.dex): dlopen failed: library "libpython3.6m.so" not found
02-23 14:21:49.249 29916 29916 V pythonutil: Library loading error: dlopen failed: library "libpython3.6m.so" not found
02-23 14:21:49.249 29916 29916 V pythonutil: Loading library: python3.7m
